 sbv_sfun

 Timestamp is 51907720 (Mon May 13 13:16:16 2013)

 Preferred load address is 0000000180000000

 Start         Length     Name                   Class
 0001:00000000 0003b824H .text                   CODE
 0001:0003b830 00000092H .text$x                 CODE
 0002:00000000 00000478H .idata$5                DATA
 0002:00000478 00000008H .CRT$XCA                DATA
 0002:00000480 00000008H .CRT$XCZ                DATA
 0002:00000488 00000008H .CRT$XIA                DATA
 0002:00000490 00000008H .CRT$XIAA               DATA
 0002:00000498 00000008H .CRT$XIZ                DATA
 0002:000004a0 00004bccH .rdata                  DATA
 0002:00005070 00000008H .rtc$IAA                DATA
 0002:00005078 00000008H .rtc$IZZ                DATA
 0002:00005080 00000008H .rtc$TAA                DATA
 0002:00005088 00000008H .rtc$TZZ                DATA
 0002:00005090 0000406cH .xdata                  DATA
 0002:000090fc 0000008cH .idata$2                DATA
 0002:00009188 00000014H .idata$3                DATA
 0002:000091a0 00000478H .idata$4                DATA
 0002:00009618 00000a5cH .idata$6                DATA
 0002:0000a080 0000004eH .edata                  DATA
 0003:00000000 00002b68H .data                   DATA
 0003:00002b80 000026d8H .bss                    DATA
 0004:00000000 000031a4H .pdata                  DATA

  Address         Publics by Value              Rva+Base               Lib:Object

 0000:00000000       ___safe_se_handler_table   0000000000000000     <absolute>
 0000:00000000       ___safe_se_handler_count   0000000000000000     <absolute>
 0000:00000000       __ImageBase                0000000180000000     <linker-defined>
 0001:00000000       sf_c1_sbv_get_eml_resolved_functions_info 0000000180001000 f   c1_sbv.obj
 0001:00000950       sf_c1_sbv_get_check_sum    0000000180001950 f   c1_sbv.obj
 0001:000009d0       sf_c1_sbv_get_autoinheritance_info 00000001800019d0 f   c1_sbv.obj
 0001:00001450       sf_internal_get_sim_state_c1_sbv 0000000180002450 f   c1_sbv.obj
 0001:00001870       sf_internal_set_sim_state_c1_sbv 0000000180002870 f   c1_sbv.obj
 0001:00001cb0       c1_sbv_method_dispatcher   0000000180002cb0 f   c1_sbv.obj
 0001:000048c0       sf_c2_sbv_get_eml_resolved_functions_info 00000001800058c0 f   c2_sbv.obj
 0001:00005280       sf_c2_sbv_get_check_sum    0000000180006280 f   c2_sbv.obj
 0001:00005300       sf_c2_sbv_get_autoinheritance_info 0000000180006300 f   c2_sbv.obj
 0001:00005d80       sf_internal_get_sim_state_c2_sbv 0000000180006d80 f   c2_sbv.obj
 0001:000061a0       sf_internal_set_sim_state_c2_sbv 00000001800071a0 f   c2_sbv.obj
 0001:000065e0       c2_sbv_method_dispatcher   00000001800075e0 f   c2_sbv.obj
 0001:00009190       sf_process_check_sum_call  000000018000a190 f   sbv_sfun_registry.obj
 0001:000091e0       sf_process_autoinheritance_call 000000018000a1e0 f   sbv_sfun_registry.obj
 0001:00009380       sf_process_get_eml_resolved_functions_info_call 000000018000a380 f   sbv_sfun_registry.obj
 0001:00009500       sf_mex_unlock_call         000000018000a500 f   sbv_sfun_registry.obj
 0001:000095b0       sf_machine_global_initializer_called 000000018000a5b0 f   sbv_sfun_registry.obj
 0001:000095e0       sf_machine_global_method_dispatcher 000000018000a5e0 f   sbv_sfun_registry.obj
 0001:00009640       sf_machine_global_terminator 000000018000a640 f   sbv_sfun_registry.obj
 0001:00009680       sf_register_machine_exported_symbols 000000018000a680 f   sbv_sfun_registry.obj
 0001:000096a0       callCustomFcn              000000018000a6a0 f   sbv_sfun_registry.obj
 0001:000096b0       sf_machine_global_initializer 000000018000a6b0 f   sbv_sfun_registry.obj
 0001:00009720       _ssSetStateAbsTol          000000018000a720 f   sbv_sfun_registry.obj
 0001:00009800       _ssGetAbsTol               000000018000a800 f   sbv_sfun_registry.obj
 0001:00009870       _ssSetInputPortMatrixDimensions 000000018000a870 f   sbv_sfun_registry.obj
 0001:00009980       _ssSetOutputPortMatrixDimensions 000000018000a980 f   sbv_sfun_registry.obj
 0001:00009a90       _ssSetInputPortVectorDimension 000000018000aa90 f   sbv_sfun_registry.obj
 0001:00009b60       _ssSetOutputPortVectorDimension 000000018000ab60 f   sbv_sfun_registry.obj
 0001:00009c30       ssIsRunTimeParamTunable    000000018000ac30 f   sbv_sfun_registry.obj
 0001:00009ca0       ssGetSFuncBlockHandle      000000018000aca0 f   sbv_sfun_registry.obj
 0001:00009d10       _ssGetCurrentInputPortWidth 000000018000ad10 f   sbv_sfun_registry.obj
 0001:00009e30       _ssGetCurrentOutputPortWidth 000000018000ae30 f   sbv_sfun_registry.obj
 0001:00009f50       _ssGetCallSystemNumFcnCallDestinations 000000018000af50 f   sbv_sfun_registry.obj
 0001:00009fc0       ssWarning                  000000018000afc0 f   sbv_sfun_registry.obj
 0001:0000a0d0       ssGetIsZeroCrossControlDisabled 000000018000b0d0 f   sbv_sfun_registry.obj
 0001:0000a140       ssSetIsInputPortUsedForContZcSignal 000000018000b140 f   sbv_sfun_registry.obj
 0001:0000a1b0       ssSetZcSignalIsZcElementDisc 000000018000b1b0 f   sbv_sfun_registry.obj
 0001:0000a260       ssSetZcSignalName          000000018000b260 f   sbv_sfun_registry.obj
 0001:0000a2d0       ssSetZcSignalWidth         000000018000b2d0 f   sbv_sfun_registry.obj
 0001:0000a340       ssSetZcSignalZcEventType   000000018000b340 f   sbv_sfun_registry.obj
 0001:0000a3b0       ssSetZcSignalType          000000018000b3b0 f   sbv_sfun_registry.obj
 0001:0000a420       ssSetZcSignalZcTol         000000018000b420 f   sbv_sfun_registry.obj
 0001:0000a490       ssSetZcSignalNeedsEventNotification 000000018000b490 f   sbv_sfun_registry.obj
 0001:0000a500       ssCreateAndAddZcSignalInfo 000000018000b500 f   sbv_sfun_registry.obj
 0001:0000a570       ssCloneAndAddZcSignalInfo  000000018000b570 f   sbv_sfun_registry.obj
 0001:0000a5e0       ssGetNumZcSignals          000000018000b5e0 f   sbv_sfun_registry.obj
 0001:0000a650       ssGetZcSignalVector        000000018000b650 f   sbv_sfun_registry.obj
 0001:0000a6c0       ssGetZcSignalZcEvents      000000018000b6c0 f   sbv_sfun_registry.obj
 0001:0000a730       ssGetZcSignalName          000000018000b730 f   sbv_sfun_registry.obj
 0001:0000a7a0       ssGetZcSignalWidth         000000018000b7a0 f   sbv_sfun_registry.obj
 0001:0000a810       ssGetZcSignalZcEventType   000000018000b810 f   sbv_sfun_registry.obj
 0001:0000a880       ssGetZcSignalType          000000018000b880 f   sbv_sfun_registry.obj
 0001:0000a8f0       ssGetZcSignalZcTol         000000018000b8f0 f   sbv_sfun_registry.obj
 0001:0000a970       ssGetZcSignalNeedsEventNotification 000000018000b970 f   sbv_sfun_registry.obj
 0001:0000a9e0       ssGetZcSignalIsZcElementDisc 000000018000b9e0 f   sbv_sfun_registry.obj
 0001:0000aa80       ssGetIsInputPortElementContinuous 000000018000ba80 f   sbv_sfun_registry.obj
 0001:0000ab20       _ssGetInputPortSignalPtrsFcn 000000018000bb20 f   sbv_sfun_registry.obj
 0001:0000ade0       _ssGetInputPortSignalFcn   000000018000bde0 f   sbv_sfun_registry.obj
 0001:0000b000       _ssSetInputPortDirectFeedThroughFcn 000000018000c000 f   sbv_sfun_registry.obj
 0001:0000b160       _ssSetInputPortReusableFcn 000000018000c160 f   sbv_sfun_registry.obj
 0001:0000b250       _ssSetOutputPortReusableFcn 000000018000c250 f   sbv_sfun_registry.obj
 0001:0000b330       ssGetDTypeIdFromMxArray    000000018000c330 f   sbv_sfun_registry.obj
 0001:0000b450       ssWriteRTWStr              000000018000c450 f   sbv_sfun_registry.obj
 0001:0000b4b0       ssWriteRTWMxVectParam      000000018000c4b0 f   sbv_sfun_registry.obj
 0001:0000b510       ssWriteRTWMx2dMatParam     000000018000c510 f   sbv_sfun_registry.obj
 0001:0000b590       ssWriteRTWNameValuePair    000000018000c590 f   sbv_sfun_registry.obj
 0001:0000ba80       ssWriteRTWParameters       000000018000ca80 f   sbv_sfun_registry.obj
 0001:0000c080       ssWriteRTWParamSettings    000000018000d080 f   sbv_sfun_registry.obj
 0001:0000c750       ssWriteRTWWorkVect         000000018000d750 f   sbv_sfun_registry.obj
 0001:0000cc50       mexFunction                000000018000dc50 f   sbv_sfun_registry.obj
 0001:0000e910       ProcessMexSfunctionEveryCall 000000018000f910 f   sbv_sfun_registry.obj
 0001:0000ea80       sbv_initializer            000000018000fa80 f   sbv_sfun.obj
 0001:0000ea90       sbv_terminator             000000018000fa90 f   sbv_sfun.obj
 0001:0000eaa0       sf_sbv_method_dispatcher   000000018000faa0 f   sbv_sfun.obj
 0001:0000eb10       sf_sbv_process_check_sum_call 000000018000fb10 f   sbv_sfun.obj
 0001:0000ef30       sf_sbv_autoinheritance_info 000000018000ff30 f   sbv_sfun.obj
 0001:0000f0f0       sf_sbv_get_eml_resolved_functions_info 00000001800100f0 f   sbv_sfun.obj
 0001:0000f260       sbv_debug_initialize       0000000180010260 f   sbv_sfun.obj
 0001:0000f2d0       sbv_register_exported_symbols 00000001800102d0 f   sbv_sfun.obj
 0001:0000f2e0       load_sbv_optimization_info 00000001800102e0 f   sbv_sfun.obj
 0001:0000f330       unload_sbv_optimization_info 0000000180010330 f   sbv_sfun.obj
 0001:0000f450       sf_mex_mx_is_numeric       0000000180010450 f   sfc_mex:sfc_mex.obj
 0001:0000f490       strcmp_ignore_ws           0000000180010490 f   sfc_mex:sfc_mex.obj
 0001:0000f5d0       sf_mex_duplicatearraysafe  00000001800105d0 f   sfc_mex:sfc_mex.obj
 0001:0000f730       sf_set_error_debugger_context_message_fcn 0000000180010730 f   sfc_mex:sfc_mex.obj
 0001:0000f740       sf_set_debugger_matlab_error_fcn 0000000180010740 f   sfc_mex:sfc_mex.obj
 0001:0000f770       sf_set_error_prefix_string 0000000180010770 f   sfc_mex:sfc_mex.obj
 0001:0000f7a0       sf_get_error_prefix_string 00000001800107a0 f   sfc_mex:sfc_mex.obj
 0001:0000f7b0       sf_mex_enter_parallel_region 00000001800107b0 f   sfc_mex:sfc_mex.obj
 0001:0000f7c0       sf_mex_exit_parallel_region 00000001800107c0 f   sfc_mex:sfc_mex.obj
 0001:0000f7d0       sf_get_current_jmp_buf_ptr 00000001800107d0 f   sfc_mex:sfc_mex.obj
 0001:0000f7e0       sf_set_current_jmp_buf_ptr 00000001800107e0 f   sfc_mex:sfc_mex.obj
 0001:0000f7f0       sf_mex_set_halt_simulation 00000001800107f0 f   sfc_mex:sfc_mex.obj
 0001:0000f800       sf_mex_get_halt_simulation 0000000180010800 f   sfc_mex:sfc_mex.obj
 0001:0000f810       sf_mex_clear_error_message 0000000180010810 f   sfc_mex:sfc_mex.obj
 0001:0000f830       sf_mex_get_error_message_for_read 0000000180010830 f   sfc_mex:sfc_mex.obj
 0001:0000f840       sf_mex_get_error_message_buffer_length 0000000180010840 f   sfc_mex:sfc_mex.obj
 0001:0000f920       sf_mex_warning_message     0000000180010920 f   sfc_mex:sfc_mex.obj
 0001:0000f990       sf_mex_v_errbuf_createf    0000000180010990 f   sfc_mex:sfc_mex.obj
 0001:0000f9a0       sf_mex_errbuf_createf      00000001800109a0 f   sfc_mex:sfc_mex.obj
 0001:0000f9d0       sf_mex_v_errbuf_catf       00000001800109d0 f   sfc_mex:sfc_mex.obj
 0001:0000fa10       sf_mex_errbuf_catf         0000000180010a10 f   sfc_mex:sfc_mex.obj
 0001:0000fa60       sf_mex_errbuf_copy         0000000180010a60 f   sfc_mex:sfc_mex.obj
 0001:0000fa70       sf_mex_errbuf_clear        0000000180010a70 f   sfc_mex:sfc_mex.obj
 0001:0000fa80       sf_mex_errbuf_isempty      0000000180010a80 f   sfc_mex:sfc_mex.obj
 0001:0000fb90       sf_mex_set_error_status    0000000180010b90 f   sfc_mex:sfc_mex.obj
 0001:0000fbe0       sf_mex_error_direct_call   0000000180010be0 f   sfc_mex:sfc_mex.obj
 0001:0000fc00       sf_mex_error_message_no_long_jump 0000000180010c00 f   sfc_mex:sfc_mex.obj
 0001:0000fc20       sf_mex_long_jump_on_error  0000000180010c20 f   sfc_mex:sfc_mex.obj
 0001:0000fc50       sf_mex_call_matlab         0000000180010c50 f   sfc_mex:sfc_mex.obj
 0001:0000fd70       sf_mex_check_builtin       0000000180010d70 f   sfc_mex:sfc_mex.obj
 0001:0000fe10       sf_mex_check_builtin_vs    0000000180010e10 f   sfc_mex:sfc_mex.obj
 0001:0000fed0       sf_mex_check_enum          0000000180010ed0 f   sfc_mex:sfc_mex.obj
 0001:0000ff50       sf_mex_create_enum         0000000180010f50 f   sfc_mex:sfc_mex.obj
 0001:0000ffc0       sf_mex_get_enum_element    0000000180010fc0 f   sfc_mex:sfc_mex.obj
 0001:0000ffd0       sf_mex_createcellarray     0000000180010fd0 f   sfc_mex:sfc_mex.obj
 0001:0000ffe0       sf_mex_setcell             0000000180010fe0 f   sfc_mex:sfc_mex.obj
 0001:0000fff0       sf_mex_getcell             0000000180010ff0 f   sfc_mex:sfc_mex.obj
 0001:00010000       sf_mex_dup                 0000000180011000 f   sfc_mex:sfc_mex.obj
 0001:00010020       sf_mex_assign              0000000180011020 f   sfc_mex:sfc_mex.obj
 0001:000100a0       sf_mex_destroy             00000001800110a0 f   sfc_mex:sfc_mex.obj
 0001:000100d0       mx_array_has_fi_type       00000001800110d0 f   sfc_mex:sfc_mex.obj
 0001:00010100       sf_mex_convert_from_fi     0000000180011100 f   sfc_mex:sfc_mex.obj
 0001:00010230       sf_mex_convert_to_double   0000000180011230 f   sfc_mex:sfc_mex.obj
 0001:00010350       sf_mex_import_fi_vs        0000000180011350 f   sfc_mex:sfc_mex.obj
 0001:00010510       sf_matrix_matrix_index_ok  0000000180011510 f   sfc_mex:sfc_mex.obj
 0001:000105a0       sf_vector_vector_index_ok  00000001800115a0 f   sfc_mex:sfc_mex.obj
 0001:000105d0       ssGetCurrentInputPortDimensions_wrapper 00000001800115d0 f   sfc_mex:sfc_mex.obj
 0001:000105f0       ssGetCurrentOutputPortDimensions_wrapper 00000001800115f0 f   sfc_mex:sfc_mex.obj
 0001:00010610       sf_mex_emlrt_context_is_debug_mode 0000000180011610 f   sfc_mex:sfc_mex.obj
 0001:00010620       sf_mex_emlrt_context_set_debug_mode 0000000180011620 f   sfc_mex:sfc_mex.obj
 0001:00010630       sf_mex_emlrtNameCapturePostProcessR2012a 0000000180011630 f   sfc_mex:sfc_mex.obj
 0001:000106a0       sf_clear_error_manager_info 00000001800116a0 f   sfc_mex:sfc_mex.obj
 0001:00010700       sf_mex_stop_simulation_abruptly_wo_error 0000000180011700 f   sfc_mex:sfc_mex.obj
 0001:00010740       sf_mex_error_message       0000000180011740 f   sfc_mex:sfc_mex.obj
 0001:000107a0       sf_react_to_error_in_matlab_call 00000001800117a0 f   sfc_mex:sfc_mex.obj
 0001:000107d0       sf_mex_addfield            00000001800117d0 f   sfc_mex:sfc_mex.obj
 0001:00010870       sf_mex_getfield            0000000180011870 f   sfc_mex:sfc_mex.obj
 0001:00010b70       sf_mex_check_class         0000000180011b70 f   sfc_mex:sfc_mex.obj
 0001:00010c10       sf_mex_is_real             0000000180011c10 f   sfc_mex:sfc_mex.obj
 0001:00011080       sf_mex_decode_encoded_mx_struct_array 0000000180012080 f   sfc_mex:sfc_mex.obj
 0001:00011360       sf_mex_lw_bounds_check     0000000180012360 f   sfc_mex:sfc_mex.obj
 0001:00011390       sf_mex_lw_size_eq_check_1d 0000000180012390 f   sfc_mex:sfc_mex.obj
 0001:000113b0       sf_mex_lw_size_eq_check_nd 00000001800123b0 f   sfc_mex:sfc_mex.obj
 0001:00011590       sf_mex_lw_dim_size_eq_check 0000000180012590 f   sfc_mex:sfc_mex.obj
 0001:000115c0       sf_mex_lw_dim_size_geq_check 00000001800125c0 f   sfc_mex:sfc_mex.obj
 0001:000115f0       sf_mex_lw_sub_assign_size_check_nd 00000001800125f0 f   sfc_mex:sfc_mex.obj
 0001:00011820       sf_mex_lw_runtime_error_msgid 0000000180012820 f   sfc_mex:sfc_mex.obj
 0001:00011910       sf_mex_lw_matrix_matrix_index_check 0000000180012910 f   sfc_mex:sfc_mex.obj
 0001:00011930       sf_mex_lw_vector_vector_index_check 0000000180012930 f   sfc_mex:sfc_mex.obj
 0001:00011970       sf_mex_lw_for_loop_vector_check 0000000180012970 f   sfc_mex:sfc_mex.obj
 0001:00011a00       sf_mex_lw_non_negative_check 0000000180012a00 f   sfc_mex:sfc_mex.obj
 0001:00011a40       sf_mex_overflow_error      0000000180012a40 f   sfc_mex:sfc_mex.obj
 0001:00011a50       sf_mex_dividebyzero_error  0000000180012a50 f   sfc_mex:sfc_mex.obj
 0001:00011a60       sf_mex_unsafe_enum_error   0000000180012a60 f   sfc_mex:sfc_mex.obj
 0001:00011a70       sf_emlrtErrHandler         0000000180012a70 f   sfc_mex:sfc_mex.obj
 0001:00011b50       sf_mex_size_one_check      0000000180012b50 f   sfc_mex:sfc_mex.obj
 0001:00011b70       sf_mex_printf              0000000180012b70 f   sfc_mex:sfc_mex.obj
 0001:00011d40       sf_mex_check_size          0000000180012d40 f   sfc_mex:sfc_mex.obj
 0001:00012010       sf_mex_check_struct        0000000180013010 f   sfc_mex:sfc_mex.obj
 0001:00012270       sf_mex_check_struct_vs     0000000180013270 f   sfc_mex:sfc_mex.obj
 0001:00012300       sf_mex_check_fi            0000000180013300 f   sfc_mex:sfc_mex.obj
 0001:00012400       sf_mex_check_fi_vs         0000000180013400 f   sfc_mex:sfc_mex.obj
 0001:000124a0       sf_echo_expression         00000001800134a0 f   sfc_mex:sfc_mex.obj
 0001:00012500       sf_assertion_failed        0000000180013500 f   sfc_mex:sfc_mex.obj
 0001:000127e0       sf_mex_evalin              00000001800137e0 f   sfc_mex:sfc_mex.obj
 0001:00012a50       sf_mex_export              0000000180013a50 f   sfc_mex:sfc_mex.obj
 0001:00012b10       sf_mex_get_ml_var_no_error 0000000180013b10 f   sfc_mex:sfc_mex.obj
 0001:00012cb0       sf_mex_get_ml_var          0000000180013cb0 f   sfc_mex:sfc_mex.obj
 0001:00013150       ml_set_element_value_in_array 0000000180014150 f   sfc_mex:sfc_mex.obj
 0001:00014820       sf_mex_call_impl           0000000180015820 f   sfc_mex:sfc_mex.obj
 0001:00014d50       sf_mex_call_debug          0000000180015d50 f   sfc_mex:sfc_mex.obj
 0001:00014d80       sf_mex_call                0000000180015d80 f   sfc_mex:sfc_mex.obj
 0001:000153d0       sf_mex_createstruct        00000001800163d0 f   sfc_mex:sfc_mex.obj
 0001:000154c0       sf_mex_createstructarray   00000001800164c0 f   sfc_mex:sfc_mex.obj
 0001:00015540       sf_mex_get_mx_datatype_from_sf_datatype 0000000180016540 f   sfc_mex:sfc_mex.obj
 0001:00015850       sf_mex_ml_var_sub          0000000180016850 f   sfc_mex:sfc_mex.obj
 0001:00015a20       sf_mex_ml_var_subsasgn     0000000180016a20 f   sfc_mex:sfc_mex.obj
 0001:00015e10       sf_mex_sub                 0000000180016e10 f   sfc_mex:sfc_mex.obj
 0001:00016010       sf_mex_subsasgn            0000000180017010 f   sfc_mex:sfc_mex.obj
 0001:000164f0       sf_mex_create              00000001800174f0 f   sfc_mex:sfc_mex.obj
 0001:00016f40       sf_mex_import_named        0000000180017f40 f   sfc_mex:sfc_mex.obj
 0001:00016fa0       sf_mex_import              0000000180017fa0 f   sfc_mex:sfc_mex.obj
 0001:00016ff0       sf_mex_import_vs           0000000180017ff0 f   sfc_mex:sfc_mex.obj
 0001:00017100       sf_mex_lower_fixpt_mx_array 0000000180018100 f   sfc_mex:sfc_mex.obj
 0001:000173f0       sf_send_message_wrapper    00000001800183f0 f   sfc_mex:sfc_sf.obj
 0001:00017420       sf_receive_message_wrapper 0000000180018420 f   sfc_mex:sfc_sf.obj
 0001:00017460       sf_check_out_message_wrapper 0000000180018460 f   sfc_mex:sfc_sf.obj
 0001:000174a0       sf_check_in_message_wrapper 00000001800184a0 f   sfc_mex:sfc_sf.obj
 0001:000174e0       sf_no_message_wrapper      00000001800184e0 f   sfc_mex:sfc_sf.obj
 0001:00017870       sim_mode_is_rtw_gen        0000000180018870 f   sfc_mex:sfc_sf.obj
 0001:000178a0       sim_mode_is_external       00000001800188a0 f   sfc_mex:sfc_sf.obj
 0001:000178b0       sim_mode_is_modelref_sim   00000001800188b0 f   sfc_mex:sfc_sf.obj
 0001:000178d0       mdlInitializeSizes         00000001800188d0 f   sfc_mex:sfc_sf.obj
 0001:000178f0       mdlInitializeSampleTimes   00000001800188f0 f   sfc_mex:sfc_sf.obj
 0001:00017930       mdlZeroCrossings           0000000180018930 f   sfc_mex:sfc_sf.obj
 0001:00017a10       mdlDerivatives             0000000180018a10 f   sfc_mex:sfc_sf.obj
 0001:00017ac0       mdl_initialize_conditions_processing 0000000180018ac0 f   sfc_mex:sfc_sf.obj
 0001:00017af0       mdlInitializeConditions    0000000180018af0 f   sfc_mex:sfc_sf.obj
 0001:00017bb0       mdlGetSimState             0000000180018bb0 f   sfc_mex:sfc_sf.obj
 0001:00017bc0       mdlSetSimState             0000000180018bc0 f   sfc_mex:sfc_sf.obj
 0001:00017bd0       mdl_ext_mode_exec_processing 0000000180018bd0 f   sfc_mex:sfc_sf.obj
 0001:00017bf0       mdlExtModeExec             0000000180018bf0 f   sfc_mex:sfc_sf.obj
 0001:00017d80       mdlTerminate               0000000180018d80 f   sfc_mex:sfc_sf.obj
 0001:00017df0       mdlRTW                     0000000180018df0 f   sfc_mex:sfc_sf.obj
 0001:00017e20       mdlSetWorkWidths           0000000180018e20 f   sfc_mex:sfc_sf.obj
 0001:00017e30       mdlProcessParameters       0000000180018e30 f   sfc_mex:sfc_sf.obj
 0001:00017e40       mdl_start_processing       0000000180018e40 f   sfc_mex:sfc_sf.obj
 0001:00017ea0       mdlStart                   0000000180018ea0 f   sfc_mex:sfc_sf.obj
 0001:00017fb0       mdlEnable                  0000000180018fb0 f   sfc_mex:sfc_sf.obj
 0001:00018080       mdlDisable                 0000000180019080 f   sfc_mex:sfc_sf.obj
 0001:00018130       sf_get_chart_instance_ptr  0000000180019130 f   sfc_mex:sfc_sf.obj
 0001:00018150       sf_load_rtw_optimization_info 0000000180019150 f   sfc_mex:sfc_sf.obj
 0001:00018220       sf_rtw_info_uint_prop      0000000180019220 f   sfc_mex:sfc_sf.obj
 0001:00018360       sf_is_chart_inlinable      0000000180019360 f   sfc_mex:sfc_sf.obj
 0001:00018380       sf_mark_output_events_with_multiple_callers 0000000180019380 f   sfc_mex:sfc_sf.obj
 0001:00018510       sf_mark_chart_reusable_outputs 0000000180019510 f   sfc_mex:sfc_sf.obj
 0001:00018770       sf_mark_chart_expressionable_inputs 0000000180019770 f   sfc_mex:sfc_sf.obj
 0001:000189d0       sf_get_subchart_simstruct  00000001800199d0 f   sfc_mex:sfc_sf.obj
 0001:00018a20       sf_get_fixpt_data_type_id  0000000180019a20 f   sfc_mex:sfc_sf.obj
 0001:00018a60       sf_get_enum_data_type_id   0000000180019a60 f   sfc_mex:sfc_sf.obj
 0001:00018aa0       sf_get_param_data_type_id  0000000180019aa0 f   sfc_mex:sfc_sf.obj
 0001:00018ad0       sf_mex_listen_for_ctrl_c_force 0000000180019ad0 f   sfc_mex:sfc_sf.obj
 0001:00018be0       sf_mex_draw_now            0000000180019be0 f   sfc_mex:sfc_sf.obj
 0001:00018c20       sf_mex_set_debugger_sim_status_listener_fcn 0000000180019c20 f   sfc_mex:sfc_sf.obj
 0001:00018c30       sf_mex_listen_for_ctrl_c   0000000180019c30 f   sfc_mex:sfc_sf.obj
 0001:00018cc0       sf_mex_get_sfun_param      0000000180019cc0 f   sfc_mex:sfc_sf.obj
 0001:00018d10       sf_get_runtime_param_data  0000000180019d10 f   sfc_mex:sfc_sf.obj
 0001:00018d50       sf_call_output_fcn_call    0000000180019d50 f   sfc_mex:sfc_sf.obj
 0001:00018e90       sf_call_output_fcn_enable  0000000180019e90 f   sfc_mex:sfc_sf.obj
 0001:00018f20       sf_call_output_fcn_disable 0000000180019f20 f   sfc_mex:sfc_sf.obj
 0001:00018fb0       sf_clear_rtw_identifier    0000000180019fb0 f   sfc_mex:sfc_sf.obj
 0001:000197a0       sf_set_encoded_dwork_info  000000018001a7a0 f   sfc_mex:sfc_sf.obj
 0001:000197f0       sf_get_dwork_info_from_mat_file 000000018001a7f0 f   sfc_mex:sfc_sf.obj
 0001:000199b0       sf_set_rtw_dwork_info      000000018001a9b0 f   sfc_mex:sfc_sf.obj
 0001:00019b20       mdlOutputs                 000000018001ab20 f   sfc_mex:sfc_sf.obj
 0001:00019cc0       sf_debug_disp              000000018001acc0 f   sfc_debug:sfcdebug.obj
 0001:00019f20       sf_debug_data_runtime_size_mismatch_error_check 000000018001af20 f   sfc_debug:sfcdebug.obj
 0001:00019fc0       sf_debug_try_loading_machine 000000018001afc0 f   sfc_debug:sfcdebug.obj
 0001:0001a0c0       sf_debug_reset_current_state_configuration 000000018001b0c0 f   sfc_debug:sfcdebug.obj
 0001:0001a150       sf_debug_store_current_state_configuration 000000018001b150 f   sfc_debug:sfcdebug.obj
 0001:0001a1e0       sf_debug_restore_previous_state_configuration 000000018001b1e0 f   sfc_debug:sfcdebug.obj
 0001:0001a270       sf_debug_restore_previous_state_configuration2 000000018001b270 f   sfc_debug:sfcdebug.obj
 0001:0001a300       sf_debug_get_event_scope   000000018001b300 f   sfc_debug:sfcdebug.obj
 0001:0001a470       use_debugger_step_animation 000000018001b470 f   sfc_debug:sfcdebug.obj
 0001:0001a490       sf_debug_get_script_id     000000018001b490 f   sfc_debug:sfcdebug.obj
 0001:0001a520       sf_debug_set_script_translation 000000018001b520 f   sfc_debug:sfcdebug.obj
 0001:0001a6a0       sf_debug_extract_message_post_receive_info 000000018001b6a0 f   sfc_debug:sfcdebug.obj
 0001:0001a7a0       sf_debug_get_current_machine_id 000000018001b7a0 f   sfc_debug:sfcdebug.obj
 0001:0001a7c0       sf_debug_get_current_optional_integer 000000018001b7c0 f   sfc_debug:sfcdebug.obj
 0001:0001a7d0       sf_debug_get_current_machine_number 000000018001b7d0 f   sfc_debug:sfcdebug.obj
 0001:0001a7f0       sf_debug_get_current_machine_name 000000018001b7f0 f   sfc_debug:sfcdebug.obj
 0001:0001a810       sf_debug_get_current_chart_id 000000018001b810 f   sfc_debug:sfcdebug.obj
 0001:0001a860       sf_debug_get_current_chart_number 000000018001b860 f   sfc_debug:sfcdebug.obj
 0001:0001a870       sf_debug_get_current_instance_number 000000018001b870 f   sfc_debug:sfcdebug.obj
 0001:0001a880       sf_debug_get_current_is_minor_time_step 000000018001b880 f   sfc_debug:sfcdebug.obj
 0001:0001a900       sf_debug_get_current_object_type 000000018001b900 f   sfc_debug:sfcdebug.obj
 0001:0001a910       sf_debug_get_current_instance_handle 000000018001b910 f   sfc_debug:sfcdebug.obj
 0001:0001a970       sf_debug_get_current_event_type 000000018001b970 f   sfc_debug:sfcdebug.obj
 0001:0001a980       sf_debug_get_current_object_id 000000018001b980 f   sfc_debug:sfcdebug.obj
 0001:0001a9c0       sf_debug_get_current_active_event_type 000000018001b9c0 f   sfc_debug:sfcdebug.obj
 0001:0001a9d0       sf_debug_get_current_active_event_id 000000018001b9d0 f   sfc_debug:sfcdebug.obj
 0001:0001aa10       sf_debug_get_current_tag_type 000000018001ba10 f   sfc_debug:sfcdebug.obj
 0001:0001aa20       sf_debug_get_current_simulation_time 000000018001ba20 f   sfc_debug:sfcdebug.obj
 0001:0001aa30       sf_debug_get_current_coverage_percentage 000000018001ba30 f   sfc_debug:sfcdebug.obj
 0001:0001aa40       sf_debug_current_statement_context 000000018001ba40 f   sfc_debug:sfcdebug.obj
 0001:0001aad0       sf_debug_get_current_statement_info 000000018001bad0 f   sfc_debug:sfcdebug.obj
 0001:0001ac50       sf_debug_terminate_instance 000000018001bc50 f   sfc_debug:sfcdebug.obj
 0001:0001af90       sf_debug_assertion_failed  000000018001bf90 f   sfc_debug:sfcdebug.obj
 0001:0001b1f0       sf_debug_set_number_of_data_with_change_event_for_machine 000000018001c1f0 f   sfc_debug:sfcdebug.obj
 0001:0001b230       sf_debug_set_machine_event_thresholds 000000018001c230 f   sfc_debug:sfcdebug.obj
 0001:0001b250       sf_debug_set_machine_event_scope 000000018001c250 f   sfc_debug:sfcdebug.obj
 0001:0001b290       sf_debug_set_machine_data_thresholds 000000018001c290 f   sfc_debug:sfcdebug.obj
 0001:0001b2d0       sf_debug_set_machine_data_scope 000000018001c2d0 f   sfc_debug:sfcdebug.obj
 0001:0001b360       sf_debug_set_machine_data_name 000000018001c360 f   sfc_debug:sfcdebug.obj
 0001:0001b400       sf_debug_set_machine_data_size 000000018001c400 f   sfc_debug:sfcdebug.obj
 0001:0001b540       sf_debug_set_machine_data_type 000000018001c540 f   sfc_debug:sfcdebug.obj
 0001:0001b6b0       sf_debug_get_chart_data_number 000000018001c6b0 f   sfc_debug:sfcdebug.obj
 0001:0001b6d0       sf_debug_get_chart_event_number 000000018001c6d0 f   sfc_debug:sfcdebug.obj
 0001:0001b6f0       sf_debug_set_chart_state_info 000000018001c6f0 f   sfc_debug:sfcdebug.obj
 0001:0001b770       sf_debug_set_chart_decomposition 000000018001c770 f   sfc_debug:sfcdebug.obj
 0001:0001b7e0       sf_debug_set_chart_substate_count 000000018001c7e0 f   sfc_debug:sfcdebug.obj
 0001:0001b8c0       sf_debug_set_chart_substate_index 000000018001c8c0 f   sfc_debug:sfcdebug.obj
 0001:0001b930       sf_debug_set_chart_state_substate_count 000000018001c930 f   sfc_debug:sfcdebug.obj
 0001:0001ba40       sf_debug_set_chart_state_substate_index 000000018001ca40 f   sfc_debug:sfcdebug.obj
 0001:0001bac0       sf_debug_set_number_of_data_with_change_event_for_chart 000000018001cac0 f   sfc_debug:sfcdebug.obj
 0001:0001bb40       sf_debug_set_number_of_states_with_entry_event_for_chart 000000018001cb40 f   sfc_debug:sfcdebug.obj
 0001:0001bbb0       sf_debug_set_number_of_states_with_exit_event_for_chart 000000018001cbb0 f   sfc_debug:sfcdebug.obj
 0001:0001bc20       sf_debug_set_chart_disable_implicit_casting 000000018001cc20 f   sfc_debug:sfcdebug.obj
 0001:0001bc90       sf_debug_set_chart_event_thresholds 000000018001cc90 f   sfc_debug:sfcdebug.obj
 0001:0001bd00       sf_debug_set_chart_data_compiled_props 000000018001cd00 f   sfc_debug:sfcdebug.obj
 0001:0001c050       sf_debug_set_chart_data_props 000000018001d050 f   sfc_debug:sfcdebug.obj
 0001:0001c370       sf_debug_check_fi_license  000000018001d370 f   sfc_debug:sfcdebug.obj
 0001:0001c560       sf_debug_symbol_scope_push 000000018001d560 f   sfc_debug:sfcdebug.obj
 0001:0001c5a0       sf_debug_symbol_scope_push_eml 000000018001d5a0 f   sfc_debug:sfcdebug.obj
 0001:0001c5f0       sf_debug_symbol_scope_pop  000000018001d5f0 f   sfc_debug:sfcdebug.obj
 0001:0001c630       sf_debug_symbol_scope_add_importable 000000018001d630 f   sfc_debug:sfcdebug.obj
 0001:0001c6b0       sf_debug_symbol_scope_add  000000018001d6b0 f   sfc_debug:sfcdebug.obj
 0001:0001c730       sf_debug_symbol_scope_add_dyn_importable 000000018001d730 f   sfc_debug:sfcdebug.obj
 0001:0001c7f0       sf_debug_symbol_scope_add_dyn 000000018001d7f0 f   sfc_debug:sfcdebug.obj
 0001:0001c820       sf_debug_symbol_scope_add_eml_importable 000000018001d820 f   sfc_debug:sfcdebug.obj
 0001:0001c860       sf_debug_symbol_scope_add_eml 000000018001d860 f   sfc_debug:sfcdebug.obj
 0001:0001c8a0       sf_debug_symbol_scope_add_eml_dyn_importable 000000018001d8a0 f   sfc_debug:sfcdebug.obj
 0001:0001c910       sf_debug_symbol_scope_add_eml_dyn 000000018001d910 f   sfc_debug:sfcdebug.obj
 0001:0001c970       sf_debug_symbol_switch     000000018001d970 f   sfc_debug:sfcdebug.obj
 0001:0001c990       sf_debug_symbol_scope_add_verbose 000000018001d990 f   sfc_debug:sfcdebug.obj
 0001:0001ca60       sf_debug_set_machine_data_value_ptr 000000018001da60 f   sfc_debug:sfcdebug.obj
 0001:0001caa0       sf_debug_set_instance_data_value_ptr 000000018001daa0 f   sfc_debug:sfcdebug.obj
 0001:0001cb60       sf_debug_unset_instance_data_value_ptr 000000018001db60 f   sfc_debug:sfcdebug.obj
 0001:0001cc10       sf_debug_set_chart_event_scope 000000018001dc10 f   sfc_debug:sfcdebug.obj
 0001:0001cc90       sf_debug_set_chart_transition_coverage_maps 000000018001dc90 f   sfc_debug:sfcdebug.obj
 0001:0001cda0       sf_debug_set_chart_state_coverage_maps 000000018001dda0 f   sfc_debug:sfcdebug.obj
 0001:0001ce80       sf_debug_set_instance_transition_coverage_weights 000000018001de80 f   sfc_debug:sfcdebug.obj
 0001:0001cf20       sf_debug_set_instance_state_coverage_weights 000000018001df20 f   sfc_debug:sfcdebug.obj
 0001:0001d170       sf_debug_unload_machine    000000018001e170 f   sfc_debug:sfcdebug.obj
 0001:0001d1c0       sf_debug_load_machine      000000018001e1c0 f   sfc_debug:sfcdebug.obj
 0001:0001d2c0       sf_debug_set_active_instance_in_data_dictionary 000000018001e2c0 f   sfc_debug:sfcdebug.obj
 0001:0001d4a0       sf_debug_set_active_instance 000000018001e4a0 f   sfc_debug:sfcdebug.obj
 0001:0001d600       sf_debug_chart_visiblity_change 000000018001e600 f   sfc_debug:sfcdebug.obj
 0001:0001d700       sf_debug_select_chart      000000018001e700 f   sfc_debug:sfcdebug.obj
 0001:0001d870       sf_debug_set_instance_cv_ids 000000018001e870 f   sfc_debug:sfcdebug.obj
 0001:0001db80       sf_debug_select_charts     000000018001eb80 f   sfc_debug:sfcdebug.obj
 0001:0001dd10       sf_debug_initialized       000000018001ed10 f   sfc_debug:sfcdebug.obj
 0001:0001dd20       sf_debug_is_uninterruptible 000000018001ed20 f   sfc_debug:sfcdebug.obj
 0001:0001dd50       sf_debug_initialize_debugger_gui 000000018001ed50 f   sfc_debug:sfcdebug.obj
 0001:0001e140       sf_debug_resume            000000018001f140 f   sfc_debug:sfcdebug.obj
 0001:0001e160       sf_debug_go                000000018001f160 f   sfc_debug:sfcdebug.obj
 0001:0001e170       sf_debug_break             000000018001f170 f   sfc_debug:sfcdebug.obj
 0001:0001e180       sf_debug_step_over         000000018001f180 f   sfc_debug:sfcdebug.obj
 0001:0001e190       sf_debug_step_out          000000018001f190 f   sfc_debug:sfcdebug.obj
 0001:0001e1a0       sf_debug_set_disable_all_breakpoints 000000018001f1a0 f   sfc_debug:sfcdebug.obj
 0001:0001e1b0       sf_debug_disable_all_breakpoints_and_go 000000018001f1b0 f   sfc_debug:sfcdebug.obj
 0001:0001e1c0       sf_debug_break_on_chart_entry 000000018001f1c0 f   sfc_debug:sfcdebug.obj
 0001:0001e1d0       sf_debug_break_on_event_broadcast 000000018001f1d0 f   sfc_debug:sfcdebug.obj
 0001:0001e1e0       sf_debug_break_on_state_entry 000000018001f1e0 f   sfc_debug:sfcdebug.obj
 0001:0001e1f0       sf_debug_break_between_times 000000018001f1f0 f   sfc_debug:sfcdebug.obj
 0001:0001e210       sf_debug_browse_data       000000018001f210 f   sfc_debug:sfcdebug.obj
 0001:0001e230       sf_debug_watch_data        000000018001f230 f   sfc_debug:sfcdebug.obj
 0001:0001e250       sf_debug_assign_data       000000018001f250 f   sfc_debug:sfcdebug.obj
 0001:0001e270       sf_debug_whos              000000018001f270 f   sfc_debug:sfcdebug.obj
 0001:0001e290       sf_debug_get_consistency_info 000000018001f290 f   sfc_debug:sfcdebug.obj
 0001:0001e2a0       sf_debug_browse_trace      000000018001f2a0 f   sfc_debug:sfcdebug.obj
 0001:0001e2b0       sf_debug_set_breakpoints   000000018001f2b0 f   sfc_debug:sfcdebug.obj
 0001:0001e410       sf_debug_set_eml_breakpoints 000000018001f410 f   sfc_debug:sfcdebug.obj
 0001:0001e570       sf_debug_set_script_breakpoints 000000018001f570 f   sfc_debug:sfcdebug.obj
 0001:0001e5f0       sf_debug_add_script_breakpoints 000000018001f5f0 f   sfc_debug:sfcdebug.obj
 0001:0001e660       sf_debug_clear_script_breakpoints 000000018001f660 f   sfc_debug:sfcdebug.obj
 0001:0001e6d0       sf_debug_query_script_breakpoints 000000018001f6d0 f   sfc_debug:sfcdebug.obj
 0001:0001e790       sf_debug_get_eml_script_id 000000018001f790 f   sfc_debug:sfcdebug.obj
 0001:0001e7e0       sf_debug_set_watch         000000018001f7e0 f   sfc_debug:sfcdebug.obj
 0001:0001ea10       sf_debug_get_instance_handle 000000018001fa10 f   sfc_debug:sfcdebug.obj
 0001:0001eaa0       sf_debug_get_active_states 000000018001faa0 f   sfc_debug:sfcdebug.obj
 0001:0001eab0       sf_debug_get_animation     000000018001fab0 f   sfc_debug:sfcdebug.obj
 0001:0001eac0       sf_debug_set_animation     000000018001fac0 f   sfc_debug:sfcdebug.obj
 0001:0001ead0       sf_debug_animate           000000018001fad0 f   sfc_debug:sfcdebug.obj
 0001:0001eb00       sf_debug_cycle_detection_check 000000018001fb00 f   sfc_debug:sfcdebug.obj
 0001:0001eb10       sf_debug_data_range_check  000000018001fb10 f   sfc_debug:sfcdebug.obj
 0001:0001eb20       sf_debug_transition_conflict_check 000000018001fb20 f   sfc_debug:sfcdebug.obj
 0001:0001eb30       sf_debug_state_consistency_check 000000018001fb30 f   sfc_debug:sfcdebug.obj
 0001:0001eb40       sf_debug_data_range_check_enabled 000000018001fb40 f   sfc_debug:sfcdebug.obj
 0001:0001eb60       sf_debug_transition_conflict_check_enabled 000000018001fb60 f   sfc_debug:sfcdebug.obj
 0001:0001eb80       sf_debug_transition_conflict_check_begin 000000018001fb80 f   sfc_debug:sfcdebug.obj
 0001:0001eba0       sf_debug_transition_conflict_check_end 000000018001fba0 f   sfc_debug:sfcdebug.obj
 0001:0001ebc0       sf_debug_stop_debugging    000000018001fbc0 f   sfc_debug:sfcdebug.obj
 0001:0001ebf0       sf_debug_is_cycle_detected 000000018001fbf0 f   sfc_debug:sfcdebug.obj
 0001:0001ec00       sf_debug_is_array_bounds_detected 000000018001fc00 f   sfc_debug:sfcdebug.obj
 0001:0001ec10       sf_debug_get_state_vectors_data_size 000000018001fc10 f   sfc_debug:sfcdebug.obj
 0001:0001ec50       sf_debug_get_state_vectors_data 000000018001fc50 f   sfc_debug:sfcdebug.obj
 0001:0001ed50       sf_debug_set_state_vectors_data 000000018001fd50 f   sfc_debug:sfcdebug.obj
 0001:0001f010       sf_debug_get_script_index  0000000180020010 f   sfc_debug:sfcdebug.obj
 0001:0001f1a0       sf_debug_add_script        00000001800201a0 f   sfc_debug:sfcdebug.obj
 0001:0001f330       cv_eval_point              0000000180020330 f   sfc_debug:sfcdebug.obj
 0001:0001f4a0       cv_eval_testobjective      00000001800204a0 f   sfc_debug:sfcdebug.obj
 0001:0001f5c0       sf_debug_cv_init_state     00000001800205c0 f   sfc_debug:sfcdebug.obj
 0001:0001f6e0       sf_debug_cv_init_chart     00000001800206e0 f   sfc_debug:sfcdebug.obj
 0001:0001f7c0       sf_debug_cv_init_trans     00000001800207c0 f   sfc_debug:sfcdebug.obj
 0001:0001f8c0       sf_debug_cv_init_testobjectives 00000001800208c0 f   sfc_debug:sfcdebug.obj
 0001:0001faa0       cv_eml_init_script         0000000180020aa0 f   sfc_debug:sfcdebug.obj
 0001:0001fbb0       cv_eml_init_fcn            0000000180020bb0 f   sfc_debug:sfcdebug.obj
 0001:0001fc60       cv_eml_init_testobjective  0000000180020c60 f   sfc_debug:sfcdebug.obj
 0001:0001fd30       cv_eml_init_saturation     0000000180020d30 f   sfc_debug:sfcdebug.obj
 0001:0001fdf0       cv_eml_init_if             0000000180020df0 f   sfc_debug:sfcdebug.obj
 0001:0001fec0       cv_eml_init_for            0000000180020ec0 f   sfc_debug:sfcdebug.obj
 0001:0001ff80       cv_eml_init_while          0000000180020f80 f   sfc_debug:sfcdebug.obj
 0001:00020040       cv_eml_init_mcdc           0000000180021040 f   sfc_debug:sfcdebug.obj
 0001:00020150       cv_eml_init_switch         0000000180021150 f   sfc_debug:sfcdebug.obj
 0001:00020240       cv_eml_eval                0000000180021240 f   sfc_debug:sfcdebug.obj
 0001:00020320       sf_debug_bm_is_a_eml_breakpoint 0000000180021320 f   sfc_debug:sfcdebug.obj
 0001:00020470       sf_debug_temporal_threshold 0000000180021470 f   sfc_debug:sfcdebug.obj
 0001:000207d0       sf_debug_transition_conflict_error 00000001800217d0 f   sfc_debug:sfcdebug.obj
 0001:00020b50       sf_debug_state_inconsistency_error 0000000180021b50 f   sfc_debug:sfcdebug.obj
 0001:00020c70       sf_debug_check_for_state_inconsistency 0000000180021c70 f   sfc_debug:sfcdebug.obj
 0001:00020ca0       sf_debug_cycle_detecton_error 0000000180021ca0 f   sfc_debug:sfcdebug.obj
 0001:00021470       sf_debug_size_eq_check_1d  0000000180022470 f   sfc_debug:sfcdebug.obj
 0001:00021490       sf_debug_size_eq_check_nd  0000000180022490 f   sfc_debug:sfcdebug.obj
 0001:00021670       sf_debug_dim_size_eq_check 0000000180022670 f   sfc_debug:sfcdebug.obj
 0001:000216a0       sf_debug_dim_size_geq_check 00000001800226a0 f   sfc_debug:sfcdebug.obj
 0001:000216d0       sf_debug_sub_assign_size_check_nd 00000001800226d0 f   sfc_debug:sfcdebug.obj
 0001:00021910       sf_debug_matrix_matrix_index_check 0000000180022910 f   sfc_debug:sfcdebug.obj
 0001:00021940       sf_debug_vector_vector_index_check 0000000180022940 f   sfc_debug:sfcdebug.obj
 0001:00021970       sf_debug_for_loop_vector_check 0000000180022970 f   sfc_debug:sfcdebug.obj
 0001:00021a00       sf_debug_runtime_error_msgid 0000000180022a00 f   sfc_debug:sfcdebug.obj
 0001:00021a90       sf_debug_data_array_bounds_error_check 0000000180022a90 f   sfc_debug:sfcdebug.obj
 0001:00021ba0       sf_debug_eml_data_array_bounds_error_check 0000000180022ba0 f   sfc_debug:sfcdebug.obj
 0001:00022080       sf_debug_integer_check     0000000180023080 f   sfc_debug:sfcdebug.obj
 0001:00022160       sf_debug_not_nan_check     0000000180023160 f   sfc_debug:sfcdebug.obj
 0001:00022220       sf_debug_non_negative_check 0000000180023220 f   sfc_debug:sfcdebug.obj
 0001:000222e0       sf_debug_overflow_detection 00000001800232e0 f   sfc_debug:sfcdebug.obj
 0001:000229d0       sf_debug_cast_to_real32_T  00000001800239d0 f   sfc_debug:sfcdebug.obj
 0001:00022a90       sf_debug_cast_to_int8_T    0000000180023a90 f   sfc_debug:sfcdebug.obj
 0001:00022b50       sf_debug_cast_to_uint8_T   0000000180023b50 f   sfc_debug:sfcdebug.obj
 0001:00022c10       sf_debug_cast_to_int16_T   0000000180023c10 f   sfc_debug:sfcdebug.obj
 0001:00022cd0       sf_debug_cast_to_uint16_T  0000000180023cd0 f   sfc_debug:sfcdebug.obj
 0001:00022d90       sf_debug_cast_to_int32_T   0000000180023d90 f   sfc_debug:sfcdebug.obj
 0001:00022e50       sf_debug_cast_to_uint32_T  0000000180023e50 f   sfc_debug:sfcdebug.obj
 0001:00022f10       sf_debug_data_range_error  0000000180023f10 f   sfc_debug:sfcdebug.obj
 0001:00023260       sf_debug_read_before_write_check 0000000180024260 f   sfc_debug:sfcdebug.obj
 0001:000236c0       sf_debug_data_range_error_wrapper_min_max 00000001800246c0 f   sfc_debug:sfcdebug.obj
 0001:000237b0       sf_debug_data_range_error_wrapper_min 00000001800247b0 f   sfc_debug:sfcdebug.obj
 0001:00023890       sf_debug_data_range_error_wrapper_max 0000000180024890 f   sfc_debug:sfcdebug.obj
 0001:00023970       sf_debug_data_range_wrapper 0000000180024970 f   sfc_debug:sfcdebug.obj
 0001:00023a20       sf_debug_set_current_status_info 0000000180024a20 f   sfc_debug:sfcdebug.obj
 0001:00023dd0       sf_debug_register_message_post_receive_info 0000000180024dd0 f   sfc_debug:sfcdebug.obj
 0001:00024040       sf_debug_call              0000000180025040 f   sfc_debug:sfcdebug.obj
 0001:00024ca0       sf_debug_initialize_machine 0000000180025ca0 f   sfc_debug:sfcdebug.obj
 0001:00024fb0       sf_debug_initialize_chart  0000000180025fb0 f   sfc_debug:sfcdebug.obj
 0001:00025400       sf_debug_ensure_script     0000000180026400 f   sfc_debug:sfcdebug.obj
 0001:000254c0       cv_script_init_script      00000001800264c0 f   sfc_debug:sfcdebug.obj
 0001:000255b0       cv_script_init_fcn         00000001800265b0 f   sfc_debug:sfcdebug.obj
 0001:00025660       cv_script_init_testobjective 0000000180026660 f   sfc_debug:sfcdebug.obj
 0001:00025710       cv_script_init_if          0000000180026710 f   sfc_debug:sfcdebug.obj
 0001:000257c0       cv_script_init_for         00000001800267c0 f   sfc_debug:sfcdebug.obj
 0001:00025870       cv_script_init_while       0000000180026870 f   sfc_debug:sfcdebug.obj
 0001:00025920       cv_script_init_mcdc        0000000180026920 f   sfc_debug:sfcdebug.obj
 0001:00025a20       cv_script_init_switch      0000000180026a20 f   sfc_debug:sfcdebug.obj
 0001:00025b00       cv_script_eval             0000000180026b00 f   sfc_debug:sfcdebug.obj
 0001:00025be0       eml_debug_line_call        0000000180026be0 f   sfc_debug:sfcdebug.obj
 0001:00025d90       sf_debug_terminate         0000000180026d90 f   sfc_debug:sfcdebug.obj
 0001:00025f00       sf_debug_set_script_cv_ids 0000000180026f00 f   sfc_debug:sfcdebug.obj
 0001:00026030       sf_debug_api               0000000180027030 f   sfc_debug:sfc_api.obj
 0001:000276e0       sf_debug_sm_terminate      00000001800286e0 f   sfc_debug:sfdb_animation.obj
 0001:000278a0       sf_debug_reset_path_objects 00000001800288a0 f   sfc_debug:sfdb_animation.obj
 0001:00027920       sf_debug_sm_reset_object_selection_status 0000000180028920 f   sfc_debug:sfdb_animation.obj
 0001:000279c0       sf_debug_sm_reset_state_buffer 00000001800289c0 f   sfc_debug:sfdb_animation.obj
 0001:00027a90       sf_debug_sm_store_state_buffer 0000000180028a90 f   sfc_debug:sfdb_animation.obj
 0001:00027b10       sf_debug_sm_restore_state_buffer1 0000000180028b10 f   sfc_debug:sfdb_animation.obj
 0001:00027b80       sf_debug_sm_restore_state_buffer2 0000000180028b80 f   sfc_debug:sfdb_animation.obj
 0001:00027bf0       sf_debug_sm_chart_active   0000000180028bf0 f   sfc_debug:sfdb_animation.obj
 0001:00027c40       sf_debug_sm_select_active_objects 0000000180028c40 f   sfc_debug:sfdb_animation.obj
 0001:00028130       sf_debug_sm_is_chart_active 0000000180029130 f   sfc_debug:sfdb_animation.obj
 0001:00028170       sf_debug_sm_is_state_active 0000000180029170 f   sfc_debug:sfdb_animation.obj
 0001:000283b0       sf_debug_sm_get_active_states 00000001800293b0 f   sfc_debug:sfdb_animation.obj
 0001:00028970       sf_debug_sm_initialize_instance 0000000180029970 f   sfc_debug:sfdb_animation.obj
 0001:00028b90       sf_debug_sm_change_object_selection_status 0000000180029b90 f   sfc_debug:sfdb_animation.obj
 0001:00028ea0       cv_create_interface        0000000180029ea0 f   sfc_debug:cv_sfinterface.obj
 0001:00029200       cv_init_trans              000000018002a200 f   sfc_debug:cv_sfinterface.obj
 0001:00029250       cv_init_testobjective      000000018002a250 f   sfc_debug:cv_sfinterface.obj
 0001:00029290       cv_init_state              000000018002a290 f   sfc_debug:cv_sfinterface.obj
 0001:00029300       cv_init_chart              000000018002a300 f   sfc_debug:cv_sfinterface.obj
 0001:00029350       cv_dec_update_call         000000018002a350 f   sfc_debug:cv_sfinterface.obj
 0001:00029390       cv_cond_update_call        000000018002a390 f   sfc_debug:cv_sfinterface.obj
 0001:000293d0       cv_testobjective_update_call 000000018002a3d0 f   sfc_debug:cv_sfinterface.obj
 0001:00029410       cv_sigrange_update         000000018002a410 f   sfc_debug:cv_sfinterface.obj
 0001:00029450       cvsf_eml_eval              000000018002a450 f   sfc_debug:cv_sfinterface.obj
 0001:00029540       cvsf_eml_init_script       000000018002a540 f   sfc_debug:cv_sfinterface.obj
 0001:000295d0       cvsf_eml_init_fcn          000000018002a5d0 f   sfc_debug:cv_sfinterface.obj
 0001:00029630       cvsf_eml_init_testobjective 000000018002a630 f   sfc_debug:cv_sfinterface.obj
 0001:00029690       cvsf_eml_init_saturation   000000018002a690 f   sfc_debug:cv_sfinterface.obj
 0001:000296e0       cvsf_eml_init_if           000000018002a6e0 f   sfc_debug:cv_sfinterface.obj
 0001:00029740       cvsf_eml_init_for          000000018002a740 f   sfc_debug:cv_sfinterface.obj
 0001:00029790       cvsf_eml_init_while        000000018002a790 f   sfc_debug:cv_sfinterface.obj
 0001:000297e0       cvsf_eml_init_mcdc         000000018002a7e0 f   sfc_debug:cv_sfinterface.obj
 0001:00029870       cvsf_eml_init_switch       000000018002a870 f   sfc_debug:cv_sfinterface.obj
 0001:000298e0       cvsf_script_eval           000000018002a8e0 f   sfc_debug:cv_sfinterface.obj
 0001:000299d0       cvsf_script_init_script    000000018002a9d0 f   sfc_debug:cv_sfinterface.obj
 0001:00029a60       cvsf_script_init_fcn       000000018002aa60 f   sfc_debug:cv_sfinterface.obj
 0001:00029ac0       cvsf_script_init_testobjective 000000018002aac0 f   sfc_debug:cv_sfinterface.obj
 0001:00029b20       cvsf_script_init_saturation 000000018002ab20 f   sfc_debug:cv_sfinterface.obj
 0001:00029b70       cvsf_script_init_if        000000018002ab70 f   sfc_debug:cv_sfinterface.obj
 0001:00029bd0       cvsf_script_init_for       000000018002abd0 f   sfc_debug:cv_sfinterface.obj
 0001:00029c20       cvsf_script_init_while     000000018002ac20 f   sfc_debug:cv_sfinterface.obj
 0001:00029c70       cvsf_script_init_mcdc      000000018002ac70 f   sfc_debug:cv_sfinterface.obj
 0001:00029d00       cvsf_script_init_switch    000000018002ad00 f   sfc_debug:cv_sfinterface.obj
 0001:00029d70       cv_destroy_interface       000000018002ad70 f   sfc_debug:cv_sfinterface.obj
 0001:00029d90       cv_create_instance_objects 000000018002ad90 f   sfc_debug:cv_sfinterface.obj
 0001:0002a240       cv_is_enabled              000000018002b240 f   sfc_debug:cv_sfinterface.obj
 0001:0002a250       sf_debug_cv_initialize_script 000000018002b250 f   sfc_debug:cv_sfinterface.obj
 0001:0002a400       sf_debug_cv_initialize_instance 000000018002b400 f   sfc_debug:cv_sfinterface.obj
 0001:0002a7a0       sf_debug_cv_terminate_chart 000000018002b7a0 f   sfc_debug:cv_sfinterface.obj
 0001:0002a8e0       cv_call_trans_test         000000018002b8e0 f   sfc_debug:cv_sfinterface.obj
 0001:0002a8f0       cv_call_sub_cond_test      000000018002b8f0 f   sfc_debug:cv_sfinterface.obj
 0001:0002a930       sf_debug_st_initialize_machine 000000018002b930 f   sfc_debug:sfdb_data_browse.obj
 0001:0002a9f0       sf_debug_st_initialize_instance 000000018002b9f0 f   sfc_debug:sfdb_data_browse.obj
 0001:0002ac20       sf_debug_st_terminate      000000018002bc20 f   sfc_debug:sfdb_data_browse.obj
 0001:0002afc0       sf_debug_st_set_data_value_ptr_in_machine 000000018002bfc0 f   sfc_debug:sfdb_data_browse.obj
 0001:0002b050       sf_debug_st_set_data_value_ptr_in_instance 000000018002c050 f   sfc_debug:sfdb_data_browse.obj
 0001:0002b130       sf_debug_st_unset_data_value_ptr_in_machine 000000018002c130 f   sfc_debug:sfdb_data_browse.obj
 0001:0002b1a0       sf_debug_st_unset_data_value_ptr_in_instance 000000018002c1a0 f   sfc_debug:sfdb_data_browse.obj
 0001:0002b4b0       sf_debug_mx_value          000000018002c4b0 f   sfc_debug:sfdb_data_browse.obj
 0001:0002b510       sf_debug_mx_packed_vector  000000018002c510 f   sfc_debug:sfdb_data_browse.obj
 0001:0002b5f0       sf_debug_mx_uint_vector    000000018002c5f0 f   sfc_debug:sfdb_data_browse.obj
 0001:0002b6b0       sf_debug_st_get_double_value_from_void_ptr_vector 000000018002c6b0 f   sfc_debug:sfdb_data_browse.obj
 0001:0002c1a0       sf_debug_st_browse_data    000000018002d1a0 f   sfc_debug:sfdb_data_browse.obj
 0001:0002ca30       sf_debug_hm_initialize_instance 000000018002da30 f   sfc_debug:sfdb_handle_management.obj
 0001:0002cf60       sf_debug_hm_get_object_id  000000018002df60 f   sfc_debug:sfdb_handle_management.obj
 0001:0002db10       sf_debug_hm_update_chart_visibility 000000018002eb10 f   sfc_debug:sfdb_handle_management.obj
 0001:0002edf0       sf_debug_object_is_eml_function 000000018002fdf0 f   sfc_debug:sfdb_handle_management.obj
 0001:0002ee60       sf_debug_hm_initialize_ids_in_machine 000000018002fe60 f   sfc_debug:sfdb_handle_management.obj
 0001:0002efd0       sf_debug_hm_initialize_ids_in_chart 000000018002ffd0 f   sfc_debug:sfdb_handle_management.obj
 0001:0002f0d0       sf_debug_hm_initialize_chart 00000001800300d0 f   sfc_debug:sfdb_handle_management.obj
 0001:0002f870       sf_debug_hm_terminate      0000000180030870 f   sfc_debug:sfdb_handle_management.obj
 0001:0002f8d0       sf_debug_hm_initialize_machine 00000001800308d0 f   sfc_debug:sfdb_handle_management.obj
 0001:00030080       sf_debug_ss_initialize     0000000180031080 f   sfc_debug:sfdb_symbol_scope.obj
 0001:000300a0       sf_debug_ss_terminate      00000001800310a0 f   sfc_debug:sfdb_symbol_scope.obj
 0001:00030130       sf_debug_ss_push_symbol_scope 0000000180031130 f   sfc_debug:sfdb_symbol_scope.obj
 0001:00030230       sf_debug_ss_push_symbol_scope_eml 0000000180031230 f   sfc_debug:sfdb_symbol_scope.obj
 0001:00030290       sf_debug_ss_pop_symbol_scope 0000000180031290 f   sfc_debug:sfdb_symbol_scope.obj
 0001:00030340       sf_debug_ss_add_symbol     0000000180031340 f   sfc_debug:sfdb_symbol_scope.obj
 0001:000304a0       sf_debug_ss_add_symbol_eml 00000001800314a0 f   sfc_debug:sfdb_symbol_scope.obj
 0001:000311c0       sf_debug_ss_set_data_value 00000001800321c0 f   sfc_debug:sfdb_symbol_scope.obj
 0001:00031690       getInstanceNumber          0000000180032690 f   sfc_debug:sfdb_symbol_scope.obj
 0001:00031760       sf_debug_ss_watch_data     0000000180032760 f   sfc_debug:sfdb_symbol_scope.obj
 0001:00031900       sf_debug_ss_assign_data    0000000180032900 f   sfc_debug:sfdb_symbol_scope.obj
 0001:00032320       get_data_entry_name        0000000180033320 f   sfc_debug:sfdb_symbol_scope.obj
 0001:00032370       sf_debug_ss_whos           0000000180033370 f   sfc_debug:sfdb_symbol_scope.obj
 0001:00032a90       sf_debug_cc_initialize_chart 0000000180033a90 f   sfc_debug:sfdb_coverage.obj
 0001:00033480       sf_debug_cc_initialize_instance 0000000180034480 f   sfc_debug:sfdb_coverage.obj
 0001:00034290       sf_debug_cc_terminate      0000000180035290 f   sfc_debug:sfdb_coverage.obj
 0001:00034380       sf_debug_cc_set_transition_maps 0000000180035380 f   sfc_debug:sfdb_coverage.obj
 0001:000344b0       sf_debug_cc_set_state_maps 00000001800354b0 f   sfc_debug:sfdb_coverage.obj
 0001:00034590       sf_debug_cc_set_transition_weights 0000000180035590 f   sfc_debug:sfdb_coverage.obj
 0001:00034860       sf_debug_cc_set_state_weights 0000000180035860 f   sfc_debug:sfdb_coverage.obj
 0001:00034b30       sf_debug_cc_mark_transition_guard 0000000180035b30 f   sfc_debug:sfdb_coverage.obj
 0001:00034bc0       sf_debug_cc_mark_transition_trigger 0000000180035bc0 f   sfc_debug:sfdb_coverage.obj
 0001:00034c50       sf_debug_cc_mark_transition_decision 0000000180035c50 f   sfc_debug:sfdb_coverage.obj
 0001:00034cc0       sf_debug_cc_mark_transition_condition_action 0000000180035cc0 f   sfc_debug:sfdb_coverage.obj
 0001:00034d10       sf_debug_cc_mark_transition_transition_action 0000000180035d10 f   sfc_debug:sfdb_coverage.obj
 0001:00034d60       sf_debug_cc_mark_state_entry 0000000180035d60 f   sfc_debug:sfdb_coverage.obj
 0001:00034db0       sf_debug_cc_mark_state_during 0000000180035db0 f   sfc_debug:sfdb_coverage.obj
 0001:00034e00       sf_debug_cc_mark_state_exit 0000000180035e00 f   sfc_debug:sfdb_coverage.obj
 0001:00034e50       sf_debug_bm_clear_script_breakpoints 0000000180035e50 f   sfc_debug:sfdb_breakpoints.obj
 0001:00034e80       sf_debug_bm_set_script_breakpoint 0000000180035e80 f   sfc_debug:sfdb_breakpoints.obj
 0001:00034f00       sf_debug_bm_clear_single_script_breakpoint 0000000180035f00 f   sfc_debug:sfdb_breakpoints.obj
 0001:00034f80       sf_debug_bm_query_script_breakpoint 0000000180035f80 f   sfc_debug:sfdb_breakpoints.obj
 0001:00034fd0       sf_debug_bm_initialize_scripts 0000000180035fd0 f   sfc_debug:sfdb_breakpoints.obj
 0001:000356f0       sf_debug_bm_terminate      00000001800366f0 f   sfc_debug:sfdb_breakpoints.obj
 0001:000359e0       sf_debug_bm_remove_all_breakpoints_in_machine 00000001800369e0 f   sfc_debug:sfdb_breakpoints.obj
 0001:00035a50       sf_debug_bm_remove_all_breakpoints_in_chart 0000000180036a50 f   sfc_debug:sfdb_breakpoints.obj
 0001:00035ba0       sf_debug_bm_initialize_global_breakpoints 0000000180036ba0 f   sfc_debug:sfdb_breakpoints.obj
 0001:00035d20       sf_debug_bm_set_breakpoint 0000000180036d20 f   sfc_debug:sfdb_breakpoints.obj
 0001:00036320       sf_debug_bm_set_eml_breakpoint 0000000180037320 f   sfc_debug:sfdb_breakpoints.obj
 0001:000363c0       sf_debug_bm_initialize_machine_breakpoint_map 00000001800373c0 f   sfc_debug:sfdb_breakpoints.obj
 0001:000367e0       sf_debug_bm_is_a_breakpoint 00000001800377e0 f   sfc_debug:sfdb_breakpoints.obj
 0001:00036dc0       sf_debug_bm_get_all_breakpoints_in_machine 0000000180037dc0 f   sfc_debug:sfdb_breakpoints.obj
 0001:000370c0       sf_debug_bm_get_all_breakpoints_in_chart 00000001800380c0 f   sfc_debug:sfdb_breakpoints.obj
 0001:00037d80       sf_debug_bm_initialize_machine 0000000180038d80 f   sfc_debug:sfdb_breakpoints.obj
 0001:00037e50       sf_debug_bm_initialize_chart 0000000180038e50 f   sfc_debug:sfdb_breakpoints.obj
 0001:00038270       sf_debug_sc_terminate      0000000180039270 f   sfc_debug:sfdb_state_consistency.obj
 0001:000385a0       sf_debug_sc_is_chart_consistent 00000001800395a0 f   sfc_debug:sfdb_state_consistency.obj
 0001:00038850       sf_debug_sc_get_consistency_error_info 0000000180039850 f   sfc_debug:sfdb_state_consistency.obj
 0001:00038ca0       sf_debug_tm_terminate      0000000180039ca0 f   sfc_debug:sfdb_call_stack.obj
 0001:00038d60       sf_debug_tm_push_chart_instance 0000000180039d60 f   sfc_debug:sfdb_call_stack.obj
 0001:00038eb0       sf_debug_tm_pop_chart_instance 0000000180039eb0 f   sfc_debug:sfdb_call_stack.obj
 0001:00038f10       sf_debug_tm_push_trace_node 0000000180039f10 f   sfc_debug:sfdb_call_stack.obj
 0001:000390a0       sf_debug_tm_pop_trace_node 000000018003a0a0 f   sfc_debug:sfdb_call_stack.obj
 0001:00039120       sf_debug_tm_get_current_global_trace_index 000000018003a120 f   sfc_debug:sfdb_call_stack.obj
 0001:00039130       sf_debug_tm_get_current_local_trace_index 000000018003a130 f   sfc_debug:sfdb_call_stack.obj
 0001:00039160       sf_debug_tm_set_cycle_detected_flag 000000018003a160 f   sfc_debug:sfdb_call_stack.obj
 0001:000391a0       sf_debug_tm_set_cycle_started_flag 000000018003a1a0 f   sfc_debug:sfdb_call_stack.obj
 0001:000391e0       sf_debug_tm_get_chart_number_from_stack 000000018003a1e0 f   sfc_debug:sfdb_call_stack.obj
 0001:000393e0       sf_debug_tm_browse_trace   000000018003a3e0 f   sfc_debug:sfdb_call_stack.obj
 0001:00039720       sf_debug_cd_initialize_instance 000000018003a720 f   sfc_debug:sfdb_cycle_detection.obj
 0001:000399d0       sf_debug_cd_mark_processed_transition_in_instance 000000018003a9d0 f   sfc_debug:sfdb_cycle_detection.obj
 0001:00039a70       sf_debug_cd_checksum_push  000000018003aa70 f   sfc_debug:sfdb_cycle_detection.obj
 0001:00039d30       sf_debug_cd_checksum_pop   000000018003ad30 f   sfc_debug:sfdb_cycle_detection.obj
 0001:00039da0       sf_debug_cd_turn_off_cycle_detection 000000018003ada0 f   sfc_debug:sfdb_cycle_detection.obj
 0001:00039df0       sf_debug_cd_terminate      000000018003adf0 f   sfc_debug:sfdb_cycle_detection.obj
 0001:0003a030       md5_initialize_state       000000018003b030 f   sfc_debug:ckmd5.obj
 0001:0003aaa0       md5_update_state           000000018003baa0 f   sfc_debug:ckmd5.obj
 0001:0003aac0       md5_get_hash               000000018003bac0 f   sfc_debug:ckmd5.obj
 0001:0003aaf0       md5_get_hash_for_a_single_string 000000018003baf0 f   sfc_debug:ckmd5.obj
 0001:0003ab54       mxGetPr                    000000018003bb54 f   libmx:libmx.dll
 0001:0003ab5a       mxCreateDoubleScalar       000000018003bb5a f   libmx:libmx.dll
 0001:0003ab60       mxCreateDoubleMatrix_730   000000018003bb60 f   libmx:libmx.dll
 0001:0003ab66       mxSetField_730             000000018003bb66 f   libmx:libmx.dll
 0001:0003ab6c       mxCreateString             000000018003bb6c f   libmx:libmx.dll
 0001:0003ab72       mxCreateStructMatrix_730   000000018003bb72 f   libmx:libmx.dll
 0001:0003ab78       mxDestroyArray             000000018003bb78 f   libmx:libmx.dll
 0001:0003ab7e       mxDuplicateArray           000000018003bb7e f   libmx:libmx.dll
 0001:0003ab84       mxGetString_730            000000018003bb84 f   libmx:libmx.dll
 0001:0003ab8a       mxIsChar                   000000018003bb8a f   libmx:libmx.dll
 0001:0003ab90       mxGetClassID               000000018003bb90 f   libmx:libmx.dll
 0001:0003ab96       mxIsNumeric                000000018003bb96 f   libmx:libmx.dll
 0001:0003ab9c       mxIsComplex                000000018003bb9c f   libmx:libmx.dll
 0001:0003aba2       mxGetN                     000000018003bba2 f   libmx:libmx.dll
 0001:0003aba8       mxGetM                     000000018003bba8 f   libmx:libmx.dll
 0001:0003abae       mxCalloc                   000000018003bbae f   libmx:libmx.dll
 0001:0003abb4       mxGetScalar                000000018003bbb4 f   libmx:libmx.dll
 0001:0003abba       mxIsLogical                000000018003bbba f   libmx:libmx.dll
 0001:0003abc0       mxCreateDoubleMatrix_700   000000018003bbc0 f   libmx:libmx.dll
 0001:0003abc6       mxFree                     000000018003bbc6 f   libmx:libmx.dll
 0001:0003abcc       mxArrayToString            000000018003bbcc f   libmx:libmx.dll
 0001:0003abd2       mxCreateCellMatrix_700     000000018003bbd2 f   libmx:libmx.dll
 0001:0003abd8       mxSetCell_700              000000018003bbd8 f   libmx:libmx.dll
 0001:0003abde       mxGetCell_700              000000018003bbde f   libmx:libmx.dll
 0001:0003abe4       mxGetClassName             000000018003bbe4 f   libmx:libmx.dll
 0001:0003abea       mxSetField_700             000000018003bbea f   libmx:libmx.dll
 0001:0003abf0       mxAddField                 000000018003bbf0 f   libmx:libmx.dll
 0001:0003abf6       mxGetField_700             000000018003bbf6 f   libmx:libmx.dll
 0001:0003abfc       mxGetNumberOfElements      000000018003bbfc f   libmx:libmx.dll
 0001:0003ac02       mxIsStruct                 000000018003bc02 f   libmx:libmx.dll
 0001:0003ac08       mxIsA                      000000018003bc08 f   libmx:libmx.dll
 0001:0003ac0e       mxIsClass                  000000018003bc0e f   libmx:libmx.dll
 0001:0003ac14       mxGetLogicals              000000018003bc14 f   libmx:libmx.dll
 0001:0003ac1a       mxIsSparse                 000000018003bc1a f   libmx:libmx.dll
 0001:0003ac20       mxSetFieldByNumber_700     000000018003bc20 f   libmx:libmx.dll
 0001:0003ac26       mxGetFieldByNumber_700     000000018003bc26 f   libmx:libmx.dll
 0001:0003ac2c       mxGetFieldNameByNumber     000000018003bc2c f   libmx:libmx.dll
 0001:0003ac32       mxGetNumberOfFields        000000018003bc32 f   libmx:libmx.dll
 0001:0003ac38       mxCreateStructMatrix_700   000000018003bc38 f   libmx:libmx.dll
 0001:0003ac3e       mxGetFieldNumber           000000018003bc3e f   libmx:libmx.dll
 0001:0003ac44       mxIsNaN                    000000018003bc44 f   libmx:libmx.dll
 0001:0003ac4a       mxIsEmpty                  000000018003bc4a f   libmx:libmx.dll
 0001:0003ac50       mxGetData                  000000018003bc50 f   libmx:libmx.dll
 0001:0003ac56       mxGetImagData              000000018003bc56 f   libmx:libmx.dll
 0001:0003ac5c       mxArrayClassIDName         000000018003bc5c f   libmx:libmx.dll
 0001:0003ac62       mxCreateNumericMatrix_700  000000018003bc62 f   libmx:libmx.dll
 0001:0003ac68       mxCreateStructArray_700    000000018003bc68 f   libmx:libmx.dll
 0001:0003ac6e       mxCalcSingleSubscript_700  000000018003bc6e f   libmx:libmx.dll
 0001:0003ac74       mxGetDimensions_700        000000018003bc74 f   libmx:libmx.dll
 0001:0003ac7a       mxGetNumberOfDimensions_700 000000018003bc7a f   libmx:libmx.dll
 0001:0003ac80       mxCreateNumericArray_700   000000018003bc80 f   libmx:libmx.dll
 0001:0003ac86       mxGetElementSize           000000018003bc86 f   libmx:libmx.dll
 0001:0003ac8c       mxCreateStringFromNChars_700 000000018003bc8c f   libmx:libmx.dll
 0001:0003ac92       mxGetString_700            000000018003bc92 f   libmx:libmx.dll
 0001:0003ac98       mxIsLogicalScalarTrue      000000018003bc98 f   libmx:libmx.dll
 0001:0003ac9e       mxCreateLogicalScalar      000000018003bc9e f   libmx:libmx.dll
 0001:0003aca4       mexUnlock                  000000018003bca4 f   libmex:libmex.dll
 0001:0003acaa       mexIsLocked                000000018003bcaa f   libmex:libmex.dll
 0001:0003acb0       mexWarnMsgTxt              000000018003bcb0 f   libmex:libmex.dll
 0001:0003acb6       mexCallMATLAB              000000018003bcb6 f   libmex:libmex.dll
 0001:0003acbc       mexErrMsgTxt               000000018003bcbc f   libmex:libmex.dll
 0001:0003acc2       mexMakeArrayPersistent     000000018003bcc2 f   libmex:libmex.dll
 0001:0003acc8       mexSetTrapFlag             000000018003bcc8 f   libmex:libmex.dll
 0001:0003acce       mexPutVariable             000000018003bcce f   libmex:libmex.dll
 0001:0003acd4       mexGetVariable             000000018003bcd4 f   libmex:libmex.dll
 0001:0003acda       mexLock                    000000018003bcda f   libmex:libmex.dll
 0001:0003ace0       mexMakeMemoryPersistent    000000018003bce0 f   libmex:libmex.dll
 0001:0003ace6       mexFunctionName            000000018003bce6 f   libmex:libmex.dll
 0001:0003acec       ssRegisterDataTypeFxpFSlopeFixExpBias 000000018003bcec f   libfixedpoint:libfixedpoint.dll
 0001:0003acf2       utVSNprintf                000000018003bcf2 f   libut:libut.dll
 0001:0003acf8       utCPUtime                  000000018003bcf8 f   libut:libut.dll
 0001:0003acfe       utFree                     000000018003bcfe f   libut:libut.dll
 0001:0003ad04       utMalloc                   000000018003bd04 f   libut:libut.dll
 0001:0003ad0a       emlrtCreateRootTLS         000000018003bd0a f   libemlrt:libemlrt.dll
 0001:0003ad10       emlrtDestroyRootTLS        000000018003bd10 f   libemlrt:libemlrt.dll
 0001:0003ad16       emlrtCheckBuiltInR2012b    000000018003bd16 f   libemlrt:libemlrt.dll
 0001:0003ad1c       emlrtCheckVsBuiltInR2012b  000000018003bd1c f   libemlrt:libemlrt.dll
 0001:0003ad22       emlrtCheckEnumR2012b       000000018003bd22 f   libemlrt:libemlrt.dll
 0001:0003ad28       emlrtCreateEnumR2012b      000000018003bd28 f   libemlrt:libemlrt.dll
 0001:0003ad2e       emlrtGetEnumElementR2009a  000000018003bd2e f   libemlrt:libemlrt.dll
 0001:0003ad34       emlrtCreateReference       000000018003bd34 f   libemlrt:libemlrt.dll
 0001:0003ad3a       emlrtImportVsFiArrayR2009b 000000018003bd3a f   libemlrt:libemlrt.dll
 0001:0003ad40       emlrtNameCapturePostProcessR2012a 000000018003bd40 f   libemlrt:libemlrt.dll
 0001:0003ad46       emlrtExtractMessageId      000000018003bd46 f   libemlrt:libemlrt.dll
 0001:0003ad4c       emlrtTranslateMessageIDtoLCPstring 000000018003bd4c f   libemlrt:libemlrt.dll
 0001:0003ad52       emlrtForLoopVectorIsValidR2011b 000000018003bd52 f   libemlrt:libemlrt.dll
 0001:0003ad58       emlrtTranslateUTF16MessagetoLCPstring 000000018003bd58 f   libemlrt:libemlrt.dll
 0001:0003ad5e       emlrtGetEnumUnderlyingArrayR2009a 000000018003bd5e f   libemlrt:libemlrt.dll
 0001:0003ad64       emlrtIsEnumR2009a          000000018003bd64 f   libemlrt:libemlrt.dll
 0001:0003ad6c       __GSHandlerCheckCommon     000000018003bd6c f   MSVCRT:gshandler.obj
 0001:0003add0       __GSHandlerCheck           000000018003bdd0 f   MSVCRT:gshandler.obj
 0001:0003adee       strlen                     000000018003bdee f   MSVCRT:MSVCR100.dll
 0001:0003ae10       __security_check_cookie    000000018003be10 f   MSVCRT:amdsecgs.obj
 0001:0003ae30       memset                     000000018003be30 f   MSVCRT:MSVCR100.dll
 0001:0003ae36       malloc                     000000018003be36 f   MSVCRT:MSVCR100.dll
 0001:0003ae3c       free                       000000018003be3c f   MSVCRT:MSVCR100.dll
 0001:0003ae42       strcmp                     000000018003be42 f   MSVCRT:MSVCR100.dll
 0001:0003ae48       sprintf                    000000018003be48 f   MSVCRT:MSVCR100.dll
 0001:0003ae4e       strcat                     000000018003be4e f   MSVCRT:MSVCR100.dll
 0001:0003ae54       memcpy                     000000018003be54 f   MSVCRT:MSVCR100.dll
 0001:0003ae5c       NtCurrentTeb               000000018003be5c f i MSVCRT:crtdll.obj
 0001:0003aec8       _CRT_INIT                  000000018003bec8 f   MSVCRT:crtdll.obj
 0001:0003b260       _DllMainCRTStartup         000000018003c260 f   MSVCRT:crtdll.obj
 0001:0003b29e       strncpy                    000000018003c29e f   MSVCRT:MSVCR100.dll
 0001:0003b2c0       _alloca_probe              000000018003c2c0     MSVCRT:chkstk.obj
 0001:0003b2c0       __chkstk                   000000018003c2c0 f   MSVCRT:chkstk.obj
 0001:0003b30e       longjmp                    000000018003c30e f   MSVCRT:MSVCR100.dll
 0001:0003b314       strncmp                    000000018003c314 f   MSVCRT:MSVCR100.dll
 0001:0003b31a       ceil                       000000018003c31a f   MSVCRT:MSVCR100.dll
 0001:0003b320       strrchr                    000000018003c320 f   MSVCRT:MSVCR100.dll
 0001:0003b326       _setjmp                    000000018003c326 f   MSVCRT:MSVCR100.dll
 0001:0003b32c       calloc                     000000018003c32c f   MSVCRT:MSVCR100.dll
 0001:0003b332       realloc                    000000018003c332 f   MSVCRT:MSVCR100.dll
 0001:0003b338       ldexp                      000000018003c338 f   MSVCRT:MSVCR100.dll
 0001:0003b340       __report_gsfailure         000000018003c340 f   MSVCRT:gs_report.obj
 0001:0003b48c       __clean_type_info_names    000000018003c48c f   MSVCRT:tncleanup.obj
 0001:0003b498       _onexit                    000000018003c498 f   MSVCRT:atonexit.obj
 0001:0003b548       atexit                     000000018003c548 f   MSVCRT:atonexit.obj
 0001:0003b560       _RTC_Initialize            000000018003c560 f   MSVCRT:_initsect_.obj
 0001:0003b598       _RTC_Terminate             000000018003c598 f   MSVCRT:_initsect_.obj
 0001:0003b5d0       _malloc_crt                000000018003c5d0 f   MSVCRT:MSVCR100.dll
 0001:0003b5e0       _ValidateImageBase         000000018003c5e0 f   MSVCRT:pesect.obj
 0001:0003b610       _FindPESection             000000018003c610 f   MSVCRT:pesect.obj
 0001:0003b660       _IsNonwritableInCurrentImage 000000018003c660 f   MSVCRT:pesect.obj
 0001:0003b6a2       _initterm                  000000018003c6a2 f   MSVCRT:MSVCR100.dll
 0001:0003b6a8       _initterm_e                000000018003c6a8 f   MSVCRT:MSVCR100.dll
 0001:0003b6ae       _encoded_null              000000018003c6ae f   MSVCRT:MSVCR100.dll
 0001:0003b6b4       _amsg_exit                 000000018003c6b4 f   MSVCRT:MSVCR100.dll
 0001:0003b6ba       __C_specific_handler       000000018003c6ba f   MSVCRT:MSVCR100.dll
 0001:0003b6c0       __CppXcptFilter            000000018003c6c0 f   MSVCRT:MSVCR100.dll
 0001:0003b6c8       DllMain                    000000018003c6c8 f   MSVCRT:dllmain.obj
 0001:0003b6ec       __security_init_cookie     000000018003c6ec f   MSVCRT:gs_support.obj
 0001:0003b7a0       __crt_debugger_hook        000000018003c7a0 f   MSVCRT:MSVCR100.dll
 0001:0003b7a6       __clean_type_info_names_internal 000000018003c7a6 f   MSVCRT:MSVCR100.dll
 0001:0003b7ac       _unlock                    000000018003c7ac f   MSVCRT:MSVCR100.dll
 0001:0003b7b2       __dllonexit                000000018003c7b2 f   MSVCRT:MSVCR100.dll
 0001:0003b7b8       _lock                      000000018003c7b8 f   MSVCRT:MSVCR100.dll
 0001:0003b7be       EncodePointer              000000018003c7be f   kernel32:KERNEL32.dll
 0001:0003b7c4       DecodePointer              000000018003c7c4 f   kernel32:KERNEL32.dll
 0001:0003b7ca       Sleep                      000000018003c7ca f   kernel32:KERNEL32.dll
 0001:0003b7d0       TerminateProcess           000000018003c7d0 f   kernel32:KERNEL32.dll
 0001:0003b7d6       GetCurrentProcess          000000018003c7d6 f   kernel32:KERNEL32.dll
 0001:0003b7dc       UnhandledExceptionFilter   000000018003c7dc f   kernel32:KERNEL32.dll
 0001:0003b7e2       SetUnhandledExceptionFilter 000000018003c7e2 f   kernel32:KERNEL32.dll
 0001:0003b7e8       IsDebuggerPresent          000000018003c7e8 f   kernel32:KERNEL32.dll
 0001:0003b7ee       RtlVirtualUnwind           000000018003c7ee f   kernel32:KERNEL32.dll
 0001:0003b7f4       RtlLookupFunctionEntry     000000018003c7f4 f   kernel32:KERNEL32.dll
 0001:0003b7fa       RtlCaptureContext          000000018003c7fa f   kernel32:KERNEL32.dll
 0001:0003b800       DisableThreadLibraryCalls  000000018003c800 f   kernel32:KERNEL32.dll
 0001:0003b806       QueryPerformanceCounter    000000018003c806 f   kernel32:KERNEL32.dll
 0001:0003b80c       GetTickCount               000000018003c80c f   kernel32:KERNEL32.dll
 0001:0003b812       GetCurrentThreadId         000000018003c812 f   kernel32:KERNEL32.dll
 0001:0003b818       GetCurrentProcessId        000000018003c818 f   kernel32:KERNEL32.dll
 0001:0003b81e       GetSystemTimeAsFileTime    000000018003c81e f   kernel32:KERNEL32.dll
 0002:00000000       __imp_GetSystemTimeAsFileTime 000000018003d000     kernel32:KERNEL32.dll
 0002:00000008       __imp_GetCurrentProcessId  000000018003d008     kernel32:KERNEL32.dll
 0002:00000010       __imp_GetCurrentThreadId   000000018003d010     kernel32:KERNEL32.dll
 0002:00000018       __imp_GetTickCount         000000018003d018     kernel32:KERNEL32.dll
 0002:00000020       __imp_QueryPerformanceCounter 000000018003d020     kernel32:KERNEL32.dll
 0002:00000028       __imp_DisableThreadLibraryCalls 000000018003d028     kernel32:KERNEL32.dll
 0002:00000030       __imp_RtlCaptureContext    000000018003d030     kernel32:KERNEL32.dll
 0002:00000038       __imp_RtlLookupFunctionEntry 000000018003d038     kernel32:KERNEL32.dll
 0002:00000040       __imp_RtlVirtualUnwind     000000018003d040     kernel32:KERNEL32.dll
 0002:00000048       __imp_IsDebuggerPresent    000000018003d048     kernel32:KERNEL32.dll
 0002:00000050       __imp_SetUnhandledExceptionFilter 000000018003d050     kernel32:KERNEL32.dll
 0002:00000058       __imp_UnhandledExceptionFilter 000000018003d058     kernel32:KERNEL32.dll
 0002:00000060       __imp_GetCurrentProcess    000000018003d060     kernel32:KERNEL32.dll
 0002:00000068       __imp_TerminateProcess     000000018003d068     kernel32:KERNEL32.dll
 0002:00000070       __imp_Sleep                000000018003d070     kernel32:KERNEL32.dll
 0002:00000078       __imp_DecodePointer        000000018003d078     kernel32:KERNEL32.dll
 0002:00000080       __imp_EncodePointer        000000018003d080     kernel32:KERNEL32.dll
 0002:00000088       \177KERNEL32_NULL_THUNK_DATA 000000018003d088     kernel32:KERNEL32.dll
 0002:00000090       __imp__onexit              000000018003d090     MSVCRT:MSVCR100.dll
 0002:00000098       __imp__lock                000000018003d098     MSVCRT:MSVCR100.dll
 0002:000000a0       __imp___dllonexit          000000018003d0a0     MSVCRT:MSVCR100.dll
 0002:000000a8       __imp__unlock              000000018003d0a8     MSVCRT:MSVCR100.dll
 0002:000000b0       __imp___clean_type_info_names_internal 000000018003d0b0     MSVCRT:MSVCR100.dll
 0002:000000b8       __imp___crt_debugger_hook  000000018003d0b8     MSVCRT:MSVCR100.dll
 0002:000000c0       __imp___CppXcptFilter      000000018003d0c0     MSVCRT:MSVCR100.dll
 0002:000000c8       __imp___C_specific_handler 000000018003d0c8     MSVCRT:MSVCR100.dll
 0002:000000d0       __imp__amsg_exit           000000018003d0d0     MSVCRT:MSVCR100.dll
 0002:000000d8       __imp__encoded_null        000000018003d0d8     MSVCRT:MSVCR100.dll
 0002:000000e0       __imp__initterm_e          000000018003d0e0     MSVCRT:MSVCR100.dll
 0002:000000e8       __imp__initterm            000000018003d0e8     MSVCRT:MSVCR100.dll
 0002:000000f0       __imp__malloc_crt          000000018003d0f0     MSVCRT:MSVCR100.dll
 0002:000000f8       __imp_ldexp                000000018003d0f8     MSVCRT:MSVCR100.dll
 0002:00000100       __imp_realloc              000000018003d100     MSVCRT:MSVCR100.dll
 0002:00000108       __imp_calloc               000000018003d108     MSVCRT:MSVCR100.dll
 0002:00000110       __imp__setjmp              000000018003d110     MSVCRT:MSVCR100.dll
 0002:00000118       __imp_strrchr              000000018003d118     MSVCRT:MSVCR100.dll
 0002:00000120       __imp_ceil                 000000018003d120     MSVCRT:MSVCR100.dll
 0002:00000128       __imp_strncmp              000000018003d128     MSVCRT:MSVCR100.dll
 0002:00000130       __imp_longjmp              000000018003d130     MSVCRT:MSVCR100.dll
 0002:00000138       __imp_strncpy              000000018003d138     MSVCRT:MSVCR100.dll
 0002:00000140       __imp_memcpy               000000018003d140     MSVCRT:MSVCR100.dll
 0002:00000148       __imp_strcat               000000018003d148     MSVCRT:MSVCR100.dll
 0002:00000150       __imp_sprintf              000000018003d150     MSVCRT:MSVCR100.dll
 0002:00000158       __imp_strcmp               000000018003d158     MSVCRT:MSVCR100.dll
 0002:00000160       __imp_free                 000000018003d160     MSVCRT:MSVCR100.dll
 0002:00000168       __imp_malloc               000000018003d168     MSVCRT:MSVCR100.dll
 0002:00000170       __imp_memset               000000018003d170     MSVCRT:MSVCR100.dll
 0002:00000178       __imp_strlen               000000018003d178     MSVCRT:MSVCR100.dll
 0002:00000180       \177MSVCR100_NULL_THUNK_DATA 000000018003d180     MSVCRT:MSVCR100.dll
 0002:00000188       __imp_emlrtIsEnumR2009a    000000018003d188     libemlrt:libemlrt.dll
 0002:00000190       __imp_emlrtGetEnumUnderlyingArrayR2009a 000000018003d190     libemlrt:libemlrt.dll
 0002:00000198       __imp_emlrtTranslateUTF16MessagetoLCPstring 000000018003d198     libemlrt:libemlrt.dll
 0002:000001a0       __imp_emlrtForLoopVectorIsValidR2011b 000000018003d1a0     libemlrt:libemlrt.dll
 0002:000001a8       __imp_emlrtTranslateMessageIDtoLCPstring 000000018003d1a8     libemlrt:libemlrt.dll
 0002:000001b0       __imp_emlrtExtractMessageId 000000018003d1b0     libemlrt:libemlrt.dll
 0002:000001b8       __imp_emlrtNameCapturePostProcessR2012a 000000018003d1b8     libemlrt:libemlrt.dll
 0002:000001c0       __imp_emlrtImportVsFiArrayR2009b 000000018003d1c0     libemlrt:libemlrt.dll
 0002:000001c8       __imp_emlrtCreateReference 000000018003d1c8     libemlrt:libemlrt.dll
 0002:000001d0       __imp_emlrtGetEnumElementR2009a 000000018003d1d0     libemlrt:libemlrt.dll
 0002:000001d8       __imp_emlrtCreateEnumR2012b 000000018003d1d8     libemlrt:libemlrt.dll
 0002:000001e0       __imp_emlrtCheckEnumR2012b 000000018003d1e0     libemlrt:libemlrt.dll
 0002:000001e8       __imp_emlrtCheckVsBuiltInR2012b 000000018003d1e8     libemlrt:libemlrt.dll
 0002:000001f0       __imp_emlrtCheckBuiltInR2012b 000000018003d1f0     libemlrt:libemlrt.dll
 0002:000001f8       __imp_emlrtDestroyRootTLS  000000018003d1f8     libemlrt:libemlrt.dll
 0002:00000200       __imp_emlrtCreateRootTLS   000000018003d200     libemlrt:libemlrt.dll
 0002:00000208       \177libemlrt_NULL_THUNK_DATA 000000018003d208     libemlrt:libemlrt.dll
 0002:00000210       __imp_ssRegisterDataTypeFxpFSlopeFixExpBias 000000018003d210     libfixedpoint:libfixedpoint.dll
 0002:00000218       \177libfixedpoint_NULL_THUNK_DATA 000000018003d218     libfixedpoint:libfixedpoint.dll
 0002:00000220       __imp_mexFunctionName      000000018003d220     libmex:libmex.dll
 0002:00000228       __imp_mexMakeMemoryPersistent 000000018003d228     libmex:libmex.dll
 0002:00000230       __imp_mexLock              000000018003d230     libmex:libmex.dll
 0002:00000238       __imp_mexIsLocked          000000018003d238     libmex:libmex.dll
 0002:00000240       __imp_mexWarnMsgTxt        000000018003d240     libmex:libmex.dll
 0002:00000248       __imp_mexCallMATLAB        000000018003d248     libmex:libmex.dll
 0002:00000250       __imp_mexErrMsgTxt         000000018003d250     libmex:libmex.dll
 0002:00000258       __imp_mexMakeArrayPersistent 000000018003d258     libmex:libmex.dll
 0002:00000260       __imp_mexGetVariable       000000018003d260     libmex:libmex.dll
 0002:00000268       __imp_mexPutVariable       000000018003d268     libmex:libmex.dll
 0002:00000270       __imp_mexSetTrapFlag       000000018003d270     libmex:libmex.dll
 0002:00000278       __imp_mexUnlock            000000018003d278     libmex:libmex.dll
 0002:00000280       \177libmex_NULL_THUNK_DATA 000000018003d280     libmex:libmex.dll
 0002:00000288       __imp_mxSetField_730       000000018003d288     libmx:libmx.dll
 0002:00000290       __imp_mxCreateDoubleMatrix_730 000000018003d290     libmx:libmx.dll
 0002:00000298       __imp_mxCreateDoubleScalar 000000018003d298     libmx:libmx.dll
 0002:000002a0       __imp_mxCreateString       000000018003d2a0     libmx:libmx.dll
 0002:000002a8       __imp_mxCreateStructMatrix_730 000000018003d2a8     libmx:libmx.dll
 0002:000002b0       __imp_mxCreateLogicalScalar 000000018003d2b0     libmx:libmx.dll
 0002:000002b8       __imp_mxIsLogicalScalarTrue 000000018003d2b8     libmx:libmx.dll
 0002:000002c0       __imp_mxGetString_700      000000018003d2c0     libmx:libmx.dll
 0002:000002c8       __imp_mxCreateStringFromNChars_700 000000018003d2c8     libmx:libmx.dll
 0002:000002d0       __imp_mxGetElementSize     000000018003d2d0     libmx:libmx.dll
 0002:000002d8       __imp_mxCreateNumericArray_700 000000018003d2d8     libmx:libmx.dll
 0002:000002e0       __imp_mxGetNumberOfDimensions_700 000000018003d2e0     libmx:libmx.dll
 0002:000002e8       __imp_mxGetDimensions_700  000000018003d2e8     libmx:libmx.dll
 0002:000002f0       __imp_mxCalcSingleSubscript_700 000000018003d2f0     libmx:libmx.dll
 0002:000002f8       __imp_mxCreateStructArray_700 000000018003d2f8     libmx:libmx.dll
 0002:00000300       __imp_mxCreateNumericMatrix_700 000000018003d300     libmx:libmx.dll
[...]
 0001:00010ef0       sf_mex_check_fimath        0000000180011ef0 f   sfc_mex:sfc_mex.obj
 0001:00011aa0       size_mismatch_error        0000000180012aa0 f   sfc_mex:sfc_mex.obj
 0001:00012540       check_array_dimensions     0000000180013540 f   sfc_mex:sfc_mex.obj
 0001:000125b0       check_input_mxarray        00000001800135b0 f   sfc_mex:sfc_mex.obj
 0001:00012cf0       sf_numeric_value_to_double 0000000180013cf0 f   sfc_mex:sfc_mex.obj
 0001:00012d40       ml_generic_out_of_bounds_check 0000000180013d40 f   sfc_mex:sfc_mex.obj
 0001:00012f10       ml_get_element_value_from_array 0000000180013f10 f   sfc_mex:sfc_mex.obj
 0001:000132b0       _ml_generic_castability_check 00000001800142b0 f   sfc_mex:sfc_mex.obj
 0001:00014010       ml_generic_castability_check 0000000180015010 f   sfc_mex:sfc_mex.obj
 0001:000140b0       ml_check_mx_array_for_single_castability 00000001800150b0 f   sfc_mex:sfc_mex.obj
 0001:00014150       ml_check_mx_array_for_logical_castability 0000000180015150 f   sfc_mex:sfc_mex.obj
 0001:000141f0       ml_check_mx_array_for_int8_castability 00000001800151f0 f   sfc_mex:sfc_mex.obj
 0001:000142a0       ml_check_mx_array_for_uint8_castability 00000001800152a0 f   sfc_mex:sfc_mex.obj
 0001:00014300       ml_check_mx_array_for_int16_castability 0000000180015300 f   sfc_mex:sfc_mex.obj
 0001:00014360       ml_check_mx_array_for_uint16_castability 0000000180015360 f   sfc_mex:sfc_mex.obj
 0001:000143c0       ml_check_mx_array_for_int32_castability 00000001800153c0 f   sfc_mex:sfc_mex.obj
 0001:00014420       ml_check_mx_array_for_uint32_castability 0000000180015420 f   sfc_mex:sfc_mex.obj
 0001:00014480       ml_check_mx_array_for_castability 0000000180015480 f   sfc_mex:sfc_mex.obj
 0001:00014db0       set_data_value             0000000180015db0 f   sfc_mex:sfc_mex.obj
 0001:00015120       get_data_value             0000000180016120 f   sfc_mex:sfc_mex.obj
 0001:00015230       get_next_element_address   0000000180016230 f   sfc_mex:sfc_mex.obj
 0001:00015300       sf_normalize_index         0000000180016300 f   sfc_mex:sfc_mex.obj
 0001:00015690       ml_array_index_bound_check 0000000180016690 f   sfc_mex:sfc_mex.obj
 0001:000161b0       mx_value                   00000001800171b0 f   sfc_mex:sfc_mex.obj
 0001:00016200       sf_create_numeric_array    0000000180017200 f   sfc_mex:sfc_mex.obj
 0001:000162a0       sf_mex_assign_to_mx_array  00000001800172a0 f   sfc_mex:sfc_mex.obj
 0001:000165f0       assign_from_mx_array       00000001800175f0 f   sfc_mex:sfc_mex.obj
 0001:00016e20       sf_mex_import_v            0000000180017e20 f   sfc_mex:sfc_mex.obj
 0001:00017520       get_machine_and_chart_file_number 0000000180018520 f   sfc_mex:sfc_sf.obj
 0001:00017610       get_sfun_block_specialization 0000000180018610 f   sfc_mex:sfc_sf.obj
 0001:000176c0       call_sf_machine_global_method_dispatcher 00000001800186c0 f   sfc_mex:sfc_sf.obj
 0001:00017910       mdl_zeroCrossings_processing 0000000180018910 f   sfc_mex:sfc_sf.obj
 0001:000179e0       mdl_derivatives_processing 00000001800189e0 f   sfc_mex:sfc_sf.obj
 0001:00017ca0       mdl_outputs_continuous_legacy 0000000180018ca0 f   sfc_mex:sfc_sf.obj
 0001:00017d20       mdl_outputs_processing     0000000180018d20 f   sfc_mex:sfc_sf.obj
 0001:00017f90       mdl_enable_processing      0000000180018f90 f   sfc_mex:sfc_sf.obj
 0001:00018060       mdl_disable_processing     0000000180019060 f   sfc_mex:sfc_sf.obj
 0001:00018dd0       sf_call_output_fcn_enable_disable 0000000180019dd0 f   sfc_mex:sfc_sf.obj
 0001:00019050       set_dwork_information_from_mx_array 000000018001a050 f   sfc_mex:sfc_sf.obj
 0001:00019910       ptr2mxStruct               000000018001a910 f   sfc_mex:sfc_sf.obj
 0001:00019c20       SNPRINTF_WRAPPER           000000018001ac20 f   sfc_debug:sfcdebug.obj
 0001:00019c40       sf_debug_chart_instance_initialized_quick 000000018001ac40 f   sfc_debug:sfcdebug.obj
 0001:00019c50       sf_debug_chart_instance_initialized 000000018001ac50 f   sfc_debug:sfcdebug.obj
 0001:00019df0       sfrtAddSize                000000018001adf0 f   sfc_debug:sfcdebug.obj
 0001:00019eb0       sfrtGenSizeString          000000018001aeb0 f   sfc_debug:sfcdebug.obj
 0001:0001a5c0       fill_single_message_info   000000018001b5c0 f   sfc_debug:sfcdebug.obj
 0001:0001a780       sf_debug_sim_status_listener 000000018001b780 f   sfc_debug:sfcdebug.obj
 0001:0001acf0       sf_debug_form_mask_bits    000000018001bcf0 f   sfc_debug:sfcdebug.obj
 0001:0001ad30       sf_debug_form_sf_data_type_offsets 000000018001bd30 f   sfc_debug:sfcdebug.obj
 0001:0001adf0       sf_debug_free_all          000000018001bdf0 f   sfc_debug:sfcdebug.obj
 0001:0001afa0       sf_debug_append_debugger_context 000000018001bfa0 f   sfc_debug:sfcdebug.obj
 0001:0001b140       sf_debug_update_always_honor_breakpoints 000000018001c140 f   sfc_debug:sfcdebug.obj
 0001:0001b310       local_strdup               000000018001c310 f   sfc_debug:sfcdebug.obj
 0001:0001c1f0       sf_debug_em_terminate      000000018001d1f0 f   sfc_debug:sfcdebug.obj
 0001:0001c230       sf_debug_push_eml_function 000000018001d230 f   sfc_debug:sfcdebug.obj
 0001:0001c2d0       sf_debug_pop_eml_function  000000018001d2d0 f   sfc_debug:sfcdebug.obj
 0001:0001cfd0       sf_debug_get_machine_number_from_id_or_name 000000018001dfd0 f   sfc_debug:sfcdebug.obj
 0001:0001d120       sf_debug_get_chart_number_from_id 000000018001e120 f   sfc_debug:sfcdebug.obj
 0001:0001dec0       sf_debug_transfer_control_to_debugger_GUI 000000018001eec0 f   sfc_debug:sfcdebug.obj
 0001:0001ee50       sf_debug_scripts_rehash    000000018001fe50 f   sfc_debug:sfcdebug.obj
 0001:0001f090       sf_debug_get_script_line_count 0000000180020090 f   sfc_debug:sfcdebug.obj
 0001:0001f9c0       cv_eml_state_cvId          00000001800209c0 f   sfc_debug:sfcdebug.obj
 0001:0001fa30       cv_eml_trans_cvId          0000000180020a30 f   sfc_debug:sfcdebug.obj
 0001:00020dc0       sf_debug_data_array_bounds_error 0000000180021dc0 f   sfc_debug:sfcdebug.obj
 0001:000211f0       eml_debug_runtime_error_doclink 00000001800221f0 f   sfc_debug:sfcdebug.obj
 0001:00021350       sf_debug_runtime_error     0000000180022350 f   sfc_debug:sfcdebug.obj
 0001:000213c0       sf_debug_matlab_error      00000001800223c0 f   sfc_debug:sfcdebug.obj
 0001:00021d00       sf_debug_data_value_error  0000000180022d00 f   sfc_debug:sfcdebug.obj
 0001:00022600       sf_debug_data_loss_error   0000000180023600 f   sfc_debug:sfcdebug.obj
 0001:00023590       call_cv_range_check        0000000180024590 f   sfc_debug:sfcdebug.obj
 0001:00023d60       sf_debug_invoke_cycle_detection_code 0000000180024d60 f   sfc_debug:sfcdebug.obj
 0001:00024be0       sf_reset_debug_info_struct 0000000180025be0 f   sfc_debug:sfcdebug.obj
 0001:00025440       cv_script_cvId             0000000180026440 f   sfc_debug:sfcdebug.obj
 0001:000261a0       sfc_api_chart_visible      00000001800271a0 f   sfc_debug:sfc_api.obj
 0001:00026220       sfc_api_active_instance    0000000180027220 f   sfc_debug:sfc_api.obj
 0001:000262a0       sfc_api_machine_load       00000001800272a0 f   sfc_debug:sfc_api.obj
 0001:00026370       sfc_api_debugger_alive     0000000180027370 f   sfc_debug:sfc_api.obj
 0001:00026380       sfc_api_go                 0000000180027380 f   sfc_debug:sfc_api.obj
 0001:00026390       sfc_api_step_over          0000000180027390 f   sfc_debug:sfc_api.obj
 0001:000263a0       sfc_api_step_out           00000001800273a0 f   sfc_debug:sfc_api.obj
 0001:000263b0       sfc_api_resume             00000001800273b0 f   sfc_debug:sfc_api.obj
 0001:000263c0       sfc_api_break              00000001800273c0 f   sfc_debug:sfc_api.obj
 0001:000263d0       sfc_api_stop_debugging     00000001800273d0 f   sfc_debug:sfc_api.obj
 0001:00026420       sfc_api_is_cycle_detected  0000000180027420 f   sfc_debug:sfc_api.obj
 0001:00026470       sfc_api_is_array_bounds_detected 0000000180027470 f   sfc_debug:sfc_api.obj
 0001:000264c0       sfc_api_set_disable_all_breakpoints 00000001800274c0 f   sfc_debug:sfc_api.obj
 0001:00026530       sfc_api_disable_all_breakpoints_and_go 0000000180027530 f   sfc_debug:sfc_api.obj
 0001:00026540       sfc_api_close              0000000180027540 f   sfc_debug:sfc_api.obj
 0001:00026550       sfc_api_browse_data        0000000180027550 f   sfc_debug:sfc_api.obj
 0001:000265c0       sfc_api_watch_data         00000001800275c0 f   sfc_debug:sfc_api.obj
 0001:000266c0       sfc_api_extract_message_post_receive_info 00000001800276c0 f   sfc_debug:sfc_api.obj
 0001:000266e0       sfc_api_assign_data        00000001800276e0 f   sfc_debug:sfc_api.obj
 0001:00026780       sfc_api_whos               0000000180027780 f   sfc_debug:sfc_api.obj
 0001:00026810       sfc_api_get_consistency_info 0000000180027810 f   sfc_debug:sfc_api.obj
 0001:00026820       sfc_api_browse_trace       0000000180027820 f   sfc_debug:sfc_api.obj
 0001:00026830       sfc_api_break_on_chart_entry 0000000180027830 f   sfc_debug:sfc_api.obj
 0001:00026850       sfc_api_break_on_event_broadcast 0000000180027850 f   sfc_debug:sfc_api.obj
 0001:00026870       sfc_api_break_on_state_entry 0000000180027870 f   sfc_debug:sfc_api.obj
 0001:00026890       sfc_api_set_watch          0000000180027890 f   sfc_debug:sfc_api.obj
 0001:00026930       sfc_api_set_breakpoints    0000000180027930 f   sfc_debug:sfc_api.obj
 0001:000269d0       sfc_api_set_eml_breakpoints 00000001800279d0 f   sfc_debug:sfc_api.obj
 0001:00026a50       sfc_api_set_script_breakpoints 0000000180027a50 f   sfc_debug:sfc_api.obj
 0001:00026aa0       sfc_api_add_script_breakpoints 0000000180027aa0 f   sfc_debug:sfc_api.obj
 0001:00026af0       sfc_api_clear_script_breakpoints 0000000180027af0 f   sfc_debug:sfc_api.obj
 0001:00026b40       sfc_api_query_script_breakpoints 0000000180027b40 f   sfc_debug:sfc_api.obj
 0001:00026ba0       sfc_api_get_script_id      0000000180027ba0 f   sfc_debug:sfc_api.obj
 0001:00026c60       sfc_api_get_active_states  0000000180027c60 f   sfc_debug:sfc_api.obj
 0001:00026ce0       sfc_api_break_between_times 0000000180027ce0 f   sfc_debug:sfc_api.obj
 0001:00026d40       sfc_api_get_instance_handle 0000000180027d40 f   sfc_debug:sfc_api.obj
 0001:00026df0       sfc_api_set_animation      0000000180027df0 f   sfc_debug:sfc_api.obj
 0001:00026e40       sfc_api_select_chart       0000000180027e40 f   sfc_debug:sfc_api.obj
 0001:00026ea0       sfc_api_select_charts      0000000180027ea0 f   sfc_debug:sfc_api.obj
 0001:00026ed0       sfc_api_cycle_detection_check 0000000180027ed0 f   sfc_debug:sfc_api.obj
 0001:00026f20       sfc_api_data_range_check   0000000180027f20 f   sfc_debug:sfc_api.obj
 0001:00026f70       sfc_api_transition_conflict_check 0000000180027f70 f   sfc_debug:sfc_api.obj
 0001:00026fc0       sfc_api_state_consistency_check 0000000180027fc0 f   sfc_debug:sfc_api.obj
 0001:00027010       sfc_api_set_instance_cv_ids 0000000180028010 f   sfc_debug:sfc_api.obj
 0001:00027120       sfc_api_set_script_cv_ids  0000000180028120 f   sfc_debug:sfc_api.obj
 0001:000271d0       sfc_api_get_current_machine_id 00000001800281d0 f   sfc_debug:sfc_api.obj
 0001:00027200       sfc_api_get_current_machine_number 0000000180028200 f   sfc_debug:sfc_api.obj
 0001:00027230       sfc_api_get_current_chart_number 0000000180028230 f   sfc_debug:sfc_api.obj
 0001:00027260       sfc_api_get_current_instance_number 0000000180028260 f   sfc_debug:sfc_api.obj
 0001:00027290       sfc_api_get_current_instance_handle 0000000180028290 f   sfc_debug:sfc_api.obj
 0001:000272b0       sfc_api_get_current_is_minor_time_step 00000001800282b0 f   sfc_debug:sfc_api.obj
 0001:000272e0       sfc_api_get_current_machine_name 00000001800282e0 f   sfc_debug:sfc_api.obj
 0001:00027300       sfc_api_get_current_chart_id 0000000180028300 f   sfc_debug:sfc_api.obj
 0001:00027330       sfc_api_get_current_object_type 0000000180028330 f   sfc_debug:sfc_api.obj
 0001:00027360       sfc_api_get_current_event_type 0000000180028360 f   sfc_debug:sfc_api.obj
 0001:00027390       sfc_api_get_current_object_id 0000000180028390 f   sfc_debug:sfc_api.obj
 0001:000273c0       sfc_get_current_active_event_type 00000001800283c0 f   sfc_debug:sfc_api.obj
 0001:000273f0       sfc_api_get_current_active_event_id 00000001800283f0 f   sfc_debug:sfc_api.obj
 0001:00027420       sfc_api_get_current_simulation_time 0000000180028420 f   sfc_debug:sfc_api.obj
 0001:00027440       sfc_get_current_tag_type   0000000180028440 f   sfc_debug:sfc_api.obj
 0001:00027470       sfc_get_current_coverage_percentage 0000000180028470 f   sfc_debug:sfc_api.obj
 0001:00027490       sfc_get_current_statement_context 0000000180028490 f   sfc_debug:sfc_api.obj
 0001:000274b0       sfc_get_current_optional_integer 00000001800284b0 f   sfc_debug:sfc_api.obj
 0001:000274e0       sfc_get_current_statement_info 00000001800284e0 f   sfc_debug:sfc_api.obj
 0001:00027580       sfc_api_get                0000000180028580 f   sfc_debug:sfc_api.obj
 0001:000281f0       sf_debug_sm_fill_state_activity_data 00000001800291f0 f   sfc_debug:sfdb_animation.obj
 0001:0002aaf0       void_ptr_stack_vector_free_total 000000018002baf0 f   sfc_debug:sfdb_data_browse.obj
 0001:0002ab80       sf_debug_st_terminate_machine 000000018002bb80 f   sfc_debug:sfdb_data_browse.obj
 0001:0002abc0       sf_debug_st_terminate_instance 000000018002bbc0 f   sfc_debug:sfdb_data_browse.obj
 0001:0002af70       push_on_to_void_ptr_stack  000000018002bf70 f   sfc_debug:sfdb_data_browse.obj
 0001:0002b100       pop_from_void_ptr_stack    000000018002c100 f   sfc_debug:sfdb_data_browse.obj
 0001:0002b230       sf_debug_st_get_data_value 000000018002c230 f   sfc_debug:sfdb_data_browse.obj
 0001:0002b7c0       mx_value                   000000018002c7c0 f   sfc_debug:sfdb_data_browse.obj
 0001:0002b800       sf_debug_st_fill_data_struct 000000018002c800 f   sfc_debug:sfdb_data_browse.obj
 0001:0002bb40       data_type_format_strings   000000018002cb40 f   sfc_debug:sfdb_data_browse.obj
 0001:0002bbf0       sf_debug_st_fill_data      000000018002cbf0 f   sfc_debug:sfdb_data_browse.obj
 0001:0002c940       sf_debug_hm_get_simulink_handle 000000018002d940 f   sfc_debug:sfdb_handle_management.obj
 0001:0002d440       sf_debug_hm_initialize_globals 000000018002e440 f   sfc_debug:sfdb_handle_management.obj
 0001:0002d540       sf_debug_hm_get_machine_debug_flag 000000018002e540 f   sfc_debug:sfdb_handle_management.obj
 0001:0002d6b0       sf_debug_hm_get_machine_id 000000018002e6b0 f   sfc_debug:sfdb_handle_management.obj
 0001:0002d7d0       sf_debug_hm_get_chart_id   000000018002e7d0 f   sfc_debug:sfdb_handle_management.obj
 0001:0002d970       sf_debug_hm_register_executing_SFunction 000000018002e970 f   sfc_debug:sfdb_handle_management.obj
 0001:0002dd00       sf_debug_hm_form_object_boolean_properties 000000018002ed00 f   sfc_debug:sfdb_handle_management.obj
 0001:0002dfd0       sf_debug_hm_form_object_properties 000000018002efd0 f   sfc_debug:sfdb_handle_management.obj
 0001:0002e210       sf_debug_hm_terminate_charts 000000018002f210 f   sfc_debug:sfdb_handle_management.obj
 0001:0002e970       sf_debug_hm_terminate_machines 000000018002f970 f   sfc_debug:sfdb_handle_management.obj
 0001:00030570       sf_debug_ss_copy_dimension 0000000180031570 f   sfc_debug:sfdb_symbol_scope.obj
 0001:00030630       sf_debug_ss_get_number_elements 0000000180031630 f   sfc_debug:sfdb_symbol_scope.obj
 0001:00030650       sf_debug_ss_fill_data_struct 0000000180031650 f   sfc_debug:sfdb_symbol_scope.obj
 0001:000309a0       sf_debug_ss_reset_data_info 00000001800319a0 f   sfc_debug:sfdb_symbol_scope.obj
 0001:00030a00       sf_debug_fill_data_info_by_symbol_scope_entry 0000000180031a00 f   sfc_debug:sfdb_symbol_scope.obj
 0001:00030ac0       sf_debug_fill_data_info_by_data_vector 0000000180031ac0 f   sfc_debug:sfdb_symbol_scope.obj
 0001:00030d10       get_data_info_helper       0000000180031d10 f   sfc_debug:sfdb_symbol_scope.obj
 0001:00030e10       sf_debug_ss_get_data_info  0000000180031e10 f   sfc_debug:sfdb_symbol_scope.obj
 0001:00031040       sf_debug_select_mex_function 0000000180032040 f   sfc_debug:sfdb_symbol_scope.obj
 0001:00031070       sf_debug_is_dyn_matrix_initialized 0000000180032070 f   sfc_debug:sfdb_symbol_scope.obj
 0001:00031090       sf_debug_ss_set_data_value_try 0000000180032090 f   sfc_debug:sfdb_symbol_scope.obj
 0001:00031260       sf_debug_ss_get_data_value 0000000180032260 f   sfc_debug:sfdb_symbol_scope.obj
 0001:000319d0       sf_debug_ss_data_bytes_string 00000001800329d0 f   sfc_debug:sfdb_symbol_scope.obj
 0001:00031a80       sf_debug_ss_data_class_string 0000000180032a80 f   sfc_debug:sfdb_symbol_scope.obj
 0001:00031e10       sf_debug_ss_data_size_string 0000000180032e10 f   sfc_debug:sfdb_symbol_scope.obj
 0001:00031ef0       sf_debug_ss_data_create_data_info_struct 0000000180032ef0 f   sfc_debug:sfdb_symbol_scope.obj
 0001:000321c0       sf_debug_ss_data_create_name_value_pair 00000001800331c0 f   sfc_debug:sfdb_symbol_scope.obj
 0001:00032260       sf_debug_ss_data_get_whos_info 0000000180033260 f   sfc_debug:sfdb_symbol_scope.obj
 0001:00032270       same_named_data_in_data_array 0000000180033270 f   sfc_debug:sfdb_symbol_scope.obj
 0001:00033b00       sf_debug_cc_terminate_chart 0000000180034b00 f   sfc_debug:sfdb_coverage.obj
 0001:00033ea0       sf_debug_cc_terminate_instance 0000000180034ea0 f   sfc_debug:sfdb_coverage.obj
 0001:00034a90       sf_debug_cc_mark_object_if_needed 0000000180035a90 f   sfc_debug:sfdb_coverage.obj
 0001:00035390       sf_debug_bm_initialize_eml 0000000180036390 f   sfc_debug:sfdb_breakpoints.obj
 0001:000364d0       sf_debug_bm_map_debug_tag_to_breakpoint_tag 00000001800374d0 f   sfc_debug:sfdb_breakpoints.obj
 0001:000365b0       sf_debug_bm_is_a_eml_breakpoint_impl 00000001800375b0 f   sfc_debug:sfdb_breakpoints.obj
 0001:000380f0       sf_debug_sc_push_on_error_stack 00000001800390f0 f   sfc_debug:sfdb_state_consistency.obj
 0001:00038220       sf_debug_sc_reset_error_stack 0000000180039220 f   sfc_debug:sfdb_state_consistency.obj
 0001:000383b0       sf_debug_sc_is_state_inconsistent 00000001800393b0 f   sfc_debug:sfdb_state_consistency.obj
 0001:000386b0       sf_debug_sc_fill_consistency_info 00000001800396b0 f   sfc_debug:sfdb_state_consistency.obj
 0001:00038c90       void_assertion_fcn         0000000180039c90 f   sfc_debug:sfdb_call_stack.obj
 0001:00039210       sf_debug_tm_fill_local_trace 000000018003a210 f   sfc_debug:sfdb_call_stack.obj
 0001:000397e0       sf_debug_cd_terminate_instance 000000018003a7e0 f   sfc_debug:sfdb_cycle_detection.obj
 0001:00039840       sf_debug_cd_free_checksum_stack 000000018003a840 f   sfc_debug:sfdb_cycle_detection.obj
 0001:00039890       sf_debug_cd_reset_pack_strings 000000018003a890 f   sfc_debug:sfdb_cycle_detection.obj
 0001:00039f50       md5file_clear              000000018003af50 f   sfc_debug:ckmd5.obj
 0001:00039f80       Encode                     000000018003af80 f   sfc_debug:ckmd5.obj
 0001:00039fd0       Decode                     000000018003afd0 f   sfc_debug:ckmd5.obj
 0001:0003a070       MD5Transform               000000018003b070 f   sfc_debug:ckmd5.obj
 0001:0003a8c0       md5file_addn               000000018003b8c0 f   sfc_debug:ckmd5.obj
 0001:0003a990       md5file_hash               000000018003b990 f   sfc_debug:ckmd5.obj
 0001:0003ae68       pre_c_init                 000000018003be68 f   MSVCRT:crtdll.obj
 0001:0003b124       __DllMainCRTStartup        000000018003c124 f   MSVCRT:crtdll.obj
 0001:0003b830       __DllMainCRTStartup$filt$0 000000018003c830 f   MSVCRT:crtdll.obj
 0001:0003b860       __DllMainCRTStartup$fin$1  000000018003c860 f   MSVCRT:crtdll.obj
 0001:0003b87a       _onexit$fin$0              000000018003c87a f   MSVCRT:atonexit.obj
 0001:0003b8a0       _IsNonwritableInCurrentImage$filt$0 000000018003c8a0 f   MSVCRT:pesect.obj
