 adacons_sfun

 Timestamp is 519327f4 (Wed May 15 14:15:16 2013)

 Preferred load address is 0000000180000000

 Start         Length     Name                   Class
 0001:00000000 0003f044H .text                   CODE
 0001:0003f050 00000092H .text$x                 CODE
 0002:00000000 00000490H .idata$5                DATA
 0002:00000490 00000008H .CRT$XCA                DATA
 0002:00000498 00000008H .CRT$XCZ                DATA
 0002:000004a0 00000008H .CRT$XIA                DATA
 0002:000004a8 00000008H .CRT$XIAA               DATA
 0002:000004b0 00000008H .CRT$XIZ                DATA
 0002:000004c0 00004bacH .rdata                  DATA
 0002:00005070 00000008H .rtc$IAA                DATA
 0002:00005078 00000008H .rtc$IZZ                DATA
 0002:00005080 00000008H .rtc$TAA                DATA
 0002:00005088 00000008H .rtc$TZZ                DATA
 0002:00005090 000041b4H .xdata                  DATA
 0002:00009244 000000a0H .idata$2                DATA
 0002:000092e4 00000014H .idata$3                DATA
 0002:000092f8 00000490H .idata$4                DATA
 0002:00009788 00000a98H .idata$6                DATA
 0002:0000a220 00000052H .edata                  DATA
 0003:00000000 000039c8H .data                   DATA
 0003:000039e0 000026d8H .bss                    DATA
 0004:00000000 00003354H .pdata                  DATA

  Address         Publics by Value              Rva+Base               Lib:Object

 0000:00000000       ___safe_se_handler_table   0000000000000000     <absolute>
 0000:00000000       ___safe_se_handler_count   0000000000000000     <absolute>
 0000:00000000       __ImageBase                0000000180000000     <linker-defined>
 0001:00000000       sf_c1_adacons_get_eml_resolved_functions_info 0000000180001000 f   c1_adacons.obj
 0001:00000eb0       sf_c1_adacons_get_check_sum 0000000180001eb0 f   c1_adacons.obj
 0001:00000f30       sf_c1_adacons_get_autoinheritance_info 0000000180001f30 f   c1_adacons.obj
 0001:00001730       sf_internal_get_sim_state_c1_adacons 0000000180002730 f   c1_adacons.obj
 0001:00001c10       sf_internal_set_sim_state_c1_adacons 0000000180002c10 f   c1_adacons.obj
 0001:000020a0       c1_adacons_method_dispatcher 00000001800030a0 f   c1_adacons.obj
 0001:000052f0       sf_c2_adacons_get_eml_resolved_functions_info 00000001800062f0 f   c2_adacons.obj
 0001:00005980       sf_c2_adacons_get_check_sum 0000000180006980 f   c2_adacons.obj
 0001:00005a00       sf_c2_adacons_get_autoinheritance_info 0000000180006a00 f   c2_adacons.obj
 0001:000060b0       sf_internal_get_sim_state_c2_adacons 00000001800070b0 f   c2_adacons.obj
 0001:00006400       sf_internal_set_sim_state_c2_adacons 0000000180007400 f   c2_adacons.obj
 0001:00006800       c2_adacons_method_dispatcher 0000000180007800 f   c2_adacons.obj
 0001:000088a0       sf_c3_adacons_get_eml_resolved_functions_info 00000001800098a0 f   c3_adacons.obj
 0001:00009460       sf_c3_adacons_get_check_sum 000000018000a460 f   c3_adacons.obj
 0001:000094e0       sf_c3_adacons_get_autoinheritance_info 000000018000a4e0 f   c3_adacons.obj
 0001:00009e10       sf_internal_get_sim_state_c3_adacons 000000018000ae10 f   c3_adacons.obj
 0001:0000a160       sf_internal_set_sim_state_c3_adacons 000000018000b160 f   c3_adacons.obj
 0001:0000a560       c3_adacons_method_dispatcher 000000018000b560 f   c3_adacons.obj
 0001:0000c8e0       sf_process_check_sum_call  000000018000d8e0 f   adacons_sfun_registry.obj
 0001:0000c930       sf_process_autoinheritance_call 000000018000d930 f   adacons_sfun_registry.obj
 0001:0000cad0       sf_process_get_eml_resolved_functions_info_call 000000018000dad0 f   adacons_sfun_registry.obj
 0001:0000cc50       sf_mex_unlock_call         000000018000dc50 f   adacons_sfun_registry.obj
 0001:0000cd00       sf_machine_global_initializer_called 000000018000dd00 f   adacons_sfun_registry.obj
 0001:0000cd30       sf_machine_global_method_dispatcher 000000018000dd30 f   adacons_sfun_registry.obj
 0001:0000cd90       sf_machine_global_terminator 000000018000dd90 f   adacons_sfun_registry.obj
 0001:0000cdd0       sf_register_machine_exported_symbols 000000018000ddd0 f   adacons_sfun_registry.obj
 0001:0000cdf0       callCustomFcn              000000018000ddf0 f   adacons_sfun_registry.obj
 0001:0000ce00       sf_machine_global_initializer 000000018000de00 f   adacons_sfun_registry.obj
 0001:0000ce70       _ssSetStateAbsTol          000000018000de70 f   adacons_sfun_registry.obj
 0001:0000cf50       _ssGetAbsTol               000000018000df50 f   adacons_sfun_registry.obj
 0001:0000cfc0       _ssSetInputPortMatrixDimensions 000000018000dfc0 f   adacons_sfun_registry.obj
 0001:0000d0d0       _ssSetOutputPortMatrixDimensions 000000018000e0d0 f   adacons_sfun_registry.obj
 0001:0000d1e0       _ssSetInputPortVectorDimension 000000018000e1e0 f   adacons_sfun_registry.obj
 0001:0000d2b0       _ssSetOutputPortVectorDimension 000000018000e2b0 f   adacons_sfun_registry.obj
 0001:0000d380       ssIsRunTimeParamTunable    000000018000e380 f   adacons_sfun_registry.obj
 0001:0000d3f0       ssGetSFuncBlockHandle      000000018000e3f0 f   adacons_sfun_registry.obj
 0001:0000d460       _ssGetCurrentInputPortWidth 000000018000e460 f   adacons_sfun_registry.obj
 0001:0000d580       _ssGetCurrentOutputPortWidth 000000018000e580 f   adacons_sfun_registry.obj
 0001:0000d6a0       _ssGetCallSystemNumFcnCallDestinations 000000018000e6a0 f   adacons_sfun_registry.obj
 0001:0000d710       ssWarning                  000000018000e710 f   adacons_sfun_registry.obj
 0001:0000d820       ssGetIsZeroCrossControlDisabled 000000018000e820 f   adacons_sfun_registry.obj
 0001:0000d890       ssSetIsInputPortUsedForContZcSignal 000000018000e890 f   adacons_sfun_registry.obj
 0001:0000d900       ssSetZcSignalIsZcElementDisc 000000018000e900 f   adacons_sfun_registry.obj
 0001:0000d9b0       ssSetZcSignalName          000000018000e9b0 f   adacons_sfun_registry.obj
 0001:0000da20       ssSetZcSignalWidth         000000018000ea20 f   adacons_sfun_registry.obj
 0001:0000da90       ssSetZcSignalZcEventType   000000018000ea90 f   adacons_sfun_registry.obj
 0001:0000db00       ssSetZcSignalType          000000018000eb00 f   adacons_sfun_registry.obj
 0001:0000db70       ssSetZcSignalZcTol         000000018000eb70 f   adacons_sfun_registry.obj
 0001:0000dbe0       ssSetZcSignalNeedsEventNotification 000000018000ebe0 f   adacons_sfun_registry.obj
 0001:0000dc50       ssCreateAndAddZcSignalInfo 000000018000ec50 f   adacons_sfun_registry.obj
 0001:0000dcc0       ssCloneAndAddZcSignalInfo  000000018000ecc0 f   adacons_sfun_registry.obj
 0001:0000dd30       ssGetNumZcSignals          000000018000ed30 f   adacons_sfun_registry.obj
 0001:0000dda0       ssGetZcSignalVector        000000018000eda0 f   adacons_sfun_registry.obj
 0001:0000de10       ssGetZcSignalZcEvents      000000018000ee10 f   adacons_sfun_registry.obj
 0001:0000de80       ssGetZcSignalName          000000018000ee80 f   adacons_sfun_registry.obj
 0001:0000def0       ssGetZcSignalWidth         000000018000eef0 f   adacons_sfun_registry.obj
 0001:0000df60       ssGetZcSignalZcEventType   000000018000ef60 f   adacons_sfun_registry.obj
 0001:0000dfd0       ssGetZcSignalType          000000018000efd0 f   adacons_sfun_registry.obj
 0001:0000e040       ssGetZcSignalZcTol         000000018000f040 f   adacons_sfun_registry.obj
 0001:0000e0c0       ssGetZcSignalNeedsEventNotification 000000018000f0c0 f   adacons_sfun_registry.obj
 0001:0000e130       ssGetZcSignalIsZcElementDisc 000000018000f130 f   adacons_sfun_registry.obj
 0001:0000e1d0       ssGetIsInputPortElementContinuous 000000018000f1d0 f   adacons_sfun_registry.obj
 0001:0000e270       _ssGetInputPortSignalPtrsFcn 000000018000f270 f   adacons_sfun_registry.obj
 0001:0000e530       _ssGetInputPortSignalFcn   000000018000f530 f   adacons_sfun_registry.obj
 0001:0000e750       _ssSetInputPortDirectFeedThroughFcn 000000018000f750 f   adacons_sfun_registry.obj
 0001:0000e8b0       _ssSetInputPortReusableFcn 000000018000f8b0 f   adacons_sfun_registry.obj
 0001:0000e9a0       _ssSetOutputPortReusableFcn 000000018000f9a0 f   adacons_sfun_registry.obj
 0001:0000ea80       ssGetDTypeIdFromMxArray    000000018000fa80 f   adacons_sfun_registry.obj
 0001:0000eba0       ssWriteRTWStr              000000018000fba0 f   adacons_sfun_registry.obj
 0001:0000ec00       ssWriteRTWMxVectParam      000000018000fc00 f   adacons_sfun_registry.obj
 0001:0000ec60       ssWriteRTWMx2dMatParam     000000018000fc60 f   adacons_sfun_registry.obj
 0001:0000ece0       ssWriteRTWNameValuePair    000000018000fce0 f   adacons_sfun_registry.obj
 0001:0000f1d0       ssWriteRTWParameters       00000001800101d0 f   adacons_sfun_registry.obj
 0001:0000f7d0       ssWriteRTWParamSettings    00000001800107d0 f   adacons_sfun_registry.obj
 0001:0000fea0       ssWriteRTWWorkVect         0000000180010ea0 f   adacons_sfun_registry.obj
 0001:000103a0       mexFunction                00000001800113a0 f   adacons_sfun_registry.obj
 0001:00012060       ProcessMexSfunctionEveryCall 0000000180013060 f   adacons_sfun_registry.obj
 0001:000121d0       adacons_initializer        00000001800131d0 f   adacons_sfun.obj
 0001:000121e0       adacons_terminator         00000001800131e0 f   adacons_sfun.obj
 0001:000121f0       sf_adacons_method_dispatcher 00000001800131f0 f   adacons_sfun.obj
 0001:00012280       sf_adacons_process_check_sum_call 0000000180013280 f   adacons_sfun.obj
 0001:000126c0       sf_adacons_autoinheritance_info 00000001800136c0 f   adacons_sfun.obj
 0001:000128d0       sf_adacons_get_eml_resolved_functions_info 00000001800138d0 f   adacons_sfun.obj
 0001:00012a80       adacons_debug_initialize   0000000180013a80 f   adacons_sfun.obj
 0001:00012af0       adacons_register_exported_symbols 0000000180013af0 f   adacons_sfun.obj
 0001:00012b00       load_adacons_optimization_info 0000000180013b00 f   adacons_sfun.obj
 0001:00012b50       unload_adacons_optimization_info 0000000180013b50 f   adacons_sfun.obj
 0001:00012c70       sf_mex_mx_is_numeric       0000000180013c70 f   sfc_mex:sfc_mex.obj
 0001:00012cb0       strcmp_ignore_ws           0000000180013cb0 f   sfc_mex:sfc_mex.obj
 0001:00012df0       sf_mex_duplicatearraysafe  0000000180013df0 f   sfc_mex:sfc_mex.obj
 0001:00012f50       sf_set_error_debugger_context_message_fcn 0000000180013f50 f   sfc_mex:sfc_mex.obj
 0001:00012f60       sf_set_debugger_matlab_error_fcn 0000000180013f60 f   sfc_mex:sfc_mex.obj
 0001:00012f90       sf_set_error_prefix_string 0000000180013f90 f   sfc_mex:sfc_mex.obj
 0001:00012fc0       sf_get_error_prefix_string 0000000180013fc0 f   sfc_mex:sfc_mex.obj
 0001:00012fd0       sf_mex_enter_parallel_region 0000000180013fd0 f   sfc_mex:sfc_mex.obj
 0001:00012fe0       sf_mex_exit_parallel_region 0000000180013fe0 f   sfc_mex:sfc_mex.obj
 0001:00012ff0       sf_get_current_jmp_buf_ptr 0000000180013ff0 f   sfc_mex:sfc_mex.obj
 0001:00013000       sf_set_current_jmp_buf_ptr 0000000180014000 f   sfc_mex:sfc_mex.obj
 0001:00013010       sf_mex_set_halt_simulation 0000000180014010 f   sfc_mex:sfc_mex.obj
 0001:00013020       sf_mex_get_halt_simulation 0000000180014020 f   sfc_mex:sfc_mex.obj
 0001:00013030       sf_mex_clear_error_message 0000000180014030 f   sfc_mex:sfc_mex.obj
 0001:00013050       sf_mex_get_error_message_for_read 0000000180014050 f   sfc_mex:sfc_mex.obj
 0001:00013060       sf_mex_get_error_message_buffer_length 0000000180014060 f   sfc_mex:sfc_mex.obj
 0001:00013140       sf_mex_warning_message     0000000180014140 f   sfc_mex:sfc_mex.obj
 0001:000131b0       sf_mex_v_errbuf_createf    00000001800141b0 f   sfc_mex:sfc_mex.obj
 0001:000131c0       sf_mex_errbuf_createf      00000001800141c0 f   sfc_mex:sfc_mex.obj
 0001:000131f0       sf_mex_v_errbuf_catf       00000001800141f0 f   sfc_mex:sfc_mex.obj
 0001:00013230       sf_mex_errbuf_catf         0000000180014230 f   sfc_mex:sfc_mex.obj
 0001:00013280       sf_mex_errbuf_copy         0000000180014280 f   sfc_mex:sfc_mex.obj
 0001:00013290       sf_mex_errbuf_clear        0000000180014290 f   sfc_mex:sfc_mex.obj
 0001:000132a0       sf_mex_errbuf_isempty      00000001800142a0 f   sfc_mex:sfc_mex.obj
 0001:000133b0       sf_mex_set_error_status    00000001800143b0 f   sfc_mex:sfc_mex.obj
 0001:00013400       sf_mex_error_direct_call   0000000180014400 f   sfc_mex:sfc_mex.obj
 0001:00013420       sf_mex_error_message_no_long_jump 0000000180014420 f   sfc_mex:sfc_mex.obj
 0001:00013440       sf_mex_long_jump_on_error  0000000180014440 f   sfc_mex:sfc_mex.obj
 0001:00013470       sf_mex_call_matlab         0000000180014470 f   sfc_mex:sfc_mex.obj
 0001:00013590       sf_mex_check_builtin       0000000180014590 f   sfc_mex:sfc_mex.obj
 0001:00013630       sf_mex_check_builtin_vs    0000000180014630 f   sfc_mex:sfc_mex.obj
 0001:000136f0       sf_mex_check_enum          00000001800146f0 f   sfc_mex:sfc_mex.obj
 0001:00013770       sf_mex_create_enum         0000000180014770 f   sfc_mex:sfc_mex.obj
 0001:000137e0       sf_mex_get_enum_element    00000001800147e0 f   sfc_mex:sfc_mex.obj
 0001:000137f0       sf_mex_createcellarray     00000001800147f0 f   sfc_mex:sfc_mex.obj
 0001:00013800       sf_mex_setcell             0000000180014800 f   sfc_mex:sfc_mex.obj
 0001:00013810       sf_mex_getcell             0000000180014810 f   sfc_mex:sfc_mex.obj
 0001:00013820       sf_mex_dup                 0000000180014820 f   sfc_mex:sfc_mex.obj
 0001:00013840       sf_mex_assign              0000000180014840 f   sfc_mex:sfc_mex.obj
 0001:000138c0       sf_mex_destroy             00000001800148c0 f   sfc_mex:sfc_mex.obj
 0001:000138f0       mx_array_has_fi_type       00000001800148f0 f   sfc_mex:sfc_mex.obj
 0001:00013920       sf_mex_convert_from_fi     0000000180014920 f   sfc_mex:sfc_mex.obj
 0001:00013a50       sf_mex_convert_to_double   0000000180014a50 f   sfc_mex:sfc_mex.obj
 0001:00013b70       sf_mex_import_fi_vs        0000000180014b70 f   sfc_mex:sfc_mex.obj
 0001:00013d30       sf_matrix_matrix_index_ok  0000000180014d30 f   sfc_mex:sfc_mex.obj
 0001:00013dc0       sf_vector_vector_index_ok  0000000180014dc0 f   sfc_mex:sfc_mex.obj
 0001:00013df0       ssGetCurrentInputPortDimensions_wrapper 0000000180014df0 f   sfc_mex:sfc_mex.obj
 0001:00013e10       ssGetCurrentOutputPortDimensions_wrapper 0000000180014e10 f   sfc_mex:sfc_mex.obj
 0001:00013e30       sf_mex_emlrt_context_is_debug_mode 0000000180014e30 f   sfc_mex:sfc_mex.obj
 0001:00013e40       sf_mex_emlrt_context_set_debug_mode 0000000180014e40 f   sfc_mex:sfc_mex.obj
 0001:00013e50       sf_mex_emlrtNameCapturePostProcessR2012a 0000000180014e50 f   sfc_mex:sfc_mex.obj
 0001:00013ec0       sf_clear_error_manager_info 0000000180014ec0 f   sfc_mex:sfc_mex.obj
 0001:00013f20       sf_mex_stop_simulation_abruptly_wo_error 0000000180014f20 f   sfc_mex:sfc_mex.obj
 0001:00013f60       sf_mex_error_message       0000000180014f60 f   sfc_mex:sfc_mex.obj
 0001:00013fc0       sf_react_to_error_in_matlab_call 0000000180014fc0 f   sfc_mex:sfc_mex.obj
 0001:00013ff0       sf_mex_addfield            0000000180014ff0 f   sfc_mex:sfc_mex.obj
 0001:00014090       sf_mex_getfield            0000000180015090 f   sfc_mex:sfc_mex.obj
 0001:00014390       sf_mex_check_class         0000000180015390 f   sfc_mex:sfc_mex.obj
 0001:00014430       sf_mex_is_real             0000000180015430 f   sfc_mex:sfc_mex.obj
 0001:000148a0       sf_mex_decode_encoded_mx_struct_array 00000001800158a0 f   sfc_mex:sfc_mex.obj
 0001:00014b80       sf_mex_lw_bounds_check     0000000180015b80 f   sfc_mex:sfc_mex.obj
 0001:00014bb0       sf_mex_lw_size_eq_check_1d 0000000180015bb0 f   sfc_mex:sfc_mex.obj
 0001:00014bd0       sf_mex_lw_size_eq_check_nd 0000000180015bd0 f   sfc_mex:sfc_mex.obj
 0001:00014db0       sf_mex_lw_dim_size_eq_check 0000000180015db0 f   sfc_mex:sfc_mex.obj
 0001:00014de0       sf_mex_lw_dim_size_geq_check 0000000180015de0 f   sfc_mex:sfc_mex.obj
 0001:00014e10       sf_mex_lw_sub_assign_size_check_nd 0000000180015e10 f   sfc_mex:sfc_mex.obj
 0001:00015040       sf_mex_lw_runtime_error_msgid 0000000180016040 f   sfc_mex:sfc_mex.obj
 0001:00015130       sf_mex_lw_matrix_matrix_index_check 0000000180016130 f   sfc_mex:sfc_mex.obj
 0001:00015150       sf_mex_lw_vector_vector_index_check 0000000180016150 f   sfc_mex:sfc_mex.obj
 0001:00015190       sf_mex_lw_for_loop_vector_check 0000000180016190 f   sfc_mex:sfc_mex.obj
 0001:00015220       sf_mex_lw_non_negative_check 0000000180016220 f   sfc_mex:sfc_mex.obj
 0001:00015260       sf_mex_overflow_error      0000000180016260 f   sfc_mex:sfc_mex.obj
 0001:00015270       sf_mex_dividebyzero_error  0000000180016270 f   sfc_mex:sfc_mex.obj
 0001:00015280       sf_mex_unsafe_enum_error   0000000180016280 f   sfc_mex:sfc_mex.obj
 0001:00015290       sf_emlrtErrHandler         0000000180016290 f   sfc_mex:sfc_mex.obj
 0001:00015370       sf_mex_size_one_check      0000000180016370 f   sfc_mex:sfc_mex.obj
 0001:00015390       sf_mex_printf              0000000180016390 f   sfc_mex:sfc_mex.obj
 0001:00015560       sf_mex_check_size          0000000180016560 f   sfc_mex:sfc_mex.obj
 0001:00015830       sf_mex_check_struct        0000000180016830 f   sfc_mex:sfc_mex.obj
 0001:00015a90       sf_mex_check_struct_vs     0000000180016a90 f   sfc_mex:sfc_mex.obj
 0001:00015b20       sf_mex_check_fi            0000000180016b20 f   sfc_mex:sfc_mex.obj
 0001:00015c20       sf_mex_check_fi_vs         0000000180016c20 f   sfc_mex:sfc_mex.obj
 0001:00015cc0       sf_echo_expression         0000000180016cc0 f   sfc_mex:sfc_mex.obj
 0001:00015d20       sf_assertion_failed        0000000180016d20 f   sfc_mex:sfc_mex.obj
 0001:00016000       sf_mex_evalin              0000000180017000 f   sfc_mex:sfc_mex.obj
 0001:00016270       sf_mex_export              0000000180017270 f   sfc_mex:sfc_mex.obj
 0001:00016330       sf_mex_get_ml_var_no_error 0000000180017330 f   sfc_mex:sfc_mex.obj
 0001:000164d0       sf_mex_get_ml_var          00000001800174d0 f   sfc_mex:sfc_mex.obj
 0001:00016970       ml_set_element_value_in_array 0000000180017970 f   sfc_mex:sfc_mex.obj
 0001:00018040       sf_mex_call_impl           0000000180019040 f   sfc_mex:sfc_mex.obj
 0001:00018570       sf_mex_call_debug          0000000180019570 f   sfc_mex:sfc_mex.obj
 0001:000185a0       sf_mex_call                00000001800195a0 f   sfc_mex:sfc_mex.obj
 0001:00018bf0       sf_mex_createstruct        0000000180019bf0 f   sfc_mex:sfc_mex.obj
 0001:00018ce0       sf_mex_createstructarray   0000000180019ce0 f   sfc_mex:sfc_mex.obj
 0001:00018d60       sf_mex_get_mx_datatype_from_sf_datatype 0000000180019d60 f   sfc_mex:sfc_mex.obj
 0001:00019070       sf_mex_ml_var_sub          000000018001a070 f   sfc_mex:sfc_mex.obj
 0001:00019240       sf_mex_ml_var_subsasgn     000000018001a240 f   sfc_mex:sfc_mex.obj
 0001:00019630       sf_mex_sub                 000000018001a630 f   sfc_mex:sfc_mex.obj
 0001:00019830       sf_mex_subsasgn            000000018001a830 f   sfc_mex:sfc_mex.obj
 0001:00019d10       sf_mex_create              000000018001ad10 f   sfc_mex:sfc_mex.obj
 0001:0001a760       sf_mex_import_named        000000018001b760 f   sfc_mex:sfc_mex.obj
 0001:0001a7c0       sf_mex_import              000000018001b7c0 f   sfc_mex:sfc_mex.obj
 0001:0001a810       sf_mex_import_vs           000000018001b810 f   sfc_mex:sfc_mex.obj
 0001:0001a920       sf_mex_lower_fixpt_mx_array 000000018001b920 f   sfc_mex:sfc_mex.obj
 0001:0001ac10       sf_send_message_wrapper    000000018001bc10 f   sfc_mex:sfc_sf.obj
 0001:0001ac40       sf_receive_message_wrapper 000000018001bc40 f   sfc_mex:sfc_sf.obj
 0001:0001ac80       sf_check_out_message_wrapper 000000018001bc80 f   sfc_mex:sfc_sf.obj
 0001:0001acc0       sf_check_in_message_wrapper 000000018001bcc0 f   sfc_mex:sfc_sf.obj
 0001:0001ad00       sf_no_message_wrapper      000000018001bd00 f   sfc_mex:sfc_sf.obj
 0001:0001b090       sim_mode_is_rtw_gen        000000018001c090 f   sfc_mex:sfc_sf.obj
 0001:0001b0c0       sim_mode_is_external       000000018001c0c0 f   sfc_mex:sfc_sf.obj
 0001:0001b0d0       sim_mode_is_modelref_sim   000000018001c0d0 f   sfc_mex:sfc_sf.obj
 0001:0001b0f0       mdlInitializeSizes         000000018001c0f0 f   sfc_mex:sfc_sf.obj
 0001:0001b110       mdlInitializeSampleTimes   000000018001c110 f   sfc_mex:sfc_sf.obj
 0001:0001b150       mdlZeroCrossings           000000018001c150 f   sfc_mex:sfc_sf.obj
 0001:0001b230       mdlDerivatives             000000018001c230 f   sfc_mex:sfc_sf.obj
 0001:0001b2e0       mdl_initialize_conditions_processing 000000018001c2e0 f   sfc_mex:sfc_sf.obj
 0001:0001b310       mdlInitializeConditions    000000018001c310 f   sfc_mex:sfc_sf.obj
 0001:0001b3d0       mdlGetSimState             000000018001c3d0 f   sfc_mex:sfc_sf.obj
 0001:0001b3e0       mdlSetSimState             000000018001c3e0 f   sfc_mex:sfc_sf.obj
 0001:0001b3f0       mdl_ext_mode_exec_processing 000000018001c3f0 f   sfc_mex:sfc_sf.obj
 0001:0001b410       mdlExtModeExec             000000018001c410 f   sfc_mex:sfc_sf.obj
 0001:0001b5a0       mdlTerminate               000000018001c5a0 f   sfc_mex:sfc_sf.obj
 0001:0001b610       mdlRTW                     000000018001c610 f   sfc_mex:sfc_sf.obj
 0001:0001b640       mdlSetWorkWidths           000000018001c640 f   sfc_mex:sfc_sf.obj
 0001:0001b650       mdlProcessParameters       000000018001c650 f   sfc_mex:sfc_sf.obj
 0001:0001b660       mdl_start_processing       000000018001c660 f   sfc_mex:sfc_sf.obj
 0001:0001b6c0       mdlStart                   000000018001c6c0 f   sfc_mex:sfc_sf.obj
 0001:0001b7d0       mdlEnable                  000000018001c7d0 f   sfc_mex:sfc_sf.obj
 0001:0001b8a0       mdlDisable                 000000018001c8a0 f   sfc_mex:sfc_sf.obj
 0001:0001b950       sf_get_chart_instance_ptr  000000018001c950 f   sfc_mex:sfc_sf.obj
 0001:0001b970       sf_load_rtw_optimization_info 000000018001c970 f   sfc_mex:sfc_sf.obj
 0001:0001ba40       sf_rtw_info_uint_prop      000000018001ca40 f   sfc_mex:sfc_sf.obj
 0001:0001bb80       sf_is_chart_inlinable      000000018001cb80 f   sfc_mex:sfc_sf.obj
 0001:0001bba0       sf_mark_output_events_with_multiple_callers 000000018001cba0 f   sfc_mex:sfc_sf.obj
 0001:0001bd30       sf_mark_chart_reusable_outputs 000000018001cd30 f   sfc_mex:sfc_sf.obj
 0001:0001bf90       sf_mark_chart_expressionable_inputs 000000018001cf90 f   sfc_mex:sfc_sf.obj
 0001:0001c1f0       sf_get_subchart_simstruct  000000018001d1f0 f   sfc_mex:sfc_sf.obj
 0001:0001c240       sf_get_fixpt_data_type_id  000000018001d240 f   sfc_mex:sfc_sf.obj
 0001:0001c280       sf_get_enum_data_type_id   000000018001d280 f   sfc_mex:sfc_sf.obj
 0001:0001c2c0       sf_get_param_data_type_id  000000018001d2c0 f   sfc_mex:sfc_sf.obj
 0001:0001c2f0       sf_mex_listen_for_ctrl_c_force 000000018001d2f0 f   sfc_mex:sfc_sf.obj
 0001:0001c400       sf_mex_draw_now            000000018001d400 f   sfc_mex:sfc_sf.obj
 0001:0001c440       sf_mex_set_debugger_sim_status_listener_fcn 000000018001d440 f   sfc_mex:sfc_sf.obj
 0001:0001c450       sf_mex_listen_for_ctrl_c   000000018001d450 f   sfc_mex:sfc_sf.obj
 0001:0001c4e0       sf_mex_get_sfun_param      000000018001d4e0 f   sfc_mex:sfc_sf.obj
 0001:0001c530       sf_get_runtime_param_data  000000018001d530 f   sfc_mex:sfc_sf.obj
 0001:0001c570       sf_call_output_fcn_call    000000018001d570 f   sfc_mex:sfc_sf.obj
 0001:0001c6b0       sf_call_output_fcn_enable  000000018001d6b0 f   sfc_mex:sfc_sf.obj
 0001:0001c740       sf_call_output_fcn_disable 000000018001d740 f   sfc_mex:sfc_sf.obj
 0001:0001c7d0       sf_clear_rtw_identifier    000000018001d7d0 f   sfc_mex:sfc_sf.obj
 0001:0001cfc0       sf_set_encoded_dwork_info  000000018001dfc0 f   sfc_mex:sfc_sf.obj
 0001:0001d010       sf_get_dwork_info_from_mat_file 000000018001e010 f   sfc_mex:sfc_sf.obj
 0001:0001d1d0       sf_set_rtw_dwork_info      000000018001e1d0 f   sfc_mex:sfc_sf.obj
 0001:0001d340       mdlOutputs                 000000018001e340 f   sfc_mex:sfc_sf.obj
 0001:0001d4e0       sf_debug_disp              000000018001e4e0 f   sfc_debug:sfcdebug.obj
 0001:0001d740       sf_debug_data_runtime_size_mismatch_error_check 000000018001e740 f   sfc_debug:sfcdebug.obj
 0001:0001d7e0       sf_debug_try_loading_machine 000000018001e7e0 f   sfc_debug:sfcdebug.obj
 0001:0001d8e0       sf_debug_reset_current_state_configuration 000000018001e8e0 f   sfc_debug:sfcdebug.obj
 0001:0001d970       sf_debug_store_current_state_configuration 000000018001e970 f   sfc_debug:sfcdebug.obj
 0001:0001da00       sf_debug_restore_previous_state_configuration 000000018001ea00 f   sfc_debug:sfcdebug.obj
 0001:0001da90       sf_debug_restore_previous_state_configuration2 000000018001ea90 f   sfc_debug:sfcdebug.obj
 0001:0001db20       sf_debug_get_event_scope   000000018001eb20 f   sfc_debug:sfcdebug.obj
 0001:0001dc90       use_debugger_step_animation 000000018001ec90 f   sfc_debug:sfcdebug.obj
 0001:0001dcb0       sf_debug_get_script_id     000000018001ecb0 f   sfc_debug:sfcdebug.obj
 0001:0001dd40       sf_debug_set_script_translation 000000018001ed40 f   sfc_debug:sfcdebug.obj
 0001:0001dec0       sf_debug_extract_message_post_receive_info 000000018001eec0 f   sfc_debug:sfcdebug.obj
 0001:0001dfc0       sf_debug_get_current_machine_id 000000018001efc0 f   sfc_debug:sfcdebug.obj
 0001:0001dfe0       sf_debug_get_current_optional_integer 000000018001efe0 f   sfc_debug:sfcdebug.obj
 0001:0001dff0       sf_debug_get_current_machine_number 000000018001eff0 f   sfc_debug:sfcdebug.obj
 0001:0001e010       sf_debug_get_current_machine_name 000000018001f010 f   sfc_debug:sfcdebug.obj
 0001:0001e030       sf_debug_get_current_chart_id 000000018001f030 f   sfc_debug:sfcdebug.obj
 0001:0001e080       sf_debug_get_current_chart_number 000000018001f080 f   sfc_debug:sfcdebug.obj
 0001:0001e090       sf_debug_get_current_instance_number 000000018001f090 f   sfc_debug:sfcdebug.obj
 0001:0001e0a0       sf_debug_get_current_is_minor_time_step 000000018001f0a0 f   sfc_debug:sfcdebug.obj
 0001:0001e120       sf_debug_get_current_object_type 000000018001f120 f   sfc_debug:sfcdebug.obj
 0001:0001e130       sf_debug_get_current_instance_handle 000000018001f130 f   sfc_debug:sfcdebug.obj
 0001:0001e190       sf_debug_get_current_event_type 000000018001f190 f   sfc_debug:sfcdebug.obj
 0001:0001e1a0       sf_debug_get_current_object_id 000000018001f1a0 f   sfc_debug:sfcdebug.obj
 0001:0001e1e0       sf_debug_get_current_active_event_type 000000018001f1e0 f   sfc_debug:sfcdebug.obj
 0001:0001e1f0       sf_debug_get_current_active_event_id 000000018001f1f0 f   sfc_debug:sfcdebug.obj
 0001:0001e230       sf_debug_get_current_tag_type 000000018001f230 f   sfc_debug:sfcdebug.obj
 0001:0001e240       sf_debug_get_current_simulation_time 000000018001f240 f   sfc_debug:sfcdebug.obj
 0001:0001e250       sf_debug_get_current_coverage_percentage 000000018001f250 f   sfc_debug:sfcdebug.obj
 0001:0001e260       sf_debug_current_statement_context 000000018001f260 f   sfc_debug:sfcdebug.obj
 0001:0001e2f0       sf_debug_get_current_statement_info 000000018001f2f0 f   sfc_debug:sfcdebug.obj
 0001:0001e470       sf_debug_terminate_instance 000000018001f470 f   sfc_debug:sfcdebug.obj
 0001:0001e7b0       sf_debug_assertion_failed  000000018001f7b0 f   sfc_debug:sfcdebug.obj
 0001:0001ea10       sf_debug_set_number_of_data_with_change_event_for_machine 000000018001fa10 f   sfc_debug:sfcdebug.obj
 0001:0001ea50       sf_debug_set_machine_event_thresholds 000000018001fa50 f   sfc_debug:sfcdebug.obj
 0001:0001ea70       sf_debug_set_machine_event_scope 000000018001fa70 f   sfc_debug:sfcdebug.obj
 0001:0001eab0       sf_debug_set_machine_data_thresholds 000000018001fab0 f   sfc_debug:sfcdebug.obj
 0001:0001eaf0       sf_debug_set_machine_data_scope 000000018001faf0 f   sfc_debug:sfcdebug.obj
 0001:0001eb80       sf_debug_set_machine_data_name 000000018001fb80 f   sfc_debug:sfcdebug.obj
 0001:0001ec20       sf_debug_set_machine_data_size 000000018001fc20 f   sfc_debug:sfcdebug.obj
 0001:0001ed60       sf_debug_set_machine_data_type 000000018001fd60 f   sfc_debug:sfcdebug.obj
 0001:0001eed0       sf_debug_get_chart_data_number 000000018001fed0 f   sfc_debug:sfcdebug.obj
 0001:0001eef0       sf_debug_get_chart_event_number 000000018001fef0 f   sfc_debug:sfcdebug.obj
 0001:0001ef10       sf_debug_set_chart_state_info 000000018001ff10 f   sfc_debug:sfcdebug.obj
 0001:0001ef90       sf_debug_set_chart_decomposition 000000018001ff90 f   sfc_debug:sfcdebug.obj
 0001:0001f000       sf_debug_set_chart_substate_count 0000000180020000 f   sfc_debug:sfcdebug.obj
 0001:0001f0e0       sf_debug_set_chart_substate_index 00000001800200e0 f   sfc_debug:sfcdebug.obj
 0001:0001f150       sf_debug_set_chart_state_substate_count 0000000180020150 f   sfc_debug:sfcdebug.obj
 0001:0001f260       sf_debug_set_chart_state_substate_index 0000000180020260 f   sfc_debug:sfcdebug.obj
 0001:0001f2e0       sf_debug_set_number_of_data_with_change_event_for_chart 00000001800202e0 f   sfc_debug:sfcdebug.obj
 0001:0001f360       sf_debug_set_number_of_states_with_entry_event_for_chart 0000000180020360 f   sfc_debug:sfcdebug.obj
 0001:0001f3d0       sf_debug_set_number_of_states_with_exit_event_for_chart 00000001800203d0 f   sfc_debug:sfcdebug.obj
 0001:0001f440       sf_debug_set_chart_disable_implicit_casting 0000000180020440 f   sfc_debug:sfcdebug.obj
 0001:0001f4b0       sf_debug_set_chart_event_thresholds 00000001800204b0 f   sfc_debug:sfcdebug.obj
 0001:0001f520       sf_debug_set_chart_data_compiled_props 0000000180020520 f   sfc_debug:sfcdebug.obj
 0001:0001f870       sf_debug_set_chart_data_props 0000000180020870 f   sfc_debug:sfcdebug.obj
 0001:0001fb90       sf_debug_check_fi_license  0000000180020b90 f   sfc_debug:sfcdebug.obj
 0001:0001fd80       sf_debug_symbol_scope_push 0000000180020d80 f   sfc_debug:sfcdebug.obj
 0001:0001fdc0       sf_debug_symbol_scope_push_eml 0000000180020dc0 f   sfc_debug:sfcdebug.obj
 0001:0001fe10       sf_debug_symbol_scope_pop  0000000180020e10 f   sfc_debug:sfcdebug.obj
 0001:0001fe50       sf_debug_symbol_scope_add_importable 0000000180020e50 f   sfc_debug:sfcdebug.obj
 0001:0001fed0       sf_debug_symbol_scope_add  0000000180020ed0 f   sfc_debug:sfcdebug.obj
 0001:0001ff50       sf_debug_symbol_scope_add_dyn_importable 0000000180020f50 f   sfc_debug:sfcdebug.obj
 0001:00020010       sf_debug_symbol_scope_add_dyn 0000000180021010 f   sfc_debug:sfcdebug.obj
 0001:00020040       sf_debug_symbol_scope_add_eml_importable 0000000180021040 f   sfc_debug:sfcdebug.obj
 0001:00020080       sf_debug_symbol_scope_add_eml 0000000180021080 f   sfc_debug:sfcdebug.obj
 0001:000200c0       sf_debug_symbol_scope_add_eml_dyn_importable 00000001800210c0 f   sfc_debug:sfcdebug.obj
 0001:00020130       sf_debug_symbol_scope_add_eml_dyn 0000000180021130 f   sfc_debug:sfcdebug.obj
 0001:00020190       sf_debug_symbol_switch     0000000180021190 f   sfc_debug:sfcdebug.obj
 0001:000201b0       sf_debug_symbol_scope_add_verbose 00000001800211b0 f   sfc_debug:sfcdebug.obj
 0001:00020280       sf_debug_set_machine_data_value_ptr 0000000180021280 f   sfc_debug:sfcdebug.obj
 0001:000202c0       sf_debug_set_instance_data_value_ptr 00000001800212c0 f   sfc_debug:sfcdebug.obj
 0001:00020380       sf_debug_unset_instance_data_value_ptr 0000000180021380 f   sfc_debug:sfcdebug.obj
 0001:00020430       sf_debug_set_chart_event_scope 0000000180021430 f   sfc_debug:sfcdebug.obj
 0001:000204b0       sf_debug_set_chart_transition_coverage_maps 00000001800214b0 f   sfc_debug:sfcdebug.obj
 0001:000205c0       sf_debug_set_chart_state_coverage_maps 00000001800215c0 f   sfc_debug:sfcdebug.obj
 0001:000206a0       sf_debug_set_instance_transition_coverage_weights 00000001800216a0 f   sfc_debug:sfcdebug.obj
 0001:00020740       sf_debug_set_instance_state_coverage_weights 0000000180021740 f   sfc_debug:sfcdebug.obj
 0001:00020990       sf_debug_unload_machine    0000000180021990 f   sfc_debug:sfcdebug.obj
 0001:000209e0       sf_debug_load_machine      00000001800219e0 f   sfc_debug:sfcdebug.obj
 0001:00020ae0       sf_debug_set_active_instance_in_data_dictionary 0000000180021ae0 f   sfc_debug:sfcdebug.obj
 0001:00020cc0       sf_debug_set_active_instance 0000000180021cc0 f   sfc_debug:sfcdebug.obj
 0001:00020e20       sf_debug_chart_visiblity_change 0000000180021e20 f   sfc_debug:sfcdebug.obj
 0001:00020f20       sf_debug_select_chart      0000000180021f20 f   sfc_debug:sfcdebug.obj
 0001:00021090       sf_debug_set_instance_cv_ids 0000000180022090 f   sfc_debug:sfcdebug.obj
 0001:000213a0       sf_debug_select_charts     00000001800223a0 f   sfc_debug:sfcdebug.obj
 0001:00021530       sf_debug_initialized       0000000180022530 f   sfc_debug:sfcdebug.obj
 0001:00021540       sf_debug_is_uninterruptible 0000000180022540 f   sfc_debug:sfcdebug.obj
 0001:00021570       sf_debug_initialize_debugger_gui 0000000180022570 f   sfc_debug:sfcdebug.obj
 0001:00021960       sf_debug_resume            0000000180022960 f   sfc_debug:sfcdebug.obj
 0001:00021980       sf_debug_go                0000000180022980 f   sfc_debug:sfcdebug.obj
 0001:00021990       sf_debug_break             0000000180022990 f   sfc_debug:sfcdebug.obj
 0001:000219a0       sf_debug_step_over         00000001800229a0 f   sfc_debug:sfcdebug.obj
 0001:000219b0       sf_debug_step_out          00000001800229b0 f   sfc_debug:sfcdebug.obj
 0001:000219c0       sf_debug_set_disable_all_breakpoints 00000001800229c0 f   sfc_debug:sfcdebug.obj
 0001:000219d0       sf_debug_disable_all_breakpoints_and_go 00000001800229d0 f   sfc_debug:sfcdebug.obj
 0001:000219e0       sf_debug_break_on_chart_entry 00000001800229e0 f   sfc_debug:sfcdebug.obj
 0001:000219f0       sf_debug_break_on_event_broadcast 00000001800229f0 f   sfc_debug:sfcdebug.obj
 0001:00021a00       sf_debug_break_on_state_entry 0000000180022a00 f   sfc_debug:sfcdebug.obj
 0001:00021a10       sf_debug_break_between_times 0000000180022a10 f   sfc_debug:sfcdebug.obj
 0001:00021a30       sf_debug_browse_data       0000000180022a30 f   sfc_debug:sfcdebug.obj
 0001:00021a50       sf_debug_watch_data        0000000180022a50 f   sfc_debug:sfcdebug.obj
 0001:00021a70       sf_debug_assign_data       0000000180022a70 f   sfc_debug:sfcdebug.obj
 0001:00021a90       sf_debug_whos              0000000180022a90 f   sfc_debug:sfcdebug.obj
 0001:00021ab0       sf_debug_get_consistency_info 0000000180022ab0 f   sfc_debug:sfcdebug.obj
 0001:00021ac0       sf_debug_browse_trace      0000000180022ac0 f   sfc_debug:sfcdebug.obj
 0001:00021ad0       sf_debug_set_breakpoints   0000000180022ad0 f   sfc_debug:sfcdebug.obj
 0001:00021c30       sf_debug_set_eml_breakpoints 0000000180022c30 f   sfc_debug:sfcdebug.obj
 0001:00021d90       sf_debug_set_script_breakpoints 0000000180022d90 f   sfc_debug:sfcdebug.obj
 0001:00021e10       sf_debug_add_script_breakpoints 0000000180022e10 f   sfc_debug:sfcdebug.obj
 0001:00021e80       sf_debug_clear_script_breakpoints 0000000180022e80 f   sfc_debug:sfcdebug.obj
 0001:00021ef0       sf_debug_query_script_breakpoints 0000000180022ef0 f   sfc_debug:sfcdebug.obj
 0001:00021fb0       sf_debug_get_eml_script_id 0000000180022fb0 f   sfc_debug:sfcdebug.obj
 0001:00022000       sf_debug_set_watch         0000000180023000 f   sfc_debug:sfcdebug.obj
 0001:00022230       sf_debug_get_instance_handle 0000000180023230 f   sfc_debug:sfcdebug.obj
 0001:000222c0       sf_debug_get_active_states 00000001800232c0 f   sfc_debug:sfcdebug.obj
 0001:000222d0       sf_debug_get_animation     00000001800232d0 f   sfc_debug:sfcdebug.obj
 0001:000222e0       sf_debug_set_animation     00000001800232e0 f   sfc_debug:sfcdebug.obj
 0001:000222f0       sf_debug_animate           00000001800232f0 f   sfc_debug:sfcdebug.obj
 0001:00022320       sf_debug_cycle_detection_check 0000000180023320 f   sfc_debug:sfcdebug.obj
 0001:00022330       sf_debug_data_range_check  0000000180023330 f   sfc_debug:sfcdebug.obj
 0001:00022340       sf_debug_transition_conflict_check 0000000180023340 f   sfc_debug:sfcdebug.obj
 0001:00022350       sf_debug_state_consistency_check 0000000180023350 f   sfc_debug:sfcdebug.obj
 0001:00022360       sf_debug_data_range_check_enabled 0000000180023360 f   sfc_debug:sfcdebug.obj
 0001:00022380       sf_debug_transition_conflict_check_enabled 0000000180023380 f   sfc_debug:sfcdebug.obj
 0001:000223a0       sf_debug_transition_conflict_check_begin 00000001800233a0 f   sfc_debug:sfcdebug.obj
 0001:000223c0       sf_debug_transition_conflict_check_end 00000001800233c0 f   sfc_debug:sfcdebug.obj
 0001:000223e0       sf_debug_stop_debugging    00000001800233e0 f   sfc_debug:sfcdebug.obj
 0001:00022410       sf_debug_is_cycle_detected 0000000180023410 f   sfc_debug:sfcdebug.obj
 0001:00022420       sf_debug_is_array_bounds_detected 0000000180023420 f   sfc_debug:sfcdebug.obj
 0001:00022430       sf_debug_get_state_vectors_data_size 0000000180023430 f   sfc_debug:sfcdebug.obj
 0001:00022470       sf_debug_get_state_vectors_data 0000000180023470 f   sfc_debug:sfcdebug.obj
 0001:00022570       sf_debug_set_state_vectors_data 0000000180023570 f   sfc_debug:sfcdebug.obj
 0001:00022830       sf_debug_get_script_index  0000000180023830 f   sfc_debug:sfcdebug.obj
 0001:000229c0       sf_debug_add_script        00000001800239c0 f   sfc_debug:sfcdebug.obj
 0001:00022b50       cv_eval_point              0000000180023b50 f   sfc_debug:sfcdebug.obj
 0001:00022cc0       cv_eval_testobjective      0000000180023cc0 f   sfc_debug:sfcdebug.obj
 0001:00022de0       sf_debug_cv_init_state     0000000180023de0 f   sfc_debug:sfcdebug.obj
 0001:00022f00       sf_debug_cv_init_chart     0000000180023f00 f   sfc_debug:sfcdebug.obj
 0001:00022fe0       sf_debug_cv_init_trans     0000000180023fe0 f   sfc_debug:sfcdebug.obj
 0001:000230e0       sf_debug_cv_init_testobjectives 00000001800240e0 f   sfc_debug:sfcdebug.obj
 0001:000232c0       cv_eml_init_script         00000001800242c0 f   sfc_debug:sfcdebug.obj
 0001:000233d0       cv_eml_init_fcn            00000001800243d0 f   sfc_debug:sfcdebug.obj
 0001:00023480       cv_eml_init_testobjective  0000000180024480 f   sfc_debug:sfcdebug.obj
 0001:00023550       cv_eml_init_saturation     0000000180024550 f   sfc_debug:sfcdebug.obj
 0001:00023610       cv_eml_init_if             0000000180024610 f   sfc_debug:sfcdebug.obj
 0001:000236e0       cv_eml_init_for            00000001800246e0 f   sfc_debug:sfcdebug.obj
 0001:000237a0       cv_eml_init_while          00000001800247a0 f   sfc_debug:sfcdebug.obj
 0001:00023860       cv_eml_init_mcdc           0000000180024860 f   sfc_debug:sfcdebug.obj
 0001:00023970       cv_eml_init_switch         0000000180024970 f   sfc_debug:sfcdebug.obj
 0001:00023a60       cv_eml_eval                0000000180024a60 f   sfc_debug:sfcdebug.obj
 0001:00023b40       sf_debug_bm_is_a_eml_breakpoint 0000000180024b40 f   sfc_debug:sfcdebug.obj
 0001:00023c90       sf_debug_temporal_threshold 0000000180024c90 f   sfc_debug:sfcdebug.obj
 0001:00023ff0       sf_debug_transition_conflict_error 0000000180024ff0 f   sfc_debug:sfcdebug.obj
 0001:00024370       sf_debug_state_inconsistency_error 0000000180025370 f   sfc_debug:sfcdebug.obj
 0001:00024490       sf_debug_check_for_state_inconsistency 0000000180025490 f   sfc_debug:sfcdebug.obj
 0001:000244c0       sf_debug_cycle_detecton_error 00000001800254c0 f   sfc_debug:sfcdebug.obj
 0001:00024c90       sf_debug_size_eq_check_1d  0000000180025c90 f   sfc_debug:sfcdebug.obj
 0001:00024cb0       sf_debug_size_eq_check_nd  0000000180025cb0 f   sfc_debug:sfcdebug.obj
 0001:00024e90       sf_debug_dim_size_eq_check 0000000180025e90 f   sfc_debug:sfcdebug.obj
 0001:00024ec0       sf_debug_dim_size_geq_check 0000000180025ec0 f   sfc_debug:sfcdebug.obj
 0001:00024ef0       sf_debug_sub_assign_size_check_nd 0000000180025ef0 f   sfc_debug:sfcdebug.obj
 0001:00025130       sf_debug_matrix_matrix_index_check 0000000180026130 f   sfc_debug:sfcdebug.obj
 0001:00025160       sf_debug_vector_vector_index_check 0000000180026160 f   sfc_debug:sfcdebug.obj
 0001:00025190       sf_debug_for_loop_vector_check 0000000180026190 f   sfc_debug:sfcdebug.obj
 0001:00025220       sf_debug_runtime_error_msgid 0000000180026220 f   sfc_debug:sfcdebug.obj
 0001:000252b0       sf_debug_data_array_bounds_error_check 00000001800262b0 f   sfc_debug:sfcdebug.obj
 0001:000253c0       sf_debug_eml_data_array_bounds_error_check 00000001800263c0 f   sfc_debug:sfcdebug.obj
 0001:000258a0       sf_debug_integer_check     00000001800268a0 f   sfc_debug:sfcdebug.obj
 0001:00025980       sf_debug_not_nan_check     0000000180026980 f   sfc_debug:sfcdebug.obj
 0001:00025a40       sf_debug_non_negative_check 0000000180026a40 f   sfc_debug:sfcdebug.obj
 0001:00025b00       sf_debug_overflow_detection 0000000180026b00 f   sfc_debug:sfcdebug.obj
 0001:000261f0       sf_debug_cast_to_real32_T  00000001800271f0 f   sfc_debug:sfcdebug.obj
 0001:000262b0       sf_debug_cast_to_int8_T    00000001800272b0 f   sfc_debug:sfcdebug.obj
 0001:00026370       sf_debug_cast_to_uint8_T   0000000180027370 f   sfc_debug:sfcdebug.obj
 0001:00026430       sf_debug_cast_to_int16_T   0000000180027430 f   sfc_debug:sfcdebug.obj
 0001:000264f0       sf_debug_cast_to_uint16_T  00000001800274f0 f   sfc_debug:sfcdebug.obj
 0001:000265b0       sf_debug_cast_to_int32_T   00000001800275b0 f   sfc_debug:sfcdebug.obj
 0001:00026670       sf_debug_cast_to_uint32_T  0000000180027670 f   sfc_debug:sfcdebug.obj
 0001:00026730       sf_debug_data_range_error  0000000180027730 f   sfc_debug:sfcdebug.obj
 0001:00026a80       sf_debug_read_before_write_check 0000000180027a80 f   sfc_debug:sfcdebug.obj
 0001:00026ee0       sf_debug_data_range_error_wrapper_min_max 0000000180027ee0 f   sfc_debug:sfcdebug.obj
 0001:00026fd0       sf_debug_data_range_error_wrapper_min 0000000180027fd0 f   sfc_debug:sfcdebug.obj
 0001:000270b0       sf_debug_data_range_error_wrapper_max 00000001800280b0 f   sfc_debug:sfcdebug.obj
 0001:00027190       sf_debug_data_range_wrapper 0000000180028190 f   sfc_debug:sfcdebug.obj
 0001:00027240       sf_debug_set_current_status_info 0000000180028240 f   sfc_debug:sfcdebug.obj
 0001:000275f0       sf_debug_register_message_post_receive_info 00000001800285f0 f   sfc_debug:sfcdebug.obj
 0001:00027860       sf_debug_call              0000000180028860 f   sfc_debug:sfcdebug.obj
 0001:000284c0       sf_debug_initialize_machine 00000001800294c0 f   sfc_debug:sfcdebug.obj
 0001:000287d0       sf_debug_initialize_chart  00000001800297d0 f   sfc_debug:sfcdebug.obj
 0001:00028c20       sf_debug_ensure_script     0000000180029c20 f   sfc_debug:sfcdebug.obj
 0001:00028ce0       cv_script_init_script      0000000180029ce0 f   sfc_debug:sfcdebug.obj
 0001:00028dd0       cv_script_init_fcn         0000000180029dd0 f   sfc_debug:sfcdebug.obj
 0001:00028e80       cv_script_init_testobjective 0000000180029e80 f   sfc_debug:sfcdebug.obj
 0001:00028f30       cv_script_init_if          0000000180029f30 f   sfc_debug:sfcdebug.obj
 0001:00028fe0       cv_script_init_for         0000000180029fe0 f   sfc_debug:sfcdebug.obj
 0001:00029090       cv_script_init_while       000000018002a090 f   sfc_debug:sfcdebug.obj
 0001:00029140       cv_script_init_mcdc        000000018002a140 f   sfc_debug:sfcdebug.obj
 0001:00029240       cv_script_init_switch      000000018002a240 f   sfc_debug:sfcdebug.obj
 0001:00029320       cv_script_eval             000000018002a320 f   sfc_debug:sfcdebug.obj
 0001:00029400       eml_debug_line_call        000000018002a400 f   sfc_debug:sfcdebug.obj
 0001:000295b0       sf_debug_terminate         000000018002a5b0 f   sfc_debug:sfcdebug.obj
 0001:00029720       sf_debug_set_script_cv_ids 000000018002a720 f   sfc_debug:sfcdebug.obj
 0001:00029850       sf_debug_api               000000018002a850 f   sfc_debug:sfc_api.obj
 0001:0002af00       sf_debug_sm_terminate      000000018002bf00 f   sfc_debug:sfdb_animation.obj
 0001:0002b0c0       sf_debug_reset_path_objects 000000018002c0c0 f   sfc_debug:sfdb_animation.obj
 0001:0002b140       sf_debug_sm_reset_object_selection_status 000000018002c140 f   sfc_debug:sfdb_animation.obj
 0001:0002b1e0       sf_debug_sm_reset_state_buffer 000000018002c1e0 f   sfc_debug:sfdb_animation.obj
 0001:0002b2b0       sf_debug_sm_store_state_buffer 000000018002c2b0 f   sfc_debug:sfdb_animation.obj
 0001:0002b330       sf_debug_sm_restore_state_buffer1 000000018002c330 f   sfc_debug:sfdb_animation.obj
 0001:0002b3a0       sf_debug_sm_restore_state_buffer2 000000018002c3a0 f   sfc_debug:sfdb_animation.obj
 0001:0002b410       sf_debug_sm_chart_active   000000018002c410 f   sfc_debug:sfdb_animation.obj
 0001:0002b460       sf_debug_sm_select_active_objects 000000018002c460 f   sfc_debug:sfdb_animation.obj
 0001:0002b950       sf_debug_sm_is_chart_active 000000018002c950 f   sfc_debug:sfdb_animation.obj
 0001:0002b990       sf_debug_sm_is_state_active 000000018002c990 f   sfc_debug:sfdb_animation.obj
 0001:0002bbd0       sf_debug_sm_get_active_states 000000018002cbd0 f   sfc_debug:sfdb_animation.obj
 0001:0002c190       sf_debug_sm_initialize_instance 000000018002d190 f   sfc_debug:sfdb_animation.obj
 0001:0002c3b0       sf_debug_sm_change_object_selection_status 000000018002d3b0 f   sfc_debug:sfdb_animation.obj
 0001:0002c6c0       cv_create_interface        000000018002d6c0 f   sfc_debug:cv_sfinterface.obj
 0001:0002ca20       cv_init_trans              000000018002da20 f   sfc_debug:cv_sfinterface.obj
 0001:0002ca70       cv_init_testobjective      000000018002da70 f   sfc_debug:cv_sfinterface.obj
 0001:0002cab0       cv_init_state              000000018002dab0 f   sfc_debug:cv_sfinterface.obj
 0001:0002cb20       cv_init_chart              000000018002db20 f   sfc_debug:cv_sfinterface.obj
 0001:0002cb70       cv_dec_update_call         000000018002db70 f   sfc_debug:cv_sfinterface.obj
 0001:0002cbb0       cv_cond_update_call        000000018002dbb0 f   sfc_debug:cv_sfinterface.obj
 0001:0002cbf0       cv_testobjective_update_call 000000018002dbf0 f   sfc_debug:cv_sfinterface.obj
 0001:0002cc30       cv_sigrange_update         000000018002dc30 f   sfc_debug:cv_sfinterface.obj
 0001:0002cc70       cvsf_eml_eval              000000018002dc70 f   sfc_debug:cv_sfinterface.obj
 0001:0002cd60       cvsf_eml_init_script       000000018002dd60 f   sfc_debug:cv_sfinterface.obj
 0001:0002cdf0       cvsf_eml_init_fcn          000000018002ddf0 f   sfc_debug:cv_sfinterface.obj
 0001:0002ce50       cvsf_eml_init_testobjective 000000018002de50 f   sfc_debug:cv_sfinterface.obj
 0001:0002ceb0       cvsf_eml_init_saturation   000000018002deb0 f   sfc_debug:cv_sfinterface.obj
 0001:0002cf00       cvsf_eml_init_if           000000018002df00 f   sfc_debug:cv_sfinterface.obj
 0001:0002cf60       cvsf_eml_init_for          000000018002df60 f   sfc_debug:cv_sfinterface.obj
 0001:0002cfb0       cvsf_eml_init_while        000000018002dfb0 f   sfc_debug:cv_sfinterface.obj
 0001:0002d000       cvsf_eml_init_mcdc         000000018002e000 f   sfc_debug:cv_sfinterface.obj
 0001:0002d090       cvsf_eml_init_switch       000000018002e090 f   sfc_debug:cv_sfinterface.obj
 0001:0002d100       cvsf_script_eval           000000018002e100 f   sfc_debug:cv_sfinterface.obj
 0001:0002d1f0       cvsf_script_init_script    000000018002e1f0 f   sfc_debug:cv_sfinterface.obj
 0001:0002d280       cvsf_script_init_fcn       000000018002e280 f   sfc_debug:cv_sfinterface.obj
 0001:0002d2e0       cvsf_script_init_testobjective 000000018002e2e0 f   sfc_debug:cv_sfinterface.obj
 0001:0002d340       cvsf_script_init_saturation 000000018002e340 f   sfc_debug:cv_sfinterface.obj
 0001:0002d390       cvsf_script_init_if        000000018002e390 f   sfc_debug:cv_sfinterface.obj
 0001:0002d3f0       cvsf_script_init_for       000000018002e3f0 f   sfc_debug:cv_sfinterface.obj
 0001:0002d440       cvsf_script_init_while     000000018002e440 f   sfc_debug:cv_sfinterface.obj
 0001:0002d490       cvsf_script_init_mcdc      000000018002e490 f   sfc_debug:cv_sfinterface.obj
 0001:0002d520       cvsf_script_init_switch    000000018002e520 f   sfc_debug:cv_sfinterface.obj
 0001:0002d590       cv_destroy_interface       000000018002e590 f   sfc_debug:cv_sfinterface.obj
 0001:0002d5b0       cv_create_instance_objects 000000018002e5b0 f   sfc_debug:cv_sfinterface.obj
 0001:0002da60       cv_is_enabled              000000018002ea60 f   sfc_debug:cv_sfinterface.obj
 0001:0002da70       sf_debug_cv_initialize_script 000000018002ea70 f   sfc_debug:cv_sfinterface.obj
 0001:0002dc20       sf_debug_cv_initialize_instance 000000018002ec20 f   sfc_debug:cv_sfinterface.obj
 0001:0002dfc0       sf_debug_cv_terminate_chart 000000018002efc0 f   sfc_debug:cv_sfinterface.obj
 0001:0002e100       cv_call_trans_test         000000018002f100 f   sfc_debug:cv_sfinterface.obj
 0001:0002e110       cv_call_sub_cond_test      000000018002f110 f   sfc_debug:cv_sfinterface.obj
 0001:0002e150       sf_debug_st_initialize_machine 000000018002f150 f   sfc_debug:sfdb_data_browse.obj
 0001:0002e210       sf_debug_st_initialize_instance 000000018002f210 f   sfc_debug:sfdb_data_browse.obj
 0001:0002e440       sf_debug_st_terminate      000000018002f440 f   sfc_debug:sfdb_data_browse.obj
 0001:0002e7e0       sf_debug_st_set_data_value_ptr_in_machine 000000018002f7e0 f   sfc_debug:sfdb_data_browse.obj
 0001:0002e870       sf_debug_st_set_data_value_ptr_in_instance 000000018002f870 f   sfc_debug:sfdb_data_browse.obj
 0001:0002e950       sf_debug_st_unset_data_value_ptr_in_machine 000000018002f950 f   sfc_debug:sfdb_data_browse.obj
 0001:0002e9c0       sf_debug_st_unset_data_value_ptr_in_instance 000000018002f9c0 f   sfc_debug:sfdb_data_browse.obj
 0001:0002ecd0       sf_debug_mx_value          000000018002fcd0 f   sfc_debug:sfdb_data_browse.obj
 0001:0002ed30       sf_debug_mx_packed_vector  000000018002fd30 f   sfc_debug:sfdb_data_browse.obj
 0001:0002ee10       sf_debug_mx_uint_vector    000000018002fe10 f   sfc_debug:sfdb_data_browse.obj
 0001:0002eed0       sf_debug_st_get_double_value_from_void_ptr_vector 000000018002fed0 f   sfc_debug:sfdb_data_browse.obj
 0001:0002f9c0       sf_debug_st_browse_data    00000001800309c0 f   sfc_debug:sfdb_data_browse.obj
 0001:00030250       sf_debug_hm_initialize_instance 0000000180031250 f   sfc_debug:sfdb_handle_management.obj
 0001:00030780       sf_debug_hm_get_object_id  0000000180031780 f   sfc_debug:sfdb_handle_management.obj
 0001:00031330       sf_debug_hm_update_chart_visibility 0000000180032330 f   sfc_debug:sfdb_handle_management.obj
 0001:00032610       sf_debug_object_is_eml_function 0000000180033610 f   sfc_debug:sfdb_handle_management.obj
 0001:00032680       sf_debug_hm_initialize_ids_in_machine 0000000180033680 f   sfc_debug:sfdb_handle_management.obj
 0001:000327f0       sf_debug_hm_initialize_ids_in_chart 00000001800337f0 f   sfc_debug:sfdb_handle_management.obj
 0001:000328f0       sf_debug_hm_initialize_chart 00000001800338f0 f   sfc_debug:sfdb_handle_management.obj
 0001:00033090       sf_debug_hm_terminate      0000000180034090 f   sfc_debug:sfdb_handle_management.obj
 0001:000330f0       sf_debug_hm_initialize_machine 00000001800340f0 f   sfc_debug:sfdb_handle_management.obj
 0001:000338a0       sf_debug_ss_initialize     00000001800348a0 f   sfc_debug:sfdb_symbol_scope.obj
 0001:000338c0       sf_debug_ss_terminate      00000001800348c0 f   sfc_debug:sfdb_symbol_scope.obj
 0001:00033950       sf_debug_ss_push_symbol_scope 0000000180034950 f   sfc_debug:sfdb_symbol_scope.obj
 0001:00033a50       sf_debug_ss_push_symbol_scope_eml 0000000180034a50 f   sfc_debug:sfdb_symbol_scope.obj
 0001:00033ab0       sf_debug_ss_pop_symbol_scope 0000000180034ab0 f   sfc_debug:sfdb_symbol_scope.obj
 0001:00033b60       sf_debug_ss_add_symbol     0000000180034b60 f   sfc_debug:sfdb_symbol_scope.obj
 0001:00033cc0       sf_debug_ss_add_symbol_eml 0000000180034cc0 f   sfc_debug:sfdb_symbol_scope.obj
 0001:000349e0       sf_debug_ss_set_data_value 00000001800359e0 f   sfc_debug:sfdb_symbol_scope.obj
 0001:00034eb0       getInstanceNumber          0000000180035eb0 f   sfc_debug:sfdb_symbol_scope.obj
 0001:00034f80       sf_debug_ss_watch_data     0000000180035f80 f   sfc_debug:sfdb_symbol_scope.obj
 0001:00035120       sf_debug_ss_assign_data    0000000180036120 f   sfc_debug:sfdb_symbol_scope.obj
 0001:00035b40       get_data_entry_name        0000000180036b40 f   sfc_debug:sfdb_symbol_scope.obj
 0001:00035b90       sf_debug_ss_whos           0000000180036b90 f   sfc_debug:sfdb_symbol_scope.obj
 0001:000362b0       sf_debug_cc_initialize_chart 00000001800372b0 f   sfc_debug:sfdb_coverage.obj
 0001:00036ca0       sf_debug_cc_initialize_instance 0000000180037ca0 f   sfc_debug:sfdb_coverage.obj
 0001:00037ab0       sf_debug_cc_terminate      0000000180038ab0 f   sfc_debug:sfdb_coverage.obj
 0001:00037ba0       sf_debug_cc_set_transition_maps 0000000180038ba0 f   sfc_debug:sfdb_coverage.obj
 0001:00037cd0       sf_debug_cc_set_state_maps 0000000180038cd0 f   sfc_debug:sfdb_coverage.obj
 0001:00037db0       sf_debug_cc_set_transition_weights 0000000180038db0 f   sfc_debug:sfdb_coverage.obj
 0001:00038080       sf_debug_cc_set_state_weights 0000000180039080 f   sfc_debug:sfdb_coverage.obj
 0001:00038350       sf_debug_cc_mark_transition_guard 0000000180039350 f   sfc_debug:sfdb_coverage.obj
 0001:000383e0       sf_debug_cc_mark_transition_trigger 00000001800393e0 f   sfc_debug:sfdb_coverage.obj
 0001:00038470       sf_debug_cc_mark_transition_decision 0000000180039470 f   sfc_debug:sfdb_coverage.obj
 0001:000384e0       sf_debug_cc_mark_transition_condition_action 00000001800394e0 f   sfc_debug:sfdb_coverage.obj
 0001:00038530       sf_debug_cc_mark_transition_transition_action 0000000180039530 f   sfc_debug:sfdb_coverage.obj
 0001:00038580       sf_debug_cc_mark_state_entry 0000000180039580 f   sfc_debug:sfdb_coverage.obj
 0001:000385d0       sf_debug_cc_mark_state_during 00000001800395d0 f   sfc_debug:sfdb_coverage.obj
 0001:00038620       sf_debug_cc_mark_state_exit 0000000180039620 f   sfc_debug:sfdb_coverage.obj
 0001:00038670       sf_debug_bm_clear_script_breakpoints 0000000180039670 f   sfc_debug:sfdb_breakpoints.obj
 0001:000386a0       sf_debug_bm_set_script_breakpoint 00000001800396a0 f   sfc_debug:sfdb_breakpoints.obj
 0001:00038720       sf_debug_bm_clear_single_script_breakpoint 0000000180039720 f   sfc_debug:sfdb_breakpoints.obj
 0001:000387a0       sf_debug_bm_query_script_breakpoint 00000001800397a0 f   sfc_debug:sfdb_breakpoints.obj
 0001:000387f0       sf_debug_bm_initialize_scripts 00000001800397f0 f   sfc_debug:sfdb_breakpoints.obj
 0001:00038f10       sf_debug_bm_terminate      0000000180039f10 f   sfc_debug:sfdb_breakpoints.obj
 0001:00039200       sf_debug_bm_remove_all_breakpoints_in_machine 000000018003a200 f   sfc_debug:sfdb_breakpoints.obj
 0001:00039270       sf_debug_bm_remove_all_breakpoints_in_chart 000000018003a270 f   sfc_debug:sfdb_breakpoints.obj
 0001:000393c0       sf_debug_bm_initialize_global_breakpoints 000000018003a3c0 f   sfc_debug:sfdb_breakpoints.obj
 0001:00039540       sf_debug_bm_set_breakpoint 000000018003a540 f   sfc_debug:sfdb_breakpoints.obj
 0001:00039b40       sf_debug_bm_set_eml_breakpoint 000000018003ab40 f   sfc_debug:sfdb_breakpoints.obj
 0001:00039be0       sf_debug_bm_initialize_machine_breakpoint_map 000000018003abe0 f   sfc_debug:sfdb_breakpoints.obj
 0001:0003a000       sf_debug_bm_is_a_breakpoint 000000018003b000 f   sfc_debug:sfdb_breakpoints.obj
 0001:0003a5e0       sf_debug_bm_get_all_breakpoints_in_machine 000000018003b5e0 f   sfc_debug:sfdb_breakpoints.obj
 0001:0003a8e0       sf_debug_bm_get_all_breakpoints_in_chart 000000018003b8e0 f   sfc_debug:sfdb_breakpoints.obj
 0001:0003b5a0       sf_debug_bm_initialize_machine 000000018003c5a0 f   sfc_debug:sfdb_breakpoints.obj
 0001:0003b670       sf_debug_bm_initialize_chart 000000018003c670 f   sfc_debug:sfdb_breakpoints.obj
 0001:0003ba90       sf_debug_sc_terminate      000000018003ca90 f   sfc_debug:sfdb_state_consistency.obj
 0001:0003bdc0       sf_debug_sc_is_chart_consistent 000000018003cdc0 f   sfc_debug:sfdb_state_consistency.obj
 0001:0003c070       sf_debug_sc_get_consistency_error_info 000000018003d070 f   sfc_debug:sfdb_state_consistency.obj
 0001:0003c4c0       sf_debug_tm_terminate      000000018003d4c0 f   sfc_debug:sfdb_call_stack.obj
 0001:0003c580       sf_debug_tm_push_chart_instance 000000018003d580 f   sfc_debug:sfdb_call_stack.obj
 0001:0003c6d0       sf_debug_tm_pop_chart_instance 000000018003d6d0 f   sfc_debug:sfdb_call_stack.obj
 0001:0003c730       sf_debug_tm_push_trace_node 000000018003d730 f   sfc_debug:sfdb_call_stack.obj
 0001:0003c8c0       sf_debug_tm_pop_trace_node 000000018003d8c0 f   sfc_debug:sfdb_call_stack.obj
 0001:0003c940       sf_debug_tm_get_current_global_trace_index 000000018003d940 f   sfc_debug:sfdb_call_stack.obj
 0001:0003c950       sf_debug_tm_get_current_local_trace_index 000000018003d950 f   sfc_debug:sfdb_call_stack.obj
 0001:0003c980       sf_debug_tm_set_cycle_detected_flag 000000018003d980 f   sfc_debug:sfdb_call_stack.obj
 0001:0003c9c0       sf_debug_tm_set_cycle_started_flag 000000018003d9c0 f   sfc_debug:sfdb_call_stack.obj
 0001:0003ca00       sf_debug_tm_get_chart_number_from_stack 000000018003da00 f   sfc_debug:sfdb_call_stack.obj
 0001:0003cc00       sf_debug_tm_browse_trace   000000018003dc00 f   sfc_debug:sfdb_call_stack.obj
 0001:0003cf40       sf_debug_cd_initialize_instance 000000018003df40 f   sfc_debug:sfdb_cycle_detection.obj
 0001:0003d1f0       sf_debug_cd_mark_processed_transition_in_instance 000000018003e1f0 f   sfc_debug:sfdb_cycle_detection.obj
 0001:0003d290       sf_debug_cd_checksum_push  000000018003e290 f   sfc_debug:sfdb_cycle_detection.obj
 0001:0003d550       sf_debug_cd_checksum_pop   000000018003e550 f   sfc_debug:sfdb_cycle_detection.obj
 0001:0003d5c0       sf_debug_cd_turn_off_cycle_detection 000000018003e5c0 f   sfc_debug:sfdb_cycle_detection.obj
 0001:0003d610       sf_debug_cd_terminate      000000018003e610 f   sfc_debug:sfdb_cycle_detection.obj
 0001:0003d850       md5_initialize_state       000000018003e850 f   sfc_debug:ckmd5.obj
 0001:0003e2c0       md5_update_state           000000018003f2c0 f   sfc_debug:ckmd5.obj
 0001:0003e2e0       md5_get_hash               000000018003f2e0 f   sfc_debug:ckmd5.obj
 0001:0003e310       md5_get_hash_for_a_single_string 000000018003f310 f   sfc_debug:ckmd5.obj
 0001:0003e374       mxGetPr                    000000018003f374 f   libmx:libmx.dll
 0001:0003e37a       mxCreateDoubleScalar       000000018003f37a f   libmx:libmx.dll
 0001:0003e380       mxCreateDoubleMatrix_730   000000018003f380 f   libmx:libmx.dll
 0001:0003e386       mxSetField_730             000000018003f386 f   libmx:libmx.dll
 0001:0003e38c       mxCreateString             000000018003f38c f   libmx:libmx.dll
 0001:0003e392       mxCreateStructMatrix_730   000000018003f392 f   libmx:libmx.dll
 0001:0003e398       mxDestroyArray             000000018003f398 f   libmx:libmx.dll
 0001:0003e39e       mxDuplicateArray           000000018003f39e f   libmx:libmx.dll
 0001:0003e3a4       mxGetString_730            000000018003f3a4 f   libmx:libmx.dll
 0001:0003e3aa       mxIsChar                   000000018003f3aa f   libmx:libmx.dll
 0001:0003e3b0       mxGetClassID               000000018003f3b0 f   libmx:libmx.dll
 0001:0003e3b6       mxIsNumeric                000000018003f3b6 f   libmx:libmx.dll
 0001:0003e3bc       mxIsComplex                000000018003f3bc f   libmx:libmx.dll
 0001:0003e3c2       mxGetN                     000000018003f3c2 f   libmx:libmx.dll
 0001:0003e3c8       mxGetM                     000000018003f3c8 f   libmx:libmx.dll
 0001:0003e3ce       mxCalloc                   000000018003f3ce f   libmx:libmx.dll
 0001:0003e3d4       mxGetScalar                000000018003f3d4 f   libmx:libmx.dll
 0001:0003e3da       mxIsLogical                000000018003f3da f   libmx:libmx.dll
 0001:0003e3e0       mxCreateDoubleMatrix_700   000000018003f3e0 f   libmx:libmx.dll
 0001:0003e3e6       mxFree                     000000018003f3e6 f   libmx:libmx.dll
 0001:0003e3ec       mxArrayToString            000000018003f3ec f   libmx:libmx.dll
 0001:0003e3f2       mxCreateCellMatrix_700     000000018003f3f2 f   libmx:libmx.dll
 0001:0003e3f8       mxSetCell_700              000000018003f3f8 f   libmx:libmx.dll
 0001:0003e3fe       mxGetCell_700              000000018003f3fe f   libmx:libmx.dll
 0001:0003e404       mxGetClassName             000000018003f404 f   libmx:libmx.dll
 0001:0003e40a       mxSetField_700             000000018003f40a f   libmx:libmx.dll
 0001:0003e410       mxAddField                 000000018003f410 f   libmx:libmx.dll
 0001:0003e416       mxGetField_700             000000018003f416 f   libmx:libmx.dll
 0001:0003e41c       mxGetNumberOfElements      000000018003f41c f   libmx:libmx.dll
 0001:0003e422       mxIsStruct                 000000018003f422 f   libmx:libmx.dll
 0001:0003e428       mxIsA                      000000018003f428 f   libmx:libmx.dll
 0001:0003e42e       mxIsClass                  000000018003f42e f   libmx:libmx.dll
 0001:0003e434       mxGetLogicals              000000018003f434 f   libmx:libmx.dll
 0001:0003e43a       mxIsSparse                 000000018003f43a f   libmx:libmx.dll
 0001:0003e440       mxSetFieldByNumber_700     000000018003f440 f   libmx:libmx.dll
 0001:0003e446       mxGetFieldByNumber_700     000000018003f446 f   libmx:libmx.dll
 0001:0003e44c       mxGetFieldNameByNumber     000000018003f44c f   libmx:libmx.dll
 0001:0003e452       mxGetNumberOfFields        000000018003f452 f   libmx:libmx.dll
 0001:0003e458       mxCreateStructMatrix_700   000000018003f458 f   libmx:libmx.dll
 0001:0003e45e       mxGetFieldNumber           000000018003f45e f   libmx:libmx.dll
 0001:0003e464       mxIsNaN                    000000018003f464 f   libmx:libmx.dll
 0001:0003e46a       mxIsEmpty                  000000018003f46a f   libmx:libmx.dll
 0001:0003e470       mxGetData                  000000018003f470 f   libmx:libmx.dll
 0001:0003e476       mxGetImagData              000000018003f476 f   libmx:libmx.dll
 0001:0003e47c       mxArrayClassIDName         000000018003f47c f   libmx:libmx.dll
 0001:0003e482       mxCreateNumericMatrix_700  000000018003f482 f   libmx:libmx.dll
 0001:0003e488       mxCreateStructArray_700    000000018003f488 f   libmx:libmx.dll
 0001:0003e48e       mxCalcSingleSubscript_700  000000018003f48e f   libmx:libmx.dll
 0001:0003e494       mxGetDimensions_700        000000018003f494 f   libmx:libmx.dll
 0001:0003e49a       mxGetNumberOfDimensions_700 000000018003f49a f   libmx:libmx.dll
 0001:0003e4a0       mxCreateNumericArray_700   000000018003f4a0 f   libmx:libmx.dll
 0001:0003e4a6       mxGetElementSize           000000018003f4a6 f   libmx:libmx.dll
 0001:0003e4ac       mxCreateStringFromNChars_700 000000018003f4ac f   libmx:libmx.dll
 0001:0003e4b2       mxGetString_700            000000018003f4b2 f   libmx:libmx.dll
 0001:0003e4b8       mxIsLogicalScalarTrue      000000018003f4b8 f   libmx:libmx.dll
 0001:0003e4be       mxCreateLogicalScalar      000000018003f4be f   libmx:libmx.dll
 0001:0003e4c4       mexUnlock                  000000018003f4c4 f   libmex:libmex.dll
 0001:0003e4ca       mexIsLocked                000000018003f4ca f   libmex:libmex.dll
 0001:0003e4d0       mexWarnMsgTxt              000000018003f4d0 f   libmex:libmex.dll
 0001:0003e4d6       mexCallMATLAB              000000018003f4d6 f   libmex:libmex.dll
 0001:0003e4dc       mexErrMsgTxt               000000018003f4dc f   libmex:libmex.dll
 0001:0003e4e2       mexMakeArrayPersistent     000000018003f4e2 f   libmex:libmex.dll
 0001:0003e4e8       mexSetTrapFlag             000000018003f4e8 f   libmex:libmex.dll
 0001:0003e4ee       mexPutVariable             000000018003f4ee f   libmex:libmex.dll
 0001:0003e4f4       mexGetVariable             000000018003f4f4 f   libmex:libmex.dll
 0001:0003e4fa       mexLock                    000000018003f4fa f   libmex:libmex.dll
 0001:0003e500       mexMakeMemoryPersistent    000000018003f500 f   libmex:libmex.dll
 0001:0003e506       mexFunctionName            000000018003f506 f   libmex:libmex.dll
 0001:0003e50c       ssRegisterDataTypeFxpFSlopeFixExpBias 000000018003f50c f   libfixedpoint:libfixedpoint.dll
 0001:0003e512       utVSNprintf                000000018003f512 f   libut:libut.dll
 0001:0003e518       utCPUtime                  000000018003f518 f   libut:libut.dll
 0001:0003e51e       utFree                     000000018003f51e f   libut:libut.dll
 0001:0003e524       utMalloc                   000000018003f524 f   libut:libut.dll
 0001:0003e52a       muDoubleScalarAbs          000000018003f52a f   libmwmathutil:libmwmathutil.dll
 0001:0003e530       muDoubleScalarSign         000000018003f530 f   libmwmathutil:libmwmathutil.dll
 0001:0003e536       emlrtCreateRootTLS         000000018003f536 f   libemlrt:libemlrt.dll
 0001:0003e53c       emlrtDestroyRootTLS        000000018003f53c f   libemlrt:libemlrt.dll
 0001:0003e542       emlrtCheckBuiltInR2012b    000000018003f542 f   libemlrt:libemlrt.dll
 0001:0003e548       emlrtCheckVsBuiltInR2012b  000000018003f548 f   libemlrt:libemlrt.dll
 0001:0003e54e       emlrtCheckEnumR2012b       000000018003f54e f   libemlrt:libemlrt.dll
 0001:0003e554       emlrtCreateEnumR2012b      000000018003f554 f   libemlrt:libemlrt.dll
 0001:0003e55a       emlrtGetEnumElementR2009a  000000018003f55a f   libemlrt:libemlrt.dll
 0001:0003e560       emlrtCreateReference       000000018003f560 f   libemlrt:libemlrt.dll
 0001:0003e566       emlrtImportVsFiArrayR2009b 000000018003f566 f   libemlrt:libemlrt.dll
 0001:0003e56c       emlrtNameCapturePostProcessR2012a 000000018003f56c f   libemlrt:libemlrt.dll
 0001:0003e572       emlrtExtractMessageId      000000018003f572 f   libemlrt:libemlrt.dll
 0001:0003e578       emlrtTranslateMessageIDtoLCPstring 000000018003f578 f   libemlrt:libemlrt.dll
 0001:0003e57e       emlrtForLoopVectorIsValidR2011b 000000018003f57e f   libemlrt:libemlrt.dll
 0001:0003e584       emlrtTranslateUTF16MessagetoLCPstring 000000018003f584 f   libemlrt:libemlrt.dll
 0001:0003e58a       emlrtGetEnumUnderlyingArrayR2009a 000000018003f58a f   libemlrt:libemlrt.dll
 0001:0003e590       emlrtIsEnumR2009a          000000018003f590 f   libemlrt:libemlrt.dll
 0001:0003e598       __GSHandlerCheckCommon     000000018003f598 f   MSVCRT:gshandler.obj
 0001:0003e5fc       __GSHandlerCheck           000000018003f5fc f   MSVCRT:gshandler.obj
 0001:0003e61a       strlen                     000000018003f61a f   MSVCRT:MSVCR100.dll
 0001:0003e630       __security_check_cookie    000000018003f630 f   MSVCRT:amdsecgs.obj
 0001:0003e650       memset                     000000018003f650 f   MSVCRT:MSVCR100.dll
 0001:0003e656       malloc                     000000018003f656 f   MSVCRT:MSVCR100.dll
 0001:0003e65c       free                       000000018003f65c f   MSVCRT:MSVCR100.dll
 0001:0003e662       strcmp                     000000018003f662 f   MSVCRT:MSVCR100.dll
 0001:0003e668       sprintf                    000000018003f668 f   MSVCRT:MSVCR100.dll
 0001:0003e66e       strcat                     000000018003f66e f   MSVCRT:MSVCR100.dll
 0001:0003e674       memcpy                     000000018003f674 f   MSVCRT:MSVCR100.dll
 0001:0003e67c       NtCurrentTeb               000000018003f67c f i MSVCRT:crtdll.obj
 0001:0003e6e8       _CRT_INIT                  000000018003f6e8 f   MSVCRT:crtdll.obj
 0001:0003ea80       _DllMainCRTStartup         000000018003fa80 f   MSVCRT:crtdll.obj
 0001:0003eabe       strncpy                    000000018003fabe f   MSVCRT:MSVCR100.dll
 0001:0003eae0       _alloca_probe              000000018003fae0     MSVCRT:chkstk.obj
 0001:0003eae0       __chkstk                   000000018003fae0 f   MSVCRT:chkstk.obj
 0001:0003eb2e       longjmp                    000000018003fb2e f   MSVCRT:MSVCR100.dll
 0001:0003eb34       strncmp                    000000018003fb34 f   MSVCRT:MSVCR100.dll
 0001:0003eb3a       ceil                       000000018003fb3a f   MSVCRT:MSVCR100.dll
 0001:0003eb40       strrchr                    000000018003fb40 f   MSVCRT:MSVCR100.dll
 0001:0003eb46       _setjmp                    000000018003fb46 f   MSVCRT:MSVCR100.dll
 0001:0003eb4c       calloc                     000000018003fb4c f   MSVCRT:MSVCR100.dll
 0001:0003eb52       realloc                    000000018003fb52 f   MSVCRT:MSVCR100.dll
 0001:0003eb58       ldexp                      000000018003fb58 f   MSVCRT:MSVCR100.dll
 0001:0003eb60       __report_gsfailure         000000018003fb60 f   MSVCRT:gs_report.obj
 0001:0003ecac       __clean_type_info_names    000000018003fcac f   MSVCRT:tncleanup.obj
 0001:0003ecb8       _onexit                    000000018003fcb8 f   MSVCRT:atonexit.obj
 0001:0003ed68       atexit                     000000018003fd68 f   MSVCRT:atonexit.obj
 0001:0003ed80       _RTC_Initialize            000000018003fd80 f   MSVCRT:_initsect_.obj
 0001:0003edb8       _RTC_Terminate             000000018003fdb8 f   MSVCRT:_initsect_.obj
 0001:0003edf0       _malloc_crt                000000018003fdf0 f   MSVCRT:MSVCR100.dll
 0001:0003ee00       _ValidateImageBase         000000018003fe00 f   MSVCRT:pesect.obj
 0001:0003ee30       _FindPESection             000000018003fe30 f   MSVCRT:pesect.obj
 0001:0003ee80       _IsNonwritableInCurrentImage 000000018003fe80 f   MSVCRT:pesect.obj
 0001:0003eec2       _initterm                  000000018003fec2 f   MSVCRT:MSVCR100.dll
 0001:0003eec8       _initterm_e                000000018003fec8 f   MSVCRT:MSVCR100.dll
 0001:0003eece       _encoded_null              000000018003fece f   MSVCRT:MSVCR100.dll
 0001:0003eed4       _amsg_exit                 000000018003fed4 f   MSVCRT:MSVCR100.dll
 0001:0003eeda       __C_specific_handler       000000018003feda f   MSVCRT:MSVCR100.dll
 0001:0003eee0       __CppXcptFilter            000000018003fee0 f   MSVCRT:MSVCR100.dll
 0001:0003eee8       DllMain                    000000018003fee8 f   MSVCRT:dllmain.obj
 0001:0003ef0c       __security_init_cookie     000000018003ff0c f   MSVCRT:gs_support.obj
 0001:0003efc0       __crt_debugger_hook        000000018003ffc0 f   MSVCRT:MSVCR100.dll
 0001:0003efc6       __clean_type_info_names_internal 000000018003ffc6 f   MSVCRT:MSVCR100.dll
 0001:0003efcc       _unlock                    000000018003ffcc f   MSVCRT:MSVCR100.dll
 0001:0003efd2       __dllonexit                000000018003ffd2 f   MSVCRT:MSVCR100.dll
 0001:0003efd8       _lock                      000000018003ffd8 f   MSVCRT:MSVCR100.dll
 0001:0003efde       EncodePointer              000000018003ffde f   kernel32:KERNEL32.dll
 0001:0003efe4       DecodePointer              000000018003ffe4 f   kernel32:KERNEL32.dll
 0001:0003efea       Sleep                      000000018003ffea f   kernel32:KERNEL32.dll
 0001:0003eff0       TerminateProcess           000000018003fff0 f   kernel32:KERNEL32.dll
 0001:0003eff6       GetCurrentProcess          000000018003fff6 f   kernel32:KERNEL32.dll
 0001:0003effc       UnhandledExceptionFilter   000000018003fffc f   kernel32:KERNEL32.dll
 0001:0003f002       SetUnhandledExceptionFilter 0000000180040002 f   kernel32:KERNEL32.dll
 0001:0003f008       IsDebuggerPresent          0000000180040008 f   kernel32:KERNEL32.dll
 0001:0003f00e       RtlVirtualUnwind           000000018004000e f   kernel32:KERNEL32.dll
 0001:0003f014       RtlLookupFunctionEntry     0000000180040014 f   kernel32:KERNEL32.dll
 0001:0003f01a       RtlCaptureContext          000000018004001a f   kernel32:KERNEL32.dll
 0001:0003f020       DisableThreadLibraryCalls  0000000180040020 f   kernel32:KERNEL32.dll
 0001:0003f026       QueryPerformanceCounter    0000000180040026 f   kernel32:KERNEL32.dll
 0001:0003f02c       GetTickCount               000000018004002c f   kernel32:KERNEL32.dll
 0001:0003f032       GetCurrentThreadId         0000000180040032 f   kernel32:KERNEL32.dll
 0001:0003f038       GetCurrentProcessId        0000000180040038 f   kernel32:KERNEL32.dll
 0001:0003f03e       GetSystemTimeAsFileTime    000000018004003e f   kernel32:KERNEL32.dll
 0002:00000000       __imp_DisableThreadLibraryCalls 0000000180041000     kernel32:KERNEL32.dll
 0002:00000008       __imp_RtlCaptureContext    0000000180041008     kernel32:KERNEL32.dll
 0002:00000010       __imp_RtlLookupFunctionEntry 0000000180041010     kernel32:KERNEL32.dll
 0002:00000018       __imp_RtlVirtualUnwind     0000000180041018     kernel32:KERNEL32.dll
 0002:00000020       __imp_IsDebuggerPresent    0000000180041020     kernel32:KERNEL32.dll
 0002:00000028       __imp_SetUnhandledExceptionFilter 0000000180041028     kernel32:KERNEL32.dll
 0002:00000030       __imp_UnhandledExceptionFilter 0000000180041030     kernel32:KERNEL32.dll
 0002:00000038       __imp_GetCurrentProcess    0000000180041038     kernel32:KERNEL32.dll
 0002:00000040       __imp_TerminateProcess     0000000180041040     kernel32:KERNEL32.dll
 0002:00000048       __imp_Sleep                0000000180041048     kernel32:KERNEL32.dll
 0002:00000050       __imp_DecodePointer        0000000180041050     kernel32:KERNEL32.dll
 0002:00000058       __imp_EncodePointer        0000000180041058     kernel32:KERNEL32.dll
 0002:00000060       __imp_GetTickCount         0000000180041060     kernel32:KERNEL32.dll
 0002:00000068       __imp_GetCurrentThreadId   0000000180041068     kernel32:KERNEL32.dll
 0002:00000070       __imp_GetCurrentProcessId  0000000180041070     kernel32:KERNEL32.dll
 0002:00000078       __imp_GetSystemTimeAsFileTime 0000000180041078     kernel32:KERNEL32.dll
 0002:00000080       __imp_QueryPerformanceCounter 0000000180041080     kernel32:KERNEL32.dll
 0002:00000088       \177KERNEL32_NULL_THUNK_DATA 0000000180041088     kernel32:KERNEL32.dll
 0002:00000090       __imp_realloc              0000000180041090     MSVCRT:MSVCR100.dll
 0002:00000098       __imp__onexit              0000000180041098     MSVCRT:MSVCR100.dll
 0002:000000a0       __imp__lock                00000001800410a0     MSVCRT:MSVCR100.dll
 0002:000000a8       __imp___dllonexit          00000001800410a8     MSVCRT:MSVCR100.dll
 0002:000000b0       __imp__unlock              00000001800410b0     MSVCRT:MSVCR100.dll
 0002:000000b8       __imp___clean_type_info_names_internal 00000001800410b8     MSVCRT:MSVCR100.dll
 0002:000000c0       __imp___crt_debugger_hook  00000001800410c0     MSVCRT:MSVCR100.dll
 0002:000000c8       __imp___CppXcptFilter      00000001800410c8     MSVCRT:MSVCR100.dll
 0002:000000d0       __imp___C_specific_handler 00000001800410d0     MSVCRT:MSVCR100.dll
 0002:000000d8       __imp__amsg_exit           00000001800410d8     MSVCRT:MSVCR100.dll
 0002:000000e0       __imp__encoded_null        00000001800410e0     MSVCRT:MSVCR100.dll
 0002:000000e8       __imp__initterm_e          00000001800410e8     MSVCRT:MSVCR100.dll
 0002:000000f0       __imp__initterm            00000001800410f0     MSVCRT:MSVCR100.dll
 0002:000000f8       __imp__malloc_crt          00000001800410f8     MSVCRT:MSVCR100.dll
 0002:00000100       __imp_ldexp                0000000180041100     MSVCRT:MSVCR100.dll
 0002:00000108       __imp_strlen               0000000180041108     MSVCRT:MSVCR100.dll
 0002:00000110       __imp_calloc               0000000180041110     MSVCRT:MSVCR100.dll
 0002:00000118       __imp__setjmp              0000000180041118     MSVCRT:MSVCR100.dll
 0002:00000120       __imp_strrchr              0000000180041120     MSVCRT:MSVCR100.dll
 0002:00000128       __imp_ceil                 0000000180041128     MSVCRT:MSVCR100.dll
 0002:00000130       __imp_strncmp              0000000180041130     MSVCRT:MSVCR100.dll
 0002:00000138       __imp_longjmp              0000000180041138     MSVCRT:MSVCR100.dll
 0002:00000140       __imp_strncpy              0000000180041140     MSVCRT:MSVCR100.dll
 0002:00000148       __imp_memcpy               0000000180041148     MSVCRT:MSVCR100.dll
 0002:00000150       __imp_strcat               0000000180041150     MSVCRT:MSVCR100.dll
 0002:00000158       __imp_sprintf              0000000180041158     MSVCRT:MSVCR100.dll
 0002:00000160       __imp_strcmp               0000000180041160     MSVCRT:MSVCR100.dll
 0002:00000168       __imp_free                 0000000180041168     MSVCRT:MSVCR100.dll
 0002:00000170       __imp_malloc               0000000180041170     MSVCRT:MSVCR100.dll
 0002:00000178       __imp_memset               0000000180041178     MSVCRT:MSVCR100.dll
 0002:00000180       \177MSVCR100_NULL_THUNK_DATA 0000000180041180     MSVCRT:MSVCR100.dll
 0002:00000188       __imp_emlrtIsEnumR2009a    0000000180041188     libemlrt:libemlrt.dll
 0002:00000190       __imp_emlrtCheckVsBuiltInR2012b 0000000180041190     libemlrt:libemlrt.dll
 0002:00000198       __imp_emlrtGetEnumUnderlyingArrayR2009a 0000000180041198     libemlrt:libemlrt.dll
 0002:000001a0       __imp_emlrtTranslateUTF16MessagetoLCPstring 00000001800411a0     libemlrt:libemlrt.dll
 0002:000001a8       __imp_emlrtForLoopVectorIsValidR2011b 00000001800411a8     libemlrt:libemlrt.dll
 0002:000001b0       __imp_emlrtTranslateMessageIDtoLCPstring 00000001800411b0     libemlrt:libemlrt.dll
 0002:000001b8       __imp_emlrtExtractMessageId 00000001800411b8     libemlrt:libemlrt.dll
 0002:000001c0       __imp_emlrtCheckBuiltInR2012b 00000001800411c0     libemlrt:libemlrt.dll
 0002:000001c8       __imp_emlrtDestroyRootTLS  00000001800411c8     libemlrt:libemlrt.dll
 0002:000001d0       __imp_emlrtCreateRootTLS   00000001800411d0     libemlrt:libemlrt.dll
 0002:000001d8       __imp_emlrtCheckEnumR2012b 00000001800411d8     libemlrt:libemlrt.dll
 0002:000001e0       __imp_emlrtCreateEnumR2012b 00000001800411e0     libemlrt:libemlrt.dll
 0002:000001e8       __imp_emlrtGetEnumElementR2009a 00000001800411e8     libemlrt:libemlrt.dll
 0002:000001f0       __imp_emlrtCreateReference 00000001800411f0     libemlrt:libemlrt.dll
 0002:000001f8       __imp_emlrtImportVsFiArrayR2009b 00000001800411f8     libemlrt:libemlrt.dll
 0002:00000200       __imp_emlrtNameCapturePostProcessR2012a 0000000180041200     libemlrt:libemlrt.dll
 0002:00000208       \177libemlrt_NULL_THUNK_DATA 0000000180041208     libemlrt:libemlrt.dll
 0002:00000210       __imp_ssRegisterDataTypeFxpFSlopeFixExpBias 0000000180041210     libfixedpoint:libfixedpoint.dll
 0002:00000218       \177libfixedpoint_NULL_THUNK_DATA 0000000180041218     libfixedpoint:libfixedpoint.dll
 0002:00000220       __imp_mexGetVariable       0000000180041220     libmex:libmex.dll
 0002:00000228       __imp_mexFunctionName      0000000180041228     libmex:libmex.dll
 0002:00000230       __imp_mexMakeMemoryPersistent 0000000180041230     libmex:libmex.dll
 0002:00000238       __imp_mexPutVariable       0000000180041238     libmex:libmex.dll
 0002:00000240       __imp_mexSetTrapFlag       0000000180041240     libmex:libmex.dll
 0002:00000248       __imp_mexMakeArrayPersistent 0000000180041248     libmex:libmex.dll
 0002:00000250       __imp_mexErrMsgTxt         0000000180041250     libmex:libmex.dll
 0002:00000258       __imp_mexCallMATLAB        0000000180041258     libmex:libmex.dll
 0002:00000260       __imp_mexUnlock            0000000180041260     libmex:libmex.dll
 0002:00000268       __imp_mexIsLocked          0000000180041268     libmex:libmex.dll
 0002:00000270       __imp_mexWarnMsgTxt        0000000180041270     libmex:libmex.dll
 0002:00000278       __imp_mexLock              0000000180041278     libmex:libmex.dll
 0002:00000280       \177libmex_NULL_THUNK_DATA 0000000180041280     libmex:libmex.dll
 0002:00000288       __imp_muDoubleScalarAbs    0000000180041288     libmwmathutil:libmwmathutil.dll
 0002:00000290       __imp_muDoubleScalarSign   0000000180041290     libmwmathutil:libmwmathutil.dll
[...]
 0001:00014710       sf_mex_check_fimath        0000000180015710 f   sfc_mex:sfc_mex.obj
 0001:000152c0       size_mismatch_error        00000001800162c0 f   sfc_mex:sfc_mex.obj
 0001:00015d60       check_array_dimensions     0000000180016d60 f   sfc_mex:sfc_mex.obj
 0001:00015dd0       check_input_mxarray        0000000180016dd0 f   sfc_mex:sfc_mex.obj
 0001:00016510       sf_numeric_value_to_double 0000000180017510 f   sfc_mex:sfc_mex.obj
 0001:00016560       ml_generic_out_of_bounds_check 0000000180017560 f   sfc_mex:sfc_mex.obj
 0001:00016730       ml_get_element_value_from_array 0000000180017730 f   sfc_mex:sfc_mex.obj
 0001:00016ad0       _ml_generic_castability_check 0000000180017ad0 f   sfc_mex:sfc_mex.obj
 0001:00017830       ml_generic_castability_check 0000000180018830 f   sfc_mex:sfc_mex.obj
 0001:000178d0       ml_check_mx_array_for_single_castability 00000001800188d0 f   sfc_mex:sfc_mex.obj
 0001:00017970       ml_check_mx_array_for_logical_castability 0000000180018970 f   sfc_mex:sfc_mex.obj
 0001:00017a10       ml_check_mx_array_for_int8_castability 0000000180018a10 f   sfc_mex:sfc_mex.obj
 0001:00017ac0       ml_check_mx_array_for_uint8_castability 0000000180018ac0 f   sfc_mex:sfc_mex.obj
 0001:00017b20       ml_check_mx_array_for_int16_castability 0000000180018b20 f   sfc_mex:sfc_mex.obj
 0001:00017b80       ml_check_mx_array_for_uint16_castability 0000000180018b80 f   sfc_mex:sfc_mex.obj
 0001:00017be0       ml_check_mx_array_for_int32_castability 0000000180018be0 f   sfc_mex:sfc_mex.obj
 0001:00017c40       ml_check_mx_array_for_uint32_castability 0000000180018c40 f   sfc_mex:sfc_mex.obj
 0001:00017ca0       ml_check_mx_array_for_castability 0000000180018ca0 f   sfc_mex:sfc_mex.obj
 0001:000185d0       set_data_value             00000001800195d0 f   sfc_mex:sfc_mex.obj
 0001:00018940       get_data_value             0000000180019940 f   sfc_mex:sfc_mex.obj
 0001:00018a50       get_next_element_address   0000000180019a50 f   sfc_mex:sfc_mex.obj
 0001:00018b20       sf_normalize_index         0000000180019b20 f   sfc_mex:sfc_mex.obj
 0001:00018eb0       ml_array_index_bound_check 0000000180019eb0 f   sfc_mex:sfc_mex.obj
 0001:000199d0       mx_value                   000000018001a9d0 f   sfc_mex:sfc_mex.obj
 0001:00019a20       sf_create_numeric_array    000000018001aa20 f   sfc_mex:sfc_mex.obj
 0001:00019ac0       sf_mex_assign_to_mx_array  000000018001aac0 f   sfc_mex:sfc_mex.obj
 0001:00019e10       assign_from_mx_array       000000018001ae10 f   sfc_mex:sfc_mex.obj
 0001:0001a640       sf_mex_import_v            000000018001b640 f   sfc_mex:sfc_mex.obj
 0001:0001ad40       get_machine_and_chart_file_number 000000018001bd40 f   sfc_mex:sfc_sf.obj
 0001:0001ae30       get_sfun_block_specialization 000000018001be30 f   sfc_mex:sfc_sf.obj
 0001:0001aee0       call_sf_machine_global_method_dispatcher 000000018001bee0 f   sfc_mex:sfc_sf.obj
 0001:0001b130       mdl_zeroCrossings_processing 000000018001c130 f   sfc_mex:sfc_sf.obj
 0001:0001b200       mdl_derivatives_processing 000000018001c200 f   sfc_mex:sfc_sf.obj
 0001:0001b4c0       mdl_outputs_continuous_legacy 000000018001c4c0 f   sfc_mex:sfc_sf.obj
 0001:0001b540       mdl_outputs_processing     000000018001c540 f   sfc_mex:sfc_sf.obj
 0001:0001b7b0       mdl_enable_processing      000000018001c7b0 f   sfc_mex:sfc_sf.obj
 0001:0001b880       mdl_disable_processing     000000018001c880 f   sfc_mex:sfc_sf.obj
 0001:0001c5f0       sf_call_output_fcn_enable_disable 000000018001d5f0 f   sfc_mex:sfc_sf.obj
 0001:0001c870       set_dwork_information_from_mx_array 000000018001d870 f   sfc_mex:sfc_sf.obj
 0001:0001d130       ptr2mxStruct               000000018001e130 f   sfc_mex:sfc_sf.obj
 0001:0001d440       SNPRINTF_WRAPPER           000000018001e440 f   sfc_debug:sfcdebug.obj
 0001:0001d460       sf_debug_chart_instance_initialized_quick 000000018001e460 f   sfc_debug:sfcdebug.obj
 0001:0001d470       sf_debug_chart_instance_initialized 000000018001e470 f   sfc_debug:sfcdebug.obj
 0001:0001d610       sfrtAddSize                000000018001e610 f   sfc_debug:sfcdebug.obj
 0001:0001d6d0       sfrtGenSizeString          000000018001e6d0 f   sfc_debug:sfcdebug.obj
 0001:0001dde0       fill_single_message_info   000000018001ede0 f   sfc_debug:sfcdebug.obj
 0001:0001dfa0       sf_debug_sim_status_listener 000000018001efa0 f   sfc_debug:sfcdebug.obj
 0001:0001e510       sf_debug_form_mask_bits    000000018001f510 f   sfc_debug:sfcdebug.obj
 0001:0001e550       sf_debug_form_sf_data_type_offsets 000000018001f550 f   sfc_debug:sfcdebug.obj
 0001:0001e610       sf_debug_free_all          000000018001f610 f   sfc_debug:sfcdebug.obj
 0001:0001e7c0       sf_debug_append_debugger_context 000000018001f7c0 f   sfc_debug:sfcdebug.obj
 0001:0001e960       sf_debug_update_always_honor_breakpoints 000000018001f960 f   sfc_debug:sfcdebug.obj
 0001:0001eb30       local_strdup               000000018001fb30 f   sfc_debug:sfcdebug.obj
 0001:0001fa10       sf_debug_em_terminate      0000000180020a10 f   sfc_debug:sfcdebug.obj
 0001:0001fa50       sf_debug_push_eml_function 0000000180020a50 f   sfc_debug:sfcdebug.obj
 0001:0001faf0       sf_debug_pop_eml_function  0000000180020af0 f   sfc_debug:sfcdebug.obj
 0001:000207f0       sf_debug_get_machine_number_from_id_or_name 00000001800217f0 f   sfc_debug:sfcdebug.obj
 0001:00020940       sf_debug_get_chart_number_from_id 0000000180021940 f   sfc_debug:sfcdebug.obj
 0001:000216e0       sf_debug_transfer_control_to_debugger_GUI 00000001800226e0 f   sfc_debug:sfcdebug.obj
 0001:00022670       sf_debug_scripts_rehash    0000000180023670 f   sfc_debug:sfcdebug.obj
 0001:000228b0       sf_debug_get_script_line_count 00000001800238b0 f   sfc_debug:sfcdebug.obj
 0001:000231e0       cv_eml_state_cvId          00000001800241e0 f   sfc_debug:sfcdebug.obj
 0001:00023250       cv_eml_trans_cvId          0000000180024250 f   sfc_debug:sfcdebug.obj
 0001:000245e0       sf_debug_data_array_bounds_error 00000001800255e0 f   sfc_debug:sfcdebug.obj
 0001:00024a10       eml_debug_runtime_error_doclink 0000000180025a10 f   sfc_debug:sfcdebug.obj
 0001:00024b70       sf_debug_runtime_error     0000000180025b70 f   sfc_debug:sfcdebug.obj
 0001:00024be0       sf_debug_matlab_error      0000000180025be0 f   sfc_debug:sfcdebug.obj
 0001:00025520       sf_debug_data_value_error  0000000180026520 f   sfc_debug:sfcdebug.obj
 0001:00025e20       sf_debug_data_loss_error   0000000180026e20 f   sfc_debug:sfcdebug.obj
 0001:00026db0       call_cv_range_check        0000000180027db0 f   sfc_debug:sfcdebug.obj
 0001:00027580       sf_debug_invoke_cycle_detection_code 0000000180028580 f   sfc_debug:sfcdebug.obj
 0001:00028400       sf_reset_debug_info_struct 0000000180029400 f   sfc_debug:sfcdebug.obj
 0001:00028c60       cv_script_cvId             0000000180029c60 f   sfc_debug:sfcdebug.obj
 0001:000299c0       sfc_api_chart_visible      000000018002a9c0 f   sfc_debug:sfc_api.obj
 0001:00029a40       sfc_api_active_instance    000000018002aa40 f   sfc_debug:sfc_api.obj
 0001:00029ac0       sfc_api_machine_load       000000018002aac0 f   sfc_debug:sfc_api.obj
 0001:00029b90       sfc_api_debugger_alive     000000018002ab90 f   sfc_debug:sfc_api.obj
 0001:00029ba0       sfc_api_go                 000000018002aba0 f   sfc_debug:sfc_api.obj
 0001:00029bb0       sfc_api_step_over          000000018002abb0 f   sfc_debug:sfc_api.obj
 0001:00029bc0       sfc_api_step_out           000000018002abc0 f   sfc_debug:sfc_api.obj
 0001:00029bd0       sfc_api_resume             000000018002abd0 f   sfc_debug:sfc_api.obj
 0001:00029be0       sfc_api_break              000000018002abe0 f   sfc_debug:sfc_api.obj
 0001:00029bf0       sfc_api_stop_debugging     000000018002abf0 f   sfc_debug:sfc_api.obj
 0001:00029c40       sfc_api_is_cycle_detected  000000018002ac40 f   sfc_debug:sfc_api.obj
 0001:00029c90       sfc_api_is_array_bounds_detected 000000018002ac90 f   sfc_debug:sfc_api.obj
 0001:00029ce0       sfc_api_set_disable_all_breakpoints 000000018002ace0 f   sfc_debug:sfc_api.obj
 0001:00029d50       sfc_api_disable_all_breakpoints_and_go 000000018002ad50 f   sfc_debug:sfc_api.obj
 0001:00029d60       sfc_api_close              000000018002ad60 f   sfc_debug:sfc_api.obj
 0001:00029d70       sfc_api_browse_data        000000018002ad70 f   sfc_debug:sfc_api.obj
 0001:00029de0       sfc_api_watch_data         000000018002ade0 f   sfc_debug:sfc_api.obj
 0001:00029ee0       sfc_api_extract_message_post_receive_info 000000018002aee0 f   sfc_debug:sfc_api.obj
 0001:00029f00       sfc_api_assign_data        000000018002af00 f   sfc_debug:sfc_api.obj
 0001:00029fa0       sfc_api_whos               000000018002afa0 f   sfc_debug:sfc_api.obj
 0001:0002a030       sfc_api_get_consistency_info 000000018002b030 f   sfc_debug:sfc_api.obj
 0001:0002a040       sfc_api_browse_trace       000000018002b040 f   sfc_debug:sfc_api.obj
 0001:0002a050       sfc_api_break_on_chart_entry 000000018002b050 f   sfc_debug:sfc_api.obj
 0001:0002a070       sfc_api_break_on_event_broadcast 000000018002b070 f   sfc_debug:sfc_api.obj
 0001:0002a090       sfc_api_break_on_state_entry 000000018002b090 f   sfc_debug:sfc_api.obj
 0001:0002a0b0       sfc_api_set_watch          000000018002b0b0 f   sfc_debug:sfc_api.obj
 0001:0002a150       sfc_api_set_breakpoints    000000018002b150 f   sfc_debug:sfc_api.obj
 0001:0002a1f0       sfc_api_set_eml_breakpoints 000000018002b1f0 f   sfc_debug:sfc_api.obj
 0001:0002a270       sfc_api_set_script_breakpoints 000000018002b270 f   sfc_debug:sfc_api.obj
 0001:0002a2c0       sfc_api_add_script_breakpoints 000000018002b2c0 f   sfc_debug:sfc_api.obj
 0001:0002a310       sfc_api_clear_script_breakpoints 000000018002b310 f   sfc_debug:sfc_api.obj
 0001:0002a360       sfc_api_query_script_breakpoints 000000018002b360 f   sfc_debug:sfc_api.obj
 0001:0002a3c0       sfc_api_get_script_id      000000018002b3c0 f   sfc_debug:sfc_api.obj
 0001:0002a480       sfc_api_get_active_states  000000018002b480 f   sfc_debug:sfc_api.obj
 0001:0002a500       sfc_api_break_between_times 000000018002b500 f   sfc_debug:sfc_api.obj
 0001:0002a560       sfc_api_get_instance_handle 000000018002b560 f   sfc_debug:sfc_api.obj
 0001:0002a610       sfc_api_set_animation      000000018002b610 f   sfc_debug:sfc_api.obj
 0001:0002a660       sfc_api_select_chart       000000018002b660 f   sfc_debug:sfc_api.obj
 0001:0002a6c0       sfc_api_select_charts      000000018002b6c0 f   sfc_debug:sfc_api.obj
 0001:0002a6f0       sfc_api_cycle_detection_check 000000018002b6f0 f   sfc_debug:sfc_api.obj
 0001:0002a740       sfc_api_data_range_check   000000018002b740 f   sfc_debug:sfc_api.obj
 0001:0002a790       sfc_api_transition_conflict_check 000000018002b790 f   sfc_debug:sfc_api.obj
 0001:0002a7e0       sfc_api_state_consistency_check 000000018002b7e0 f   sfc_debug:sfc_api.obj
 0001:0002a830       sfc_api_set_instance_cv_ids 000000018002b830 f   sfc_debug:sfc_api.obj
 0001:0002a940       sfc_api_set_script_cv_ids  000000018002b940 f   sfc_debug:sfc_api.obj
 0001:0002a9f0       sfc_api_get_current_machine_id 000000018002b9f0 f   sfc_debug:sfc_api.obj
 0001:0002aa20       sfc_api_get_current_machine_number 000000018002ba20 f   sfc_debug:sfc_api.obj
 0001:0002aa50       sfc_api_get_current_chart_number 000000018002ba50 f   sfc_debug:sfc_api.obj
 0001:0002aa80       sfc_api_get_current_instance_number 000000018002ba80 f   sfc_debug:sfc_api.obj
 0001:0002aab0       sfc_api_get_current_instance_handle 000000018002bab0 f   sfc_debug:sfc_api.obj
 0001:0002aad0       sfc_api_get_current_is_minor_time_step 000000018002bad0 f   sfc_debug:sfc_api.obj
 0001:0002ab00       sfc_api_get_current_machine_name 000000018002bb00 f   sfc_debug:sfc_api.obj
 0001:0002ab20       sfc_api_get_current_chart_id 000000018002bb20 f   sfc_debug:sfc_api.obj
 0001:0002ab50       sfc_api_get_current_object_type 000000018002bb50 f   sfc_debug:sfc_api.obj
 0001:0002ab80       sfc_api_get_current_event_type 000000018002bb80 f   sfc_debug:sfc_api.obj
 0001:0002abb0       sfc_api_get_current_object_id 000000018002bbb0 f   sfc_debug:sfc_api.obj
 0001:0002abe0       sfc_get_current_active_event_type 000000018002bbe0 f   sfc_debug:sfc_api.obj
 0001:0002ac10       sfc_api_get_current_active_event_id 000000018002bc10 f   sfc_debug:sfc_api.obj
 0001:0002ac40       sfc_api_get_current_simulation_time 000000018002bc40 f   sfc_debug:sfc_api.obj
 0001:0002ac60       sfc_get_current_tag_type   000000018002bc60 f   sfc_debug:sfc_api.obj
 0001:0002ac90       sfc_get_current_coverage_percentage 000000018002bc90 f   sfc_debug:sfc_api.obj
 0001:0002acb0       sfc_get_current_statement_context 000000018002bcb0 f   sfc_debug:sfc_api.obj
 0001:0002acd0       sfc_get_current_optional_integer 000000018002bcd0 f   sfc_debug:sfc_api.obj
 0001:0002ad00       sfc_get_current_statement_info 000000018002bd00 f   sfc_debug:sfc_api.obj
 0001:0002ada0       sfc_api_get                000000018002bda0 f   sfc_debug:sfc_api.obj
 0001:0002ba10       sf_debug_sm_fill_state_activity_data 000000018002ca10 f   sfc_debug:sfdb_animation.obj
 0001:0002e310       void_ptr_stack_vector_free_total 000000018002f310 f   sfc_debug:sfdb_data_browse.obj
 0001:0002e3a0       sf_debug_st_terminate_machine 000000018002f3a0 f   sfc_debug:sfdb_data_browse.obj
 0001:0002e3e0       sf_debug_st_terminate_instance 000000018002f3e0 f   sfc_debug:sfdb_data_browse.obj
 0001:0002e790       push_on_to_void_ptr_stack  000000018002f790 f   sfc_debug:sfdb_data_browse.obj
 0001:0002e920       pop_from_void_ptr_stack    000000018002f920 f   sfc_debug:sfdb_data_browse.obj
 0001:0002ea50       sf_debug_st_get_data_value 000000018002fa50 f   sfc_debug:sfdb_data_browse.obj
 0001:0002efe0       mx_value                   000000018002ffe0 f   sfc_debug:sfdb_data_browse.obj
 0001:0002f020       sf_debug_st_fill_data_struct 0000000180030020 f   sfc_debug:sfdb_data_browse.obj
 0001:0002f360       data_type_format_strings   0000000180030360 f   sfc_debug:sfdb_data_browse.obj
 0001:0002f410       sf_debug_st_fill_data      0000000180030410 f   sfc_debug:sfdb_data_browse.obj
 0001:00030160       sf_debug_hm_get_simulink_handle 0000000180031160 f   sfc_debug:sfdb_handle_management.obj
 0001:00030c60       sf_debug_hm_initialize_globals 0000000180031c60 f   sfc_debug:sfdb_handle_management.obj
 0001:00030d60       sf_debug_hm_get_machine_debug_flag 0000000180031d60 f   sfc_debug:sfdb_handle_management.obj
 0001:00030ed0       sf_debug_hm_get_machine_id 0000000180031ed0 f   sfc_debug:sfdb_handle_management.obj
 0001:00030ff0       sf_debug_hm_get_chart_id   0000000180031ff0 f   sfc_debug:sfdb_handle_management.obj
 0001:00031190       sf_debug_hm_register_executing_SFunction 0000000180032190 f   sfc_debug:sfdb_handle_management.obj
 0001:00031520       sf_debug_hm_form_object_boolean_properties 0000000180032520 f   sfc_debug:sfdb_handle_management.obj
 0001:000317f0       sf_debug_hm_form_object_properties 00000001800327f0 f   sfc_debug:sfdb_handle_management.obj
 0001:00031a30       sf_debug_hm_terminate_charts 0000000180032a30 f   sfc_debug:sfdb_handle_management.obj
 0001:00032190       sf_debug_hm_terminate_machines 0000000180033190 f   sfc_debug:sfdb_handle_management.obj
 0001:00033d90       sf_debug_ss_copy_dimension 0000000180034d90 f   sfc_debug:sfdb_symbol_scope.obj
 0001:00033e50       sf_debug_ss_get_number_elements 0000000180034e50 f   sfc_debug:sfdb_symbol_scope.obj
 0001:00033e70       sf_debug_ss_fill_data_struct 0000000180034e70 f   sfc_debug:sfdb_symbol_scope.obj
 0001:000341c0       sf_debug_ss_reset_data_info 00000001800351c0 f   sfc_debug:sfdb_symbol_scope.obj
 0001:00034220       sf_debug_fill_data_info_by_symbol_scope_entry 0000000180035220 f   sfc_debug:sfdb_symbol_scope.obj
 0001:000342e0       sf_debug_fill_data_info_by_data_vector 00000001800352e0 f   sfc_debug:sfdb_symbol_scope.obj
 0001:00034530       get_data_info_helper       0000000180035530 f   sfc_debug:sfdb_symbol_scope.obj
 0001:00034630       sf_debug_ss_get_data_info  0000000180035630 f   sfc_debug:sfdb_symbol_scope.obj
 0001:00034860       sf_debug_select_mex_function 0000000180035860 f   sfc_debug:sfdb_symbol_scope.obj
 0001:00034890       sf_debug_is_dyn_matrix_initialized 0000000180035890 f   sfc_debug:sfdb_symbol_scope.obj
 0001:000348b0       sf_debug_ss_set_data_value_try 00000001800358b0 f   sfc_debug:sfdb_symbol_scope.obj
 0001:00034a80       sf_debug_ss_get_data_value 0000000180035a80 f   sfc_debug:sfdb_symbol_scope.obj
 0001:000351f0       sf_debug_ss_data_bytes_string 00000001800361f0 f   sfc_debug:sfdb_symbol_scope.obj
 0001:000352a0       sf_debug_ss_data_class_string 00000001800362a0 f   sfc_debug:sfdb_symbol_scope.obj
 0001:00035630       sf_debug_ss_data_size_string 0000000180036630 f   sfc_debug:sfdb_symbol_scope.obj
 0001:00035710       sf_debug_ss_data_create_data_info_struct 0000000180036710 f   sfc_debug:sfdb_symbol_scope.obj
 0001:000359e0       sf_debug_ss_data_create_name_value_pair 00000001800369e0 f   sfc_debug:sfdb_symbol_scope.obj
 0001:00035a80       sf_debug_ss_data_get_whos_info 0000000180036a80 f   sfc_debug:sfdb_symbol_scope.obj
 0001:00035a90       same_named_data_in_data_array 0000000180036a90 f   sfc_debug:sfdb_symbol_scope.obj
 0001:00037320       sf_debug_cc_terminate_chart 0000000180038320 f   sfc_debug:sfdb_coverage.obj
 0001:000376c0       sf_debug_cc_terminate_instance 00000001800386c0 f   sfc_debug:sfdb_coverage.obj
 0001:000382b0       sf_debug_cc_mark_object_if_needed 00000001800392b0 f   sfc_debug:sfdb_coverage.obj
 0001:00038bb0       sf_debug_bm_initialize_eml 0000000180039bb0 f   sfc_debug:sfdb_breakpoints.obj
 0001:00039cf0       sf_debug_bm_map_debug_tag_to_breakpoint_tag 000000018003acf0 f   sfc_debug:sfdb_breakpoints.obj
 0001:00039dd0       sf_debug_bm_is_a_eml_breakpoint_impl 000000018003add0 f   sfc_debug:sfdb_breakpoints.obj
 0001:0003b910       sf_debug_sc_push_on_error_stack 000000018003c910 f   sfc_debug:sfdb_state_consistency.obj
 0001:0003ba40       sf_debug_sc_reset_error_stack 000000018003ca40 f   sfc_debug:sfdb_state_consistency.obj
 0001:0003bbd0       sf_debug_sc_is_state_inconsistent 000000018003cbd0 f   sfc_debug:sfdb_state_consistency.obj
 0001:0003bed0       sf_debug_sc_fill_consistency_info 000000018003ced0 f   sfc_debug:sfdb_state_consistency.obj
 0001:0003c4b0       void_assertion_fcn         000000018003d4b0 f   sfc_debug:sfdb_call_stack.obj
 0001:0003ca30       sf_debug_tm_fill_local_trace 000000018003da30 f   sfc_debug:sfdb_call_stack.obj
 0001:0003d000       sf_debug_cd_terminate_instance 000000018003e000 f   sfc_debug:sfdb_cycle_detection.obj
 0001:0003d060       sf_debug_cd_free_checksum_stack 000000018003e060 f   sfc_debug:sfdb_cycle_detection.obj
 0001:0003d0b0       sf_debug_cd_reset_pack_strings 000000018003e0b0 f   sfc_debug:sfdb_cycle_detection.obj
 0001:0003d770       md5file_clear              000000018003e770 f   sfc_debug:ckmd5.obj
 0001:0003d7a0       Encode                     000000018003e7a0 f   sfc_debug:ckmd5.obj
 0001:0003d7f0       Decode                     000000018003e7f0 f   sfc_debug:ckmd5.obj
 0001:0003d890       MD5Transform               000000018003e890 f   sfc_debug:ckmd5.obj
 0001:0003e0e0       md5file_addn               000000018003f0e0 f   sfc_debug:ckmd5.obj
 0001:0003e1b0       md5file_hash               000000018003f1b0 f   sfc_debug:ckmd5.obj
 0001:0003e688       pre_c_init                 000000018003f688 f   MSVCRT:crtdll.obj
 0001:0003e944       __DllMainCRTStartup        000000018003f944 f   MSVCRT:crtdll.obj
 0001:0003f050       __DllMainCRTStartup$filt$0 0000000180040050 f   MSVCRT:crtdll.obj
 0001:0003f080       __DllMainCRTStartup$fin$1  0000000180040080 f   MSVCRT:crtdll.obj
 0001:0003f09a       _onexit$fin$0              000000018004009a f   MSVCRT:atonexit.obj
 0001:0003f0c0       _IsNonwritableInCurrentImage$filt$0 00000001800400c0 f   MSVCRT:pesect.obj
