 adap_sfun

 Timestamp is 5192fe3b (Wed May 15 11:17:15 2013)

 Preferred load address is 0000000180000000

 Start         Length     Name                   Class
 0001:00000000 0003ec34H .text                   CODE
 0001:0003ec40 00000092H .text$x                 CODE
 0002:00000000 000004a8H .idata$5                DATA
 0002:000004a8 00000008H .CRT$XCA                DATA
 0002:000004b0 00000008H .CRT$XCZ                DATA
 0002:000004b8 00000008H .CRT$XIA                DATA
 0002:000004c0 00000008H .CRT$XIAA               DATA
 0002:000004c8 00000008H .CRT$XIZ                DATA
 0002:000004d0 00004becH .rdata                  DATA
 0002:000050c0 00000008H .rtc$IAA                DATA
 0002:000050c8 00000008H .rtc$IZZ                DATA
 0002:000050d0 00000008H .rtc$TAA                DATA
 0002:000050d8 00000008H .rtc$TZZ                DATA
 0002:000050e0 000040ccH .xdata                  DATA
 0002:000091ac 000000a0H .idata$2                DATA
 0002:0000924c 00000014H .idata$3                DATA
 0002:00009260 000004a8H .idata$4                DATA
 0002:00009708 00000ad6H .idata$6                DATA
 0002:0000a1e0 0000004fH .edata                  DATA
 0003:00000000 00003608H .data                   DATA
 0003:00003620 000026d8H .bss                    DATA
 0004:00000000 00003210H .pdata                  DATA

  Address         Publics by Value              Rva+Base               Lib:Object

 0000:00000000       ___safe_se_handler_count   0000000000000000     <absolute>
 0000:00000000       ___safe_se_handler_table   0000000000000000     <absolute>
 0000:00000000       __ImageBase                0000000180000000     <linker-defined>
 0001:00000000       sf_c1_adap_get_eml_resolved_functions_info 0000000180001000 f   c1_adap.obj
 0001:00000fc0       sf_c1_adap_get_check_sum   0000000180001fc0 f   c1_adap.obj
 0001:00001040       sf_c1_adap_get_autoinheritance_info 0000000180002040 f   c1_adap.obj
 0001:00001fe0       sf_internal_get_sim_state_c1_adap 0000000180002fe0 f   c1_adap.obj
 0001:00002590       sf_internal_set_sim_state_c1_adap 0000000180003590 f   c1_adap.obj
 0001:00002a70       c1_adap_method_dispatcher  0000000180003a70 f   c1_adap.obj
 0001:000070f0       sf_c2_adap_get_eml_resolved_functions_info 00000001800080f0 f   c2_adap.obj
 0001:00007ce0       sf_c2_adap_get_check_sum   0000000180008ce0 f   c2_adap.obj
 0001:00007d60       sf_c2_adap_get_autoinheritance_info 0000000180008d60 f   c2_adap.obj
 0001:000087e0       sf_internal_get_sim_state_c2_adap 00000001800097e0 f   c2_adap.obj
 0001:00008c00       sf_internal_set_sim_state_c2_adap 0000000180009c00 f   c2_adap.obj
 0001:00009040       c2_adap_method_dispatcher  000000018000a040 f   c2_adap.obj
 0001:0000c590       sf_process_check_sum_call  000000018000d590 f   adap_sfun_registry.obj
 0001:0000c5e0       sf_process_autoinheritance_call 000000018000d5e0 f   adap_sfun_registry.obj
 0001:0000c780       sf_process_get_eml_resolved_functions_info_call 000000018000d780 f   adap_sfun_registry.obj
 0001:0000c900       sf_mex_unlock_call         000000018000d900 f   adap_sfun_registry.obj
 0001:0000c9b0       sf_machine_global_initializer_called 000000018000d9b0 f   adap_sfun_registry.obj
 0001:0000c9e0       sf_machine_global_method_dispatcher 000000018000d9e0 f   adap_sfun_registry.obj
 0001:0000ca40       sf_machine_global_terminator 000000018000da40 f   adap_sfun_registry.obj
 0001:0000ca80       sf_register_machine_exported_symbols 000000018000da80 f   adap_sfun_registry.obj
 0001:0000caa0       callCustomFcn              000000018000daa0 f   adap_sfun_registry.obj
 0001:0000cab0       sf_machine_global_initializer 000000018000dab0 f   adap_sfun_registry.obj
 0001:0000cb20       _ssSetStateAbsTol          000000018000db20 f   adap_sfun_registry.obj
 0001:0000cc00       _ssGetAbsTol               000000018000dc00 f   adap_sfun_registry.obj
 0001:0000cc70       _ssSetInputPortMatrixDimensions 000000018000dc70 f   adap_sfun_registry.obj
 0001:0000cd80       _ssSetOutputPortMatrixDimensions 000000018000dd80 f   adap_sfun_registry.obj
 0001:0000ce90       _ssSetInputPortVectorDimension 000000018000de90 f   adap_sfun_registry.obj
 0001:0000cf60       _ssSetOutputPortVectorDimension 000000018000df60 f   adap_sfun_registry.obj
 0001:0000d030       ssIsRunTimeParamTunable    000000018000e030 f   adap_sfun_registry.obj
 0001:0000d0a0       ssGetSFuncBlockHandle      000000018000e0a0 f   adap_sfun_registry.obj
 0001:0000d110       _ssGetCurrentInputPortWidth 000000018000e110 f   adap_sfun_registry.obj
 0001:0000d230       _ssGetCurrentOutputPortWidth 000000018000e230 f   adap_sfun_registry.obj
 0001:0000d350       _ssGetCallSystemNumFcnCallDestinations 000000018000e350 f   adap_sfun_registry.obj
 0001:0000d3c0       ssWarning                  000000018000e3c0 f   adap_sfun_registry.obj
 0001:0000d4d0       ssGetIsZeroCrossControlDisabled 000000018000e4d0 f   adap_sfun_registry.obj
 0001:0000d540       ssSetIsInputPortUsedForContZcSignal 000000018000e540 f   adap_sfun_registry.obj
 0001:0000d5b0       ssSetZcSignalIsZcElementDisc 000000018000e5b0 f   adap_sfun_registry.obj
 0001:0000d660       ssSetZcSignalName          000000018000e660 f   adap_sfun_registry.obj
 0001:0000d6d0       ssSetZcSignalWidth         000000018000e6d0 f   adap_sfun_registry.obj
 0001:0000d740       ssSetZcSignalZcEventType   000000018000e740 f   adap_sfun_registry.obj
 0001:0000d7b0       ssSetZcSignalType          000000018000e7b0 f   adap_sfun_registry.obj
 0001:0000d820       ssSetZcSignalZcTol         000000018000e820 f   adap_sfun_registry.obj
 0001:0000d890       ssSetZcSignalNeedsEventNotification 000000018000e890 f   adap_sfun_registry.obj
 0001:0000d900       ssCreateAndAddZcSignalInfo 000000018000e900 f   adap_sfun_registry.obj
 0001:0000d970       ssCloneAndAddZcSignalInfo  000000018000e970 f   adap_sfun_registry.obj
 0001:0000d9e0       ssGetNumZcSignals          000000018000e9e0 f   adap_sfun_registry.obj
 0001:0000da50       ssGetZcSignalVector        000000018000ea50 f   adap_sfun_registry.obj
 0001:0000dac0       ssGetZcSignalZcEvents      000000018000eac0 f   adap_sfun_registry.obj
 0001:0000db30       ssGetZcSignalName          000000018000eb30 f   adap_sfun_registry.obj
 0001:0000dba0       ssGetZcSignalWidth         000000018000eba0 f   adap_sfun_registry.obj
 0001:0000dc10       ssGetZcSignalZcEventType   000000018000ec10 f   adap_sfun_registry.obj
 0001:0000dc80       ssGetZcSignalType          000000018000ec80 f   adap_sfun_registry.obj
 0001:0000dcf0       ssGetZcSignalZcTol         000000018000ecf0 f   adap_sfun_registry.obj
 0001:0000dd70       ssGetZcSignalNeedsEventNotification 000000018000ed70 f   adap_sfun_registry.obj
 0001:0000dde0       ssGetZcSignalIsZcElementDisc 000000018000ede0 f   adap_sfun_registry.obj
 0001:0000de80       ssGetIsInputPortElementContinuous 000000018000ee80 f   adap_sfun_registry.obj
 0001:0000df20       _ssGetInputPortSignalPtrsFcn 000000018000ef20 f   adap_sfun_registry.obj
 0001:0000e1e0       _ssGetInputPortSignalFcn   000000018000f1e0 f   adap_sfun_registry.obj
 0001:0000e400       _ssSetInputPortDirectFeedThroughFcn 000000018000f400 f   adap_sfun_registry.obj
 0001:0000e560       _ssSetInputPortReusableFcn 000000018000f560 f   adap_sfun_registry.obj
 0001:0000e650       _ssSetOutputPortReusableFcn 000000018000f650 f   adap_sfun_registry.obj
 0001:0000e730       ssGetDTypeIdFromMxArray    000000018000f730 f   adap_sfun_registry.obj
 0001:0000e850       ssWriteRTWStr              000000018000f850 f   adap_sfun_registry.obj
 0001:0000e8b0       ssWriteRTWMxVectParam      000000018000f8b0 f   adap_sfun_registry.obj
 0001:0000e910       ssWriteRTWMx2dMatParam     000000018000f910 f   adap_sfun_registry.obj
 0001:0000e990       ssWriteRTWNameValuePair    000000018000f990 f   adap_sfun_registry.obj
 0001:0000ee80       ssWriteRTWParameters       000000018000fe80 f   adap_sfun_registry.obj
 0001:0000f480       ssWriteRTWParamSettings    0000000180010480 f   adap_sfun_registry.obj
 0001:0000fb50       ssWriteRTWWorkVect         0000000180010b50 f   adap_sfun_registry.obj
 0001:00010050       mexFunction                0000000180011050 f   adap_sfun_registry.obj
 0001:00011d10       ProcessMexSfunctionEveryCall 0000000180012d10 f   adap_sfun_registry.obj
 0001:00011e80       adap_initializer           0000000180012e80 f   adap_sfun.obj
 0001:00011e90       adap_terminator            0000000180012e90 f   adap_sfun.obj
 0001:00011ea0       sf_adap_method_dispatcher  0000000180012ea0 f   adap_sfun.obj
 0001:00011f10       sf_adap_process_check_sum_call 0000000180012f10 f   adap_sfun.obj
 0001:00012330       sf_adap_autoinheritance_info 0000000180013330 f   adap_sfun.obj
 0001:000124f0       sf_adap_get_eml_resolved_functions_info 00000001800134f0 f   adap_sfun.obj
 0001:00012660       adap_debug_initialize      0000000180013660 f   adap_sfun.obj
 0001:000126d0       adap_register_exported_symbols 00000001800136d0 f   adap_sfun.obj
 0001:000126e0       load_adap_optimization_info 00000001800136e0 f   adap_sfun.obj
 0001:00012730       unload_adap_optimization_info 0000000180013730 f   adap_sfun.obj
 0001:00012850       sf_mex_mx_is_numeric       0000000180013850 f   sfc_mex:sfc_mex.obj
 0001:00012890       strcmp_ignore_ws           0000000180013890 f   sfc_mex:sfc_mex.obj
 0001:000129d0       sf_mex_duplicatearraysafe  00000001800139d0 f   sfc_mex:sfc_mex.obj
 0001:00012b30       sf_set_error_debugger_context_message_fcn 0000000180013b30 f   sfc_mex:sfc_mex.obj
 0001:00012b40       sf_set_debugger_matlab_error_fcn 0000000180013b40 f   sfc_mex:sfc_mex.obj
 0001:00012b70       sf_set_error_prefix_string 0000000180013b70 f   sfc_mex:sfc_mex.obj
 0001:00012ba0       sf_get_error_prefix_string 0000000180013ba0 f   sfc_mex:sfc_mex.obj
 0001:00012bb0       sf_mex_enter_parallel_region 0000000180013bb0 f   sfc_mex:sfc_mex.obj
 0001:00012bc0       sf_mex_exit_parallel_region 0000000180013bc0 f   sfc_mex:sfc_mex.obj
 0001:00012bd0       sf_get_current_jmp_buf_ptr 0000000180013bd0 f   sfc_mex:sfc_mex.obj
 0001:00012be0       sf_set_current_jmp_buf_ptr 0000000180013be0 f   sfc_mex:sfc_mex.obj
 0001:00012bf0       sf_mex_set_halt_simulation 0000000180013bf0 f   sfc_mex:sfc_mex.obj
 0001:00012c00       sf_mex_get_halt_simulation 0000000180013c00 f   sfc_mex:sfc_mex.obj
 0001:00012c10       sf_mex_clear_error_message 0000000180013c10 f   sfc_mex:sfc_mex.obj
 0001:00012c30       sf_mex_get_error_message_for_read 0000000180013c30 f   sfc_mex:sfc_mex.obj
 0001:00012c40       sf_mex_get_error_message_buffer_length 0000000180013c40 f   sfc_mex:sfc_mex.obj
 0001:00012d20       sf_mex_warning_message     0000000180013d20 f   sfc_mex:sfc_mex.obj
 0001:00012d90       sf_mex_v_errbuf_createf    0000000180013d90 f   sfc_mex:sfc_mex.obj
 0001:00012da0       sf_mex_errbuf_createf      0000000180013da0 f   sfc_mex:sfc_mex.obj
 0001:00012dd0       sf_mex_v_errbuf_catf       0000000180013dd0 f   sfc_mex:sfc_mex.obj
 0001:00012e10       sf_mex_errbuf_catf         0000000180013e10 f   sfc_mex:sfc_mex.obj
 0001:00012e60       sf_mex_errbuf_copy         0000000180013e60 f   sfc_mex:sfc_mex.obj
 0001:00012e70       sf_mex_errbuf_clear        0000000180013e70 f   sfc_mex:sfc_mex.obj
 0001:00012e80       sf_mex_errbuf_isempty      0000000180013e80 f   sfc_mex:sfc_mex.obj
 0001:00012f90       sf_mex_set_error_status    0000000180013f90 f   sfc_mex:sfc_mex.obj
 0001:00012fe0       sf_mex_error_direct_call   0000000180013fe0 f   sfc_mex:sfc_mex.obj
 0001:00013000       sf_mex_error_message_no_long_jump 0000000180014000 f   sfc_mex:sfc_mex.obj
 0001:00013020       sf_mex_long_jump_on_error  0000000180014020 f   sfc_mex:sfc_mex.obj
 0001:00013050       sf_mex_call_matlab         0000000180014050 f   sfc_mex:sfc_mex.obj
 0001:00013170       sf_mex_check_builtin       0000000180014170 f   sfc_mex:sfc_mex.obj
 0001:00013210       sf_mex_check_builtin_vs    0000000180014210 f   sfc_mex:sfc_mex.obj
 0001:000132d0       sf_mex_check_enum          00000001800142d0 f   sfc_mex:sfc_mex.obj
 0001:00013350       sf_mex_create_enum         0000000180014350 f   sfc_mex:sfc_mex.obj
 0001:000133c0       sf_mex_get_enum_element    00000001800143c0 f   sfc_mex:sfc_mex.obj
 0001:000133d0       sf_mex_createcellarray     00000001800143d0 f   sfc_mex:sfc_mex.obj
 0001:000133e0       sf_mex_setcell             00000001800143e0 f   sfc_mex:sfc_mex.obj
 0001:000133f0       sf_mex_getcell             00000001800143f0 f   sfc_mex:sfc_mex.obj
 0001:00013400       sf_mex_dup                 0000000180014400 f   sfc_mex:sfc_mex.obj
 0001:00013420       sf_mex_assign              0000000180014420 f   sfc_mex:sfc_mex.obj
 0001:000134a0       sf_mex_destroy             00000001800144a0 f   sfc_mex:sfc_mex.obj
 0001:000134d0       mx_array_has_fi_type       00000001800144d0 f   sfc_mex:sfc_mex.obj
 0001:00013500       sf_mex_convert_from_fi     0000000180014500 f   sfc_mex:sfc_mex.obj
 0001:00013630       sf_mex_convert_to_double   0000000180014630 f   sfc_mex:sfc_mex.obj
 0001:00013750       sf_mex_import_fi_vs        0000000180014750 f   sfc_mex:sfc_mex.obj
 0001:00013910       sf_matrix_matrix_index_ok  0000000180014910 f   sfc_mex:sfc_mex.obj
 0001:000139a0       sf_vector_vector_index_ok  00000001800149a0 f   sfc_mex:sfc_mex.obj
 0001:000139d0       ssGetCurrentInputPortDimensions_wrapper 00000001800149d0 f   sfc_mex:sfc_mex.obj
 0001:000139f0       ssGetCurrentOutputPortDimensions_wrapper 00000001800149f0 f   sfc_mex:sfc_mex.obj
 0001:00013a10       sf_mex_emlrt_context_is_debug_mode 0000000180014a10 f   sfc_mex:sfc_mex.obj
 0001:00013a20       sf_mex_emlrt_context_set_debug_mode 0000000180014a20 f   sfc_mex:sfc_mex.obj
 0001:00013a30       sf_mex_emlrtNameCapturePostProcessR2012a 0000000180014a30 f   sfc_mex:sfc_mex.obj
 0001:00013aa0       sf_clear_error_manager_info 0000000180014aa0 f   sfc_mex:sfc_mex.obj
 0001:00013b00       sf_mex_stop_simulation_abruptly_wo_error 0000000180014b00 f   sfc_mex:sfc_mex.obj
 0001:00013b40       sf_mex_error_message       0000000180014b40 f   sfc_mex:sfc_mex.obj
 0001:00013ba0       sf_react_to_error_in_matlab_call 0000000180014ba0 f   sfc_mex:sfc_mex.obj
 0001:00013bd0       sf_mex_addfield            0000000180014bd0 f   sfc_mex:sfc_mex.obj
 0001:00013c70       sf_mex_getfield            0000000180014c70 f   sfc_mex:sfc_mex.obj
 0001:00013f70       sf_mex_check_class         0000000180014f70 f   sfc_mex:sfc_mex.obj
 0001:00014010       sf_mex_is_real             0000000180015010 f   sfc_mex:sfc_mex.obj
 0001:00014480       sf_mex_decode_encoded_mx_struct_array 0000000180015480 f   sfc_mex:sfc_mex.obj
 0001:00014760       sf_mex_lw_bounds_check     0000000180015760 f   sfc_mex:sfc_mex.obj
 0001:00014790       sf_mex_lw_size_eq_check_1d 0000000180015790 f   sfc_mex:sfc_mex.obj
 0001:000147b0       sf_mex_lw_size_eq_check_nd 00000001800157b0 f   sfc_mex:sfc_mex.obj
 0001:00014990       sf_mex_lw_dim_size_eq_check 0000000180015990 f   sfc_mex:sfc_mex.obj
 0001:000149c0       sf_mex_lw_dim_size_geq_check 00000001800159c0 f   sfc_mex:sfc_mex.obj
 0001:000149f0       sf_mex_lw_sub_assign_size_check_nd 00000001800159f0 f   sfc_mex:sfc_mex.obj
 0001:00014c20       sf_mex_lw_runtime_error_msgid 0000000180015c20 f   sfc_mex:sfc_mex.obj
 0001:00014d10       sf_mex_lw_matrix_matrix_index_check 0000000180015d10 f   sfc_mex:sfc_mex.obj
 0001:00014d30       sf_mex_lw_vector_vector_index_check 0000000180015d30 f   sfc_mex:sfc_mex.obj
 0001:00014d70       sf_mex_lw_for_loop_vector_check 0000000180015d70 f   sfc_mex:sfc_mex.obj
 0001:00014e00       sf_mex_lw_non_negative_check 0000000180015e00 f   sfc_mex:sfc_mex.obj
 0001:00014e40       sf_mex_overflow_error      0000000180015e40 f   sfc_mex:sfc_mex.obj
 0001:00014e50       sf_mex_dividebyzero_error  0000000180015e50 f   sfc_mex:sfc_mex.obj
 0001:00014e60       sf_mex_unsafe_enum_error   0000000180015e60 f   sfc_mex:sfc_mex.obj
 0001:00014e70       sf_emlrtErrHandler         0000000180015e70 f   sfc_mex:sfc_mex.obj
 0001:00014f50       sf_mex_size_one_check      0000000180015f50 f   sfc_mex:sfc_mex.obj
 0001:00014f70       sf_mex_printf              0000000180015f70 f   sfc_mex:sfc_mex.obj
 0001:00015140       sf_mex_check_size          0000000180016140 f   sfc_mex:sfc_mex.obj
 0001:00015410       sf_mex_check_struct        0000000180016410 f   sfc_mex:sfc_mex.obj
 0001:00015670       sf_mex_check_struct_vs     0000000180016670 f   sfc_mex:sfc_mex.obj
 0001:00015700       sf_mex_check_fi            0000000180016700 f   sfc_mex:sfc_mex.obj
 0001:00015800       sf_mex_check_fi_vs         0000000180016800 f   sfc_mex:sfc_mex.obj
 0001:000158a0       sf_echo_expression         00000001800168a0 f   sfc_mex:sfc_mex.obj
 0001:00015900       sf_assertion_failed        0000000180016900 f   sfc_mex:sfc_mex.obj
 0001:00015be0       sf_mex_evalin              0000000180016be0 f   sfc_mex:sfc_mex.obj
 0001:00015e50       sf_mex_export              0000000180016e50 f   sfc_mex:sfc_mex.obj
 0001:00015f10       sf_mex_get_ml_var_no_error 0000000180016f10 f   sfc_mex:sfc_mex.obj
 0001:000160b0       sf_mex_get_ml_var          00000001800170b0 f   sfc_mex:sfc_mex.obj
 0001:00016550       ml_set_element_value_in_array 0000000180017550 f   sfc_mex:sfc_mex.obj
 0001:00017c20       sf_mex_call_impl           0000000180018c20 f   sfc_mex:sfc_mex.obj
 0001:00018150       sf_mex_call_debug          0000000180019150 f   sfc_mex:sfc_mex.obj
 0001:00018180       sf_mex_call                0000000180019180 f   sfc_mex:sfc_mex.obj
 0001:000187d0       sf_mex_createstruct        00000001800197d0 f   sfc_mex:sfc_mex.obj
 0001:000188c0       sf_mex_createstructarray   00000001800198c0 f   sfc_mex:sfc_mex.obj
 0001:00018940       sf_mex_get_mx_datatype_from_sf_datatype 0000000180019940 f   sfc_mex:sfc_mex.obj
 0001:00018c50       sf_mex_ml_var_sub          0000000180019c50 f   sfc_mex:sfc_mex.obj
 0001:00018e20       sf_mex_ml_var_subsasgn     0000000180019e20 f   sfc_mex:sfc_mex.obj
 0001:00019210       sf_mex_sub                 000000018001a210 f   sfc_mex:sfc_mex.obj
 0001:00019410       sf_mex_subsasgn            000000018001a410 f   sfc_mex:sfc_mex.obj
 0001:000198f0       sf_mex_create              000000018001a8f0 f   sfc_mex:sfc_mex.obj
 0001:0001a340       sf_mex_import_named        000000018001b340 f   sfc_mex:sfc_mex.obj
 0001:0001a3a0       sf_mex_import              000000018001b3a0 f   sfc_mex:sfc_mex.obj
 0001:0001a3f0       sf_mex_import_vs           000000018001b3f0 f   sfc_mex:sfc_mex.obj
 0001:0001a500       sf_mex_lower_fixpt_mx_array 000000018001b500 f   sfc_mex:sfc_mex.obj
 0001:0001a7f0       sf_send_message_wrapper    000000018001b7f0 f   sfc_mex:sfc_sf.obj
 0001:0001a820       sf_receive_message_wrapper 000000018001b820 f   sfc_mex:sfc_sf.obj
 0001:0001a860       sf_check_out_message_wrapper 000000018001b860 f   sfc_mex:sfc_sf.obj
 0001:0001a8a0       sf_check_in_message_wrapper 000000018001b8a0 f   sfc_mex:sfc_sf.obj
 0001:0001a8e0       sf_no_message_wrapper      000000018001b8e0 f   sfc_mex:sfc_sf.obj
 0001:0001ac70       sim_mode_is_rtw_gen        000000018001bc70 f   sfc_mex:sfc_sf.obj
 0001:0001aca0       sim_mode_is_external       000000018001bca0 f   sfc_mex:sfc_sf.obj
 0001:0001acb0       sim_mode_is_modelref_sim   000000018001bcb0 f   sfc_mex:sfc_sf.obj
 0001:0001acd0       mdlInitializeSizes         000000018001bcd0 f   sfc_mex:sfc_sf.obj
 0001:0001acf0       mdlInitializeSampleTimes   000000018001bcf0 f   sfc_mex:sfc_sf.obj
 0001:0001ad30       mdlZeroCrossings           000000018001bd30 f   sfc_mex:sfc_sf.obj
 0001:0001ae10       mdlDerivatives             000000018001be10 f   sfc_mex:sfc_sf.obj
 0001:0001aec0       mdl_initialize_conditions_processing 000000018001bec0 f   sfc_mex:sfc_sf.obj
 0001:0001aef0       mdlInitializeConditions    000000018001bef0 f   sfc_mex:sfc_sf.obj
 0001:0001afb0       mdlGetSimState             000000018001bfb0 f   sfc_mex:sfc_sf.obj
 0001:0001afc0       mdlSetSimState             000000018001bfc0 f   sfc_mex:sfc_sf.obj
 0001:0001afd0       mdl_ext_mode_exec_processing 000000018001bfd0 f   sfc_mex:sfc_sf.obj
 0001:0001aff0       mdlExtModeExec             000000018001bff0 f   sfc_mex:sfc_sf.obj
 0001:0001b180       mdlTerminate               000000018001c180 f   sfc_mex:sfc_sf.obj
 0001:0001b1f0       mdlRTW                     000000018001c1f0 f   sfc_mex:sfc_sf.obj
 0001:0001b220       mdlSetWorkWidths           000000018001c220 f   sfc_mex:sfc_sf.obj
 0001:0001b230       mdlProcessParameters       000000018001c230 f   sfc_mex:sfc_sf.obj
 0001:0001b240       mdl_start_processing       000000018001c240 f   sfc_mex:sfc_sf.obj
 0001:0001b2a0       mdlStart                   000000018001c2a0 f   sfc_mex:sfc_sf.obj
 0001:0001b3b0       mdlEnable                  000000018001c3b0 f   sfc_mex:sfc_sf.obj
 0001:0001b480       mdlDisable                 000000018001c480 f   sfc_mex:sfc_sf.obj
 0001:0001b530       sf_get_chart_instance_ptr  000000018001c530 f   sfc_mex:sfc_sf.obj
 0001:0001b550       sf_load_rtw_optimization_info 000000018001c550 f   sfc_mex:sfc_sf.obj
 0001:0001b620       sf_rtw_info_uint_prop      000000018001c620 f   sfc_mex:sfc_sf.obj
 0001:0001b760       sf_is_chart_inlinable      000000018001c760 f   sfc_mex:sfc_sf.obj
 0001:0001b780       sf_mark_output_events_with_multiple_callers 000000018001c780 f   sfc_mex:sfc_sf.obj
 0001:0001b910       sf_mark_chart_reusable_outputs 000000018001c910 f   sfc_mex:sfc_sf.obj
 0001:0001bb70       sf_mark_chart_expressionable_inputs 000000018001cb70 f   sfc_mex:sfc_sf.obj
 0001:0001bdd0       sf_get_subchart_simstruct  000000018001cdd0 f   sfc_mex:sfc_sf.obj
 0001:0001be20       sf_get_fixpt_data_type_id  000000018001ce20 f   sfc_mex:sfc_sf.obj
 0001:0001be60       sf_get_enum_data_type_id   000000018001ce60 f   sfc_mex:sfc_sf.obj
 0001:0001bea0       sf_get_param_data_type_id  000000018001cea0 f   sfc_mex:sfc_sf.obj
 0001:0001bed0       sf_mex_listen_for_ctrl_c_force 000000018001ced0 f   sfc_mex:sfc_sf.obj
 0001:0001bfe0       sf_mex_draw_now            000000018001cfe0 f   sfc_mex:sfc_sf.obj
 0001:0001c020       sf_mex_set_debugger_sim_status_listener_fcn 000000018001d020 f   sfc_mex:sfc_sf.obj
 0001:0001c030       sf_mex_listen_for_ctrl_c   000000018001d030 f   sfc_mex:sfc_sf.obj
 0001:0001c0c0       sf_mex_get_sfun_param      000000018001d0c0 f   sfc_mex:sfc_sf.obj
 0001:0001c110       sf_get_runtime_param_data  000000018001d110 f   sfc_mex:sfc_sf.obj
 0001:0001c150       sf_call_output_fcn_call    000000018001d150 f   sfc_mex:sfc_sf.obj
 0001:0001c290       sf_call_output_fcn_enable  000000018001d290 f   sfc_mex:sfc_sf.obj
 0001:0001c320       sf_call_output_fcn_disable 000000018001d320 f   sfc_mex:sfc_sf.obj
 0001:0001c3b0       sf_clear_rtw_identifier    000000018001d3b0 f   sfc_mex:sfc_sf.obj
 0001:0001cba0       sf_set_encoded_dwork_info  000000018001dba0 f   sfc_mex:sfc_sf.obj
 0001:0001cbf0       sf_get_dwork_info_from_mat_file 000000018001dbf0 f   sfc_mex:sfc_sf.obj
 0001:0001cdb0       sf_set_rtw_dwork_info      000000018001ddb0 f   sfc_mex:sfc_sf.obj
 0001:0001cf20       mdlOutputs                 000000018001df20 f   sfc_mex:sfc_sf.obj
 0001:0001d0c0       sf_debug_disp              000000018001e0c0 f   sfc_debug:sfcdebug.obj
 0001:0001d320       sf_debug_data_runtime_size_mismatch_error_check 000000018001e320 f   sfc_debug:sfcdebug.obj
 0001:0001d3c0       sf_debug_try_loading_machine 000000018001e3c0 f   sfc_debug:sfcdebug.obj
 0001:0001d4c0       sf_debug_reset_current_state_configuration 000000018001e4c0 f   sfc_debug:sfcdebug.obj
 0001:0001d550       sf_debug_store_current_state_configuration 000000018001e550 f   sfc_debug:sfcdebug.obj
 0001:0001d5e0       sf_debug_restore_previous_state_configuration 000000018001e5e0 f   sfc_debug:sfcdebug.obj
 0001:0001d670       sf_debug_restore_previous_state_configuration2 000000018001e670 f   sfc_debug:sfcdebug.obj
 0001:0001d700       sf_debug_get_event_scope   000000018001e700 f   sfc_debug:sfcdebug.obj
 0001:0001d870       use_debugger_step_animation 000000018001e870 f   sfc_debug:sfcdebug.obj
 0001:0001d890       sf_debug_get_script_id     000000018001e890 f   sfc_debug:sfcdebug.obj
 0001:0001d920       sf_debug_set_script_translation 000000018001e920 f   sfc_debug:sfcdebug.obj
 0001:0001daa0       sf_debug_extract_message_post_receive_info 000000018001eaa0 f   sfc_debug:sfcdebug.obj
 0001:0001dba0       sf_debug_get_current_machine_id 000000018001eba0 f   sfc_debug:sfcdebug.obj
 0001:0001dbc0       sf_debug_get_current_optional_integer 000000018001ebc0 f   sfc_debug:sfcdebug.obj
 0001:0001dbd0       sf_debug_get_current_machine_number 000000018001ebd0 f   sfc_debug:sfcdebug.obj
 0001:0001dbf0       sf_debug_get_current_machine_name 000000018001ebf0 f   sfc_debug:sfcdebug.obj
 0001:0001dc10       sf_debug_get_current_chart_id 000000018001ec10 f   sfc_debug:sfcdebug.obj
 0001:0001dc60       sf_debug_get_current_chart_number 000000018001ec60 f   sfc_debug:sfcdebug.obj
 0001:0001dc70       sf_debug_get_current_instance_number 000000018001ec70 f   sfc_debug:sfcdebug.obj
 0001:0001dc80       sf_debug_get_current_is_minor_time_step 000000018001ec80 f   sfc_debug:sfcdebug.obj
 0001:0001dd00       sf_debug_get_current_object_type 000000018001ed00 f   sfc_debug:sfcdebug.obj
 0001:0001dd10       sf_debug_get_current_instance_handle 000000018001ed10 f   sfc_debug:sfcdebug.obj
 0001:0001dd70       sf_debug_get_current_event_type 000000018001ed70 f   sfc_debug:sfcdebug.obj
 0001:0001dd80       sf_debug_get_current_object_id 000000018001ed80 f   sfc_debug:sfcdebug.obj
 0001:0001ddc0       sf_debug_get_current_active_event_type 000000018001edc0 f   sfc_debug:sfcdebug.obj
 0001:0001ddd0       sf_debug_get_current_active_event_id 000000018001edd0 f   sfc_debug:sfcdebug.obj
 0001:0001de10       sf_debug_get_current_tag_type 000000018001ee10 f   sfc_debug:sfcdebug.obj
 0001:0001de20       sf_debug_get_current_simulation_time 000000018001ee20 f   sfc_debug:sfcdebug.obj
 0001:0001de30       sf_debug_get_current_coverage_percentage 000000018001ee30 f   sfc_debug:sfcdebug.obj
 0001:0001de40       sf_debug_current_statement_context 000000018001ee40 f   sfc_debug:sfcdebug.obj
 0001:0001ded0       sf_debug_get_current_statement_info 000000018001eed0 f   sfc_debug:sfcdebug.obj
 0001:0001e050       sf_debug_terminate_instance 000000018001f050 f   sfc_debug:sfcdebug.obj
 0001:0001e390       sf_debug_assertion_failed  000000018001f390 f   sfc_debug:sfcdebug.obj
 0001:0001e5f0       sf_debug_set_number_of_data_with_change_event_for_machine 000000018001f5f0 f   sfc_debug:sfcdebug.obj
 0001:0001e630       sf_debug_set_machine_event_thresholds 000000018001f630 f   sfc_debug:sfcdebug.obj
 0001:0001e650       sf_debug_set_machine_event_scope 000000018001f650 f   sfc_debug:sfcdebug.obj
 0001:0001e690       sf_debug_set_machine_data_thresholds 000000018001f690 f   sfc_debug:sfcdebug.obj
 0001:0001e6d0       sf_debug_set_machine_data_scope 000000018001f6d0 f   sfc_debug:sfcdebug.obj
 0001:0001e760       sf_debug_set_machine_data_name 000000018001f760 f   sfc_debug:sfcdebug.obj
 0001:0001e800       sf_debug_set_machine_data_size 000000018001f800 f   sfc_debug:sfcdebug.obj
 0001:0001e940       sf_debug_set_machine_data_type 000000018001f940 f   sfc_debug:sfcdebug.obj
 0001:0001eab0       sf_debug_get_chart_data_number 000000018001fab0 f   sfc_debug:sfcdebug.obj
 0001:0001ead0       sf_debug_get_chart_event_number 000000018001fad0 f   sfc_debug:sfcdebug.obj
 0001:0001eaf0       sf_debug_set_chart_state_info 000000018001faf0 f   sfc_debug:sfcdebug.obj
 0001:0001eb70       sf_debug_set_chart_decomposition 000000018001fb70 f   sfc_debug:sfcdebug.obj
 0001:0001ebe0       sf_debug_set_chart_substate_count 000000018001fbe0 f   sfc_debug:sfcdebug.obj
 0001:0001ecc0       sf_debug_set_chart_substate_index 000000018001fcc0 f   sfc_debug:sfcdebug.obj
 0001:0001ed30       sf_debug_set_chart_state_substate_count 000000018001fd30 f   sfc_debug:sfcdebug.obj
 0001:0001ee40       sf_debug_set_chart_state_substate_index 000000018001fe40 f   sfc_debug:sfcdebug.obj
 0001:0001eec0       sf_debug_set_number_of_data_with_change_event_for_chart 000000018001fec0 f   sfc_debug:sfcdebug.obj
 0001:0001ef40       sf_debug_set_number_of_states_with_entry_event_for_chart 000000018001ff40 f   sfc_debug:sfcdebug.obj
 0001:0001efb0       sf_debug_set_number_of_states_with_exit_event_for_chart 000000018001ffb0 f   sfc_debug:sfcdebug.obj
 0001:0001f020       sf_debug_set_chart_disable_implicit_casting 0000000180020020 f   sfc_debug:sfcdebug.obj
 0001:0001f090       sf_debug_set_chart_event_thresholds 0000000180020090 f   sfc_debug:sfcdebug.obj
 0001:0001f100       sf_debug_set_chart_data_compiled_props 0000000180020100 f   sfc_debug:sfcdebug.obj
 0001:0001f450       sf_debug_set_chart_data_props 0000000180020450 f   sfc_debug:sfcdebug.obj
 0001:0001f770       sf_debug_check_fi_license  0000000180020770 f   sfc_debug:sfcdebug.obj
 0001:0001f960       sf_debug_symbol_scope_push 0000000180020960 f   sfc_debug:sfcdebug.obj
 0001:0001f9a0       sf_debug_symbol_scope_push_eml 00000001800209a0 f   sfc_debug:sfcdebug.obj
 0001:0001f9f0       sf_debug_symbol_scope_pop  00000001800209f0 f   sfc_debug:sfcdebug.obj
 0001:0001fa30       sf_debug_symbol_scope_add_importable 0000000180020a30 f   sfc_debug:sfcdebug.obj
 0001:0001fab0       sf_debug_symbol_scope_add  0000000180020ab0 f   sfc_debug:sfcdebug.obj
 0001:0001fb30       sf_debug_symbol_scope_add_dyn_importable 0000000180020b30 f   sfc_debug:sfcdebug.obj
 0001:0001fbf0       sf_debug_symbol_scope_add_dyn 0000000180020bf0 f   sfc_debug:sfcdebug.obj
 0001:0001fc20       sf_debug_symbol_scope_add_eml_importable 0000000180020c20 f   sfc_debug:sfcdebug.obj
 0001:0001fc60       sf_debug_symbol_scope_add_eml 0000000180020c60 f   sfc_debug:sfcdebug.obj
 0001:0001fca0       sf_debug_symbol_scope_add_eml_dyn_importable 0000000180020ca0 f   sfc_debug:sfcdebug.obj
 0001:0001fd10       sf_debug_symbol_scope_add_eml_dyn 0000000180020d10 f   sfc_debug:sfcdebug.obj
 0001:0001fd70       sf_debug_symbol_switch     0000000180020d70 f   sfc_debug:sfcdebug.obj
 0001:0001fd90       sf_debug_symbol_scope_add_verbose 0000000180020d90 f   sfc_debug:sfcdebug.obj
 0001:0001fe60       sf_debug_set_machine_data_value_ptr 0000000180020e60 f   sfc_debug:sfcdebug.obj
 0001:0001fea0       sf_debug_set_instance_data_value_ptr 0000000180020ea0 f   sfc_debug:sfcdebug.obj
 0001:0001ff60       sf_debug_unset_instance_data_value_ptr 0000000180020f60 f   sfc_debug:sfcdebug.obj
 0001:00020010       sf_debug_set_chart_event_scope 0000000180021010 f   sfc_debug:sfcdebug.obj
 0001:00020090       sf_debug_set_chart_transition_coverage_maps 0000000180021090 f   sfc_debug:sfcdebug.obj
 0001:000201a0       sf_debug_set_chart_state_coverage_maps 00000001800211a0 f   sfc_debug:sfcdebug.obj
 0001:00020280       sf_debug_set_instance_transition_coverage_weights 0000000180021280 f   sfc_debug:sfcdebug.obj
 0001:00020320       sf_debug_set_instance_state_coverage_weights 0000000180021320 f   sfc_debug:sfcdebug.obj
 0001:00020570       sf_debug_unload_machine    0000000180021570 f   sfc_debug:sfcdebug.obj
 0001:000205c0       sf_debug_load_machine      00000001800215c0 f   sfc_debug:sfcdebug.obj
 0001:000206c0       sf_debug_set_active_instance_in_data_dictionary 00000001800216c0 f   sfc_debug:sfcdebug.obj
 0001:000208a0       sf_debug_set_active_instance 00000001800218a0 f   sfc_debug:sfcdebug.obj
 0001:00020a00       sf_debug_chart_visiblity_change 0000000180021a00 f   sfc_debug:sfcdebug.obj
 0001:00020b00       sf_debug_select_chart      0000000180021b00 f   sfc_debug:sfcdebug.obj
 0001:00020c70       sf_debug_set_instance_cv_ids 0000000180021c70 f   sfc_debug:sfcdebug.obj
 0001:00020f80       sf_debug_select_charts     0000000180021f80 f   sfc_debug:sfcdebug.obj
 0001:00021110       sf_debug_initialized       0000000180022110 f   sfc_debug:sfcdebug.obj
 0001:00021120       sf_debug_is_uninterruptible 0000000180022120 f   sfc_debug:sfcdebug.obj
 0001:00021150       sf_debug_initialize_debugger_gui 0000000180022150 f   sfc_debug:sfcdebug.obj
 0001:00021540       sf_debug_resume            0000000180022540 f   sfc_debug:sfcdebug.obj
 0001:00021560       sf_debug_go                0000000180022560 f   sfc_debug:sfcdebug.obj
 0001:00021570       sf_debug_break             0000000180022570 f   sfc_debug:sfcdebug.obj
 0001:00021580       sf_debug_step_over         0000000180022580 f   sfc_debug:sfcdebug.obj
 0001:00021590       sf_debug_step_out          0000000180022590 f   sfc_debug:sfcdebug.obj
 0001:000215a0       sf_debug_set_disable_all_breakpoints 00000001800225a0 f   sfc_debug:sfcdebug.obj
 0001:000215b0       sf_debug_disable_all_breakpoints_and_go 00000001800225b0 f   sfc_debug:sfcdebug.obj
 0001:000215c0       sf_debug_break_on_chart_entry 00000001800225c0 f   sfc_debug:sfcdebug.obj
 0001:000215d0       sf_debug_break_on_event_broadcast 00000001800225d0 f   sfc_debug:sfcdebug.obj
 0001:000215e0       sf_debug_break_on_state_entry 00000001800225e0 f   sfc_debug:sfcdebug.obj
 0001:000215f0       sf_debug_break_between_times 00000001800225f0 f   sfc_debug:sfcdebug.obj
 0001:00021610       sf_debug_browse_data       0000000180022610 f   sfc_debug:sfcdebug.obj
 0001:00021630       sf_debug_watch_data        0000000180022630 f   sfc_debug:sfcdebug.obj
 0001:00021650       sf_debug_assign_data       0000000180022650 f   sfc_debug:sfcdebug.obj
 0001:00021670       sf_debug_whos              0000000180022670 f   sfc_debug:sfcdebug.obj
 0001:00021690       sf_debug_get_consistency_info 0000000180022690 f   sfc_debug:sfcdebug.obj
 0001:000216a0       sf_debug_browse_trace      00000001800226a0 f   sfc_debug:sfcdebug.obj
 0001:000216b0       sf_debug_set_breakpoints   00000001800226b0 f   sfc_debug:sfcdebug.obj
 0001:00021810       sf_debug_set_eml_breakpoints 0000000180022810 f   sfc_debug:sfcdebug.obj
 0001:00021970       sf_debug_set_script_breakpoints 0000000180022970 f   sfc_debug:sfcdebug.obj
 0001:000219f0       sf_debug_add_script_breakpoints 00000001800229f0 f   sfc_debug:sfcdebug.obj
 0001:00021a60       sf_debug_clear_script_breakpoints 0000000180022a60 f   sfc_debug:sfcdebug.obj
 0001:00021ad0       sf_debug_query_script_breakpoints 0000000180022ad0 f   sfc_debug:sfcdebug.obj
 0001:00021b90       sf_debug_get_eml_script_id 0000000180022b90 f   sfc_debug:sfcdebug.obj
 0001:00021be0       sf_debug_set_watch         0000000180022be0 f   sfc_debug:sfcdebug.obj
 0001:00021e10       sf_debug_get_instance_handle 0000000180022e10 f   sfc_debug:sfcdebug.obj
 0001:00021ea0       sf_debug_get_active_states 0000000180022ea0 f   sfc_debug:sfcdebug.obj
 0001:00021eb0       sf_debug_get_animation     0000000180022eb0 f   sfc_debug:sfcdebug.obj
 0001:00021ec0       sf_debug_set_animation     0000000180022ec0 f   sfc_debug:sfcdebug.obj
 0001:00021ed0       sf_debug_animate           0000000180022ed0 f   sfc_debug:sfcdebug.obj
 0001:00021f00       sf_debug_cycle_detection_check 0000000180022f00 f   sfc_debug:sfcdebug.obj
 0001:00021f10       sf_debug_data_range_check  0000000180022f10 f   sfc_debug:sfcdebug.obj
 0001:00021f20       sf_debug_transition_conflict_check 0000000180022f20 f   sfc_debug:sfcdebug.obj
 0001:00021f30       sf_debug_state_consistency_check 0000000180022f30 f   sfc_debug:sfcdebug.obj
 0001:00021f40       sf_debug_data_range_check_enabled 0000000180022f40 f   sfc_debug:sfcdebug.obj
 0001:00021f60       sf_debug_transition_conflict_check_enabled 0000000180022f60 f   sfc_debug:sfcdebug.obj
 0001:00021f80       sf_debug_transition_conflict_check_begin 0000000180022f80 f   sfc_debug:sfcdebug.obj
 0001:00021fa0       sf_debug_transition_conflict_check_end 0000000180022fa0 f   sfc_debug:sfcdebug.obj
 0001:00021fc0       sf_debug_stop_debugging    0000000180022fc0 f   sfc_debug:sfcdebug.obj
 0001:00021ff0       sf_debug_is_cycle_detected 0000000180022ff0 f   sfc_debug:sfcdebug.obj
 0001:00022000       sf_debug_is_array_bounds_detected 0000000180023000 f   sfc_debug:sfcdebug.obj
 0001:00022010       sf_debug_get_state_vectors_data_size 0000000180023010 f   sfc_debug:sfcdebug.obj
 0001:00022050       sf_debug_get_state_vectors_data 0000000180023050 f   sfc_debug:sfcdebug.obj
 0001:00022150       sf_debug_set_state_vectors_data 0000000180023150 f   sfc_debug:sfcdebug.obj
 0001:00022410       sf_debug_get_script_index  0000000180023410 f   sfc_debug:sfcdebug.obj
 0001:000225a0       sf_debug_add_script        00000001800235a0 f   sfc_debug:sfcdebug.obj
 0001:00022730       cv_eval_point              0000000180023730 f   sfc_debug:sfcdebug.obj
 0001:000228a0       cv_eval_testobjective      00000001800238a0 f   sfc_debug:sfcdebug.obj
 0001:000229c0       sf_debug_cv_init_state     00000001800239c0 f   sfc_debug:sfcdebug.obj
 0001:00022ae0       sf_debug_cv_init_chart     0000000180023ae0 f   sfc_debug:sfcdebug.obj
 0001:00022bc0       sf_debug_cv_init_trans     0000000180023bc0 f   sfc_debug:sfcdebug.obj
 0001:00022cc0       sf_debug_cv_init_testobjectives 0000000180023cc0 f   sfc_debug:sfcdebug.obj
 0001:00022ea0       cv_eml_init_script         0000000180023ea0 f   sfc_debug:sfcdebug.obj
 0001:00022fb0       cv_eml_init_fcn            0000000180023fb0 f   sfc_debug:sfcdebug.obj
 0001:00023060       cv_eml_init_testobjective  0000000180024060 f   sfc_debug:sfcdebug.obj
 0001:00023130       cv_eml_init_saturation     0000000180024130 f   sfc_debug:sfcdebug.obj
 0001:000231f0       cv_eml_init_if             00000001800241f0 f   sfc_debug:sfcdebug.obj
 0001:000232c0       cv_eml_init_for            00000001800242c0 f   sfc_debug:sfcdebug.obj
 0001:00023380       cv_eml_init_while          0000000180024380 f   sfc_debug:sfcdebug.obj
 0001:00023440       cv_eml_init_mcdc           0000000180024440 f   sfc_debug:sfcdebug.obj
 0001:00023550       cv_eml_init_switch         0000000180024550 f   sfc_debug:sfcdebug.obj
 0001:00023640       cv_eml_eval                0000000180024640 f   sfc_debug:sfcdebug.obj
 0001:00023720       sf_debug_bm_is_a_eml_breakpoint 0000000180024720 f   sfc_debug:sfcdebug.obj
 0001:00023870       sf_debug_temporal_threshold 0000000180024870 f   sfc_debug:sfcdebug.obj
 0001:00023bd0       sf_debug_transition_conflict_error 0000000180024bd0 f   sfc_debug:sfcdebug.obj
 0001:00023f50       sf_debug_state_inconsistency_error 0000000180024f50 f   sfc_debug:sfcdebug.obj
 0001:00024070       sf_debug_check_for_state_inconsistency 0000000180025070 f   sfc_debug:sfcdebug.obj
 0001:000240a0       sf_debug_cycle_detecton_error 00000001800250a0 f   sfc_debug:sfcdebug.obj
 0001:00024870       sf_debug_size_eq_check_1d  0000000180025870 f   sfc_debug:sfcdebug.obj
 0001:00024890       sf_debug_size_eq_check_nd  0000000180025890 f   sfc_debug:sfcdebug.obj
 0001:00024a70       sf_debug_dim_size_eq_check 0000000180025a70 f   sfc_debug:sfcdebug.obj
 0001:00024aa0       sf_debug_dim_size_geq_check 0000000180025aa0 f   sfc_debug:sfcdebug.obj
 0001:00024ad0       sf_debug_sub_assign_size_check_nd 0000000180025ad0 f   sfc_debug:sfcdebug.obj
 0001:00024d10       sf_debug_matrix_matrix_index_check 0000000180025d10 f   sfc_debug:sfcdebug.obj
 0001:00024d40       sf_debug_vector_vector_index_check 0000000180025d40 f   sfc_debug:sfcdebug.obj
 0001:00024d70       sf_debug_for_loop_vector_check 0000000180025d70 f   sfc_debug:sfcdebug.obj
 0001:00024e00       sf_debug_runtime_error_msgid 0000000180025e00 f   sfc_debug:sfcdebug.obj
 0001:00024e90       sf_debug_data_array_bounds_error_check 0000000180025e90 f   sfc_debug:sfcdebug.obj
 0001:00024fa0       sf_debug_eml_data_array_bounds_error_check 0000000180025fa0 f   sfc_debug:sfcdebug.obj
 0001:00025480       sf_debug_integer_check     0000000180026480 f   sfc_debug:sfcdebug.obj
 0001:00025560       sf_debug_not_nan_check     0000000180026560 f   sfc_debug:sfcdebug.obj
 0001:00025620       sf_debug_non_negative_check 0000000180026620 f   sfc_debug:sfcdebug.obj
 0001:000256e0       sf_debug_overflow_detection 00000001800266e0 f   sfc_debug:sfcdebug.obj
 0001:00025dd0       sf_debug_cast_to_real32_T  0000000180026dd0 f   sfc_debug:sfcdebug.obj
 0001:00025e90       sf_debug_cast_to_int8_T    0000000180026e90 f   sfc_debug:sfcdebug.obj
 0001:00025f50       sf_debug_cast_to_uint8_T   0000000180026f50 f   sfc_debug:sfcdebug.obj
 0001:00026010       sf_debug_cast_to_int16_T   0000000180027010 f   sfc_debug:sfcdebug.obj
 0001:000260d0       sf_debug_cast_to_uint16_T  00000001800270d0 f   sfc_debug:sfcdebug.obj
 0001:00026190       sf_debug_cast_to_int32_T   0000000180027190 f   sfc_debug:sfcdebug.obj
 0001:00026250       sf_debug_cast_to_uint32_T  0000000180027250 f   sfc_debug:sfcdebug.obj
 0001:00026310       sf_debug_data_range_error  0000000180027310 f   sfc_debug:sfcdebug.obj
 0001:00026660       sf_debug_read_before_write_check 0000000180027660 f   sfc_debug:sfcdebug.obj
 0001:00026ac0       sf_debug_data_range_error_wrapper_min_max 0000000180027ac0 f   sfc_debug:sfcdebug.obj
 0001:00026bb0       sf_debug_data_range_error_wrapper_min 0000000180027bb0 f   sfc_debug:sfcdebug.obj
 0001:00026c90       sf_debug_data_range_error_wrapper_max 0000000180027c90 f   sfc_debug:sfcdebug.obj
 0001:00026d70       sf_debug_data_range_wrapper 0000000180027d70 f   sfc_debug:sfcdebug.obj
 0001:00026e20       sf_debug_set_current_status_info 0000000180027e20 f   sfc_debug:sfcdebug.obj
 0001:000271d0       sf_debug_register_message_post_receive_info 00000001800281d0 f   sfc_debug:sfcdebug.obj
 0001:00027440       sf_debug_call              0000000180028440 f   sfc_debug:sfcdebug.obj
 0001:000280a0       sf_debug_initialize_machine 00000001800290a0 f   sfc_debug:sfcdebug.obj
 0001:000283b0       sf_debug_initialize_chart  00000001800293b0 f   sfc_debug:sfcdebug.obj
 0001:00028800       sf_debug_ensure_script     0000000180029800 f   sfc_debug:sfcdebug.obj
 0001:000288c0       cv_script_init_script      00000001800298c0 f   sfc_debug:sfcdebug.obj
 0001:000289b0       cv_script_init_fcn         00000001800299b0 f   sfc_debug:sfcdebug.obj
 0001:00028a60       cv_script_init_testobjective 0000000180029a60 f   sfc_debug:sfcdebug.obj
 0001:00028b10       cv_script_init_if          0000000180029b10 f   sfc_debug:sfcdebug.obj
 0001:00028bc0       cv_script_init_for         0000000180029bc0 f   sfc_debug:sfcdebug.obj
 0001:00028c70       cv_script_init_while       0000000180029c70 f   sfc_debug:sfcdebug.obj
 0001:00028d20       cv_script_init_mcdc        0000000180029d20 f   sfc_debug:sfcdebug.obj
 0001:00028e20       cv_script_init_switch      0000000180029e20 f   sfc_debug:sfcdebug.obj
 0001:00028f00       cv_script_eval             0000000180029f00 f   sfc_debug:sfcdebug.obj
 0001:00028fe0       eml_debug_line_call        0000000180029fe0 f   sfc_debug:sfcdebug.obj
 0001:00029190       sf_debug_terminate         000000018002a190 f   sfc_debug:sfcdebug.obj
 0001:00029300       sf_debug_set_script_cv_ids 000000018002a300 f   sfc_debug:sfcdebug.obj
 0001:00029430       sf_debug_api               000000018002a430 f   sfc_debug:sfc_api.obj
 0001:0002aae0       sf_debug_sm_terminate      000000018002bae0 f   sfc_debug:sfdb_animation.obj
 0001:0002aca0       sf_debug_reset_path_objects 000000018002bca0 f   sfc_debug:sfdb_animation.obj
 0001:0002ad20       sf_debug_sm_reset_object_selection_status 000000018002bd20 f   sfc_debug:sfdb_animation.obj
 0001:0002adc0       sf_debug_sm_reset_state_buffer 000000018002bdc0 f   sfc_debug:sfdb_animation.obj
 0001:0002ae90       sf_debug_sm_store_state_buffer 000000018002be90 f   sfc_debug:sfdb_animation.obj
 0001:0002af10       sf_debug_sm_restore_state_buffer1 000000018002bf10 f   sfc_debug:sfdb_animation.obj
 0001:0002af80       sf_debug_sm_restore_state_buffer2 000000018002bf80 f   sfc_debug:sfdb_animation.obj
 0001:0002aff0       sf_debug_sm_chart_active   000000018002bff0 f   sfc_debug:sfdb_animation.obj
 0001:0002b040       sf_debug_sm_select_active_objects 000000018002c040 f   sfc_debug:sfdb_animation.obj
 0001:0002b530       sf_debug_sm_is_chart_active 000000018002c530 f   sfc_debug:sfdb_animation.obj
 0001:0002b570       sf_debug_sm_is_state_active 000000018002c570 f   sfc_debug:sfdb_animation.obj
 0001:0002b7b0       sf_debug_sm_get_active_states 000000018002c7b0 f   sfc_debug:sfdb_animation.obj
 0001:0002bd70       sf_debug_sm_initialize_instance 000000018002cd70 f   sfc_debug:sfdb_animation.obj
 0001:0002bf90       sf_debug_sm_change_object_selection_status 000000018002cf90 f   sfc_debug:sfdb_animation.obj
 0001:0002c2a0       cv_create_interface        000000018002d2a0 f   sfc_debug:cv_sfinterface.obj
 0001:0002c600       cv_init_trans              000000018002d600 f   sfc_debug:cv_sfinterface.obj
 0001:0002c650       cv_init_testobjective      000000018002d650 f   sfc_debug:cv_sfinterface.obj
 0001:0002c690       cv_init_state              000000018002d690 f   sfc_debug:cv_sfinterface.obj
 0001:0002c700       cv_init_chart              000000018002d700 f   sfc_debug:cv_sfinterface.obj
 0001:0002c750       cv_dec_update_call         000000018002d750 f   sfc_debug:cv_sfinterface.obj
 0001:0002c790       cv_cond_update_call        000000018002d790 f   sfc_debug:cv_sfinterface.obj
 0001:0002c7d0       cv_testobjective_update_call 000000018002d7d0 f   sfc_debug:cv_sfinterface.obj
 0001:0002c810       cv_sigrange_update         000000018002d810 f   sfc_debug:cv_sfinterface.obj
 0001:0002c850       cvsf_eml_eval              000000018002d850 f   sfc_debug:cv_sfinterface.obj
 0001:0002c940       cvsf_eml_init_script       000000018002d940 f   sfc_debug:cv_sfinterface.obj
 0001:0002c9d0       cvsf_eml_init_fcn          000000018002d9d0 f   sfc_debug:cv_sfinterface.obj
 0001:0002ca30       cvsf_eml_init_testobjective 000000018002da30 f   sfc_debug:cv_sfinterface.obj
 0001:0002ca90       cvsf_eml_init_saturation   000000018002da90 f   sfc_debug:cv_sfinterface.obj
 0001:0002cae0       cvsf_eml_init_if           000000018002dae0 f   sfc_debug:cv_sfinterface.obj
 0001:0002cb40       cvsf_eml_init_for          000000018002db40 f   sfc_debug:cv_sfinterface.obj
 0001:0002cb90       cvsf_eml_init_while        000000018002db90 f   sfc_debug:cv_sfinterface.obj
 0001:0002cbe0       cvsf_eml_init_mcdc         000000018002dbe0 f   sfc_debug:cv_sfinterface.obj
 0001:0002cc70       cvsf_eml_init_switch       000000018002dc70 f   sfc_debug:cv_sfinterface.obj
 0001:0002cce0       cvsf_script_eval           000000018002dce0 f   sfc_debug:cv_sfinterface.obj
 0001:0002cdd0       cvsf_script_init_script    000000018002ddd0 f   sfc_debug:cv_sfinterface.obj
 0001:0002ce60       cvsf_script_init_fcn       000000018002de60 f   sfc_debug:cv_sfinterface.obj
 0001:0002cec0       cvsf_script_init_testobjective 000000018002dec0 f   sfc_debug:cv_sfinterface.obj
 0001:0002cf20       cvsf_script_init_saturation 000000018002df20 f   sfc_debug:cv_sfinterface.obj
 0001:0002cf70       cvsf_script_init_if        000000018002df70 f   sfc_debug:cv_sfinterface.obj
 0001:0002cfd0       cvsf_script_init_for       000000018002dfd0 f   sfc_debug:cv_sfinterface.obj
 0001:0002d020       cvsf_script_init_while     000000018002e020 f   sfc_debug:cv_sfinterface.obj
 0001:0002d070       cvsf_script_init_mcdc      000000018002e070 f   sfc_debug:cv_sfinterface.obj
 0001:0002d100       cvsf_script_init_switch    000000018002e100 f   sfc_debug:cv_sfinterface.obj
 0001:0002d170       cv_destroy_interface       000000018002e170 f   sfc_debug:cv_sfinterface.obj
 0001:0002d190       cv_create_instance_objects 000000018002e190 f   sfc_debug:cv_sfinterface.obj
 0001:0002d640       cv_is_enabled              000000018002e640 f   sfc_debug:cv_sfinterface.obj
 0001:0002d650       sf_debug_cv_initialize_script 000000018002e650 f   sfc_debug:cv_sfinterface.obj
 0001:0002d800       sf_debug_cv_initialize_instance 000000018002e800 f   sfc_debug:cv_sfinterface.obj
 0001:0002dba0       sf_debug_cv_terminate_chart 000000018002eba0 f   sfc_debug:cv_sfinterface.obj
 0001:0002dce0       cv_call_trans_test         000000018002ece0 f   sfc_debug:cv_sfinterface.obj
 0001:0002dcf0       cv_call_sub_cond_test      000000018002ecf0 f   sfc_debug:cv_sfinterface.obj
 0001:0002dd30       sf_debug_st_initialize_machine 000000018002ed30 f   sfc_debug:sfdb_data_browse.obj
 0001:0002ddf0       sf_debug_st_initialize_instance 000000018002edf0 f   sfc_debug:sfdb_data_browse.obj
 0001:0002e020       sf_debug_st_terminate      000000018002f020 f   sfc_debug:sfdb_data_browse.obj
 0001:0002e3c0       sf_debug_st_set_data_value_ptr_in_machine 000000018002f3c0 f   sfc_debug:sfdb_data_browse.obj
 0001:0002e450       sf_debug_st_set_data_value_ptr_in_instance 000000018002f450 f   sfc_debug:sfdb_data_browse.obj
 0001:0002e530       sf_debug_st_unset_data_value_ptr_in_machine 000000018002f530 f   sfc_debug:sfdb_data_browse.obj
 0001:0002e5a0       sf_debug_st_unset_data_value_ptr_in_instance 000000018002f5a0 f   sfc_debug:sfdb_data_browse.obj
 0001:0002e8b0       sf_debug_mx_value          000000018002f8b0 f   sfc_debug:sfdb_data_browse.obj
 0001:0002e910       sf_debug_mx_packed_vector  000000018002f910 f   sfc_debug:sfdb_data_browse.obj
 0001:0002e9f0       sf_debug_mx_uint_vector    000000018002f9f0 f   sfc_debug:sfdb_data_browse.obj
 0001:0002eab0       sf_debug_st_get_double_value_from_void_ptr_vector 000000018002fab0 f   sfc_debug:sfdb_data_browse.obj
 0001:0002f5a0       sf_debug_st_browse_data    00000001800305a0 f   sfc_debug:sfdb_data_browse.obj
 0001:0002fe30       sf_debug_hm_initialize_instance 0000000180030e30 f   sfc_debug:sfdb_handle_management.obj
 0001:00030360       sf_debug_hm_get_object_id  0000000180031360 f   sfc_debug:sfdb_handle_management.obj
 0001:00030f10       sf_debug_hm_update_chart_visibility 0000000180031f10 f   sfc_debug:sfdb_handle_management.obj
 0001:000321f0       sf_debug_object_is_eml_function 00000001800331f0 f   sfc_debug:sfdb_handle_management.obj
 0001:00032260       sf_debug_hm_initialize_ids_in_machine 0000000180033260 f   sfc_debug:sfdb_handle_management.obj
 0001:000323d0       sf_debug_hm_initialize_ids_in_chart 00000001800333d0 f   sfc_debug:sfdb_handle_management.obj
 0001:000324d0       sf_debug_hm_initialize_chart 00000001800334d0 f   sfc_debug:sfdb_handle_management.obj
 0001:00032c70       sf_debug_hm_terminate      0000000180033c70 f   sfc_debug:sfdb_handle_management.obj
 0001:00032cd0       sf_debug_hm_initialize_machine 0000000180033cd0 f   sfc_debug:sfdb_handle_management.obj
 0001:00033480       sf_debug_ss_initialize     0000000180034480 f   sfc_debug:sfdb_symbol_scope.obj
 0001:000334a0       sf_debug_ss_terminate      00000001800344a0 f   sfc_debug:sfdb_symbol_scope.obj
 0001:00033530       sf_debug_ss_push_symbol_scope 0000000180034530 f   sfc_debug:sfdb_symbol_scope.obj
 0001:00033630       sf_debug_ss_push_symbol_scope_eml 0000000180034630 f   sfc_debug:sfdb_symbol_scope.obj
 0001:00033690       sf_debug_ss_pop_symbol_scope 0000000180034690 f   sfc_debug:sfdb_symbol_scope.obj
 0001:00033740       sf_debug_ss_add_symbol     0000000180034740 f   sfc_debug:sfdb_symbol_scope.obj
 0001:000338a0       sf_debug_ss_add_symbol_eml 00000001800348a0 f   sfc_debug:sfdb_symbol_scope.obj
 0001:000345c0       sf_debug_ss_set_data_value 00000001800355c0 f   sfc_debug:sfdb_symbol_scope.obj
 0001:00034a90       getInstanceNumber          0000000180035a90 f   sfc_debug:sfdb_symbol_scope.obj
 0001:00034b60       sf_debug_ss_watch_data     0000000180035b60 f   sfc_debug:sfdb_symbol_scope.obj
 0001:00034d00       sf_debug_ss_assign_data    0000000180035d00 f   sfc_debug:sfdb_symbol_scope.obj
 0001:00035720       get_data_entry_name        0000000180036720 f   sfc_debug:sfdb_symbol_scope.obj
 0001:00035770       sf_debug_ss_whos           0000000180036770 f   sfc_debug:sfdb_symbol_scope.obj
 0001:00035e90       sf_debug_cc_initialize_chart 0000000180036e90 f   sfc_debug:sfdb_coverage.obj
 0001:00036880       sf_debug_cc_initialize_instance 0000000180037880 f   sfc_debug:sfdb_coverage.obj
 0001:00037690       sf_debug_cc_terminate      0000000180038690 f   sfc_debug:sfdb_coverage.obj
 0001:00037780       sf_debug_cc_set_transition_maps 0000000180038780 f   sfc_debug:sfdb_coverage.obj
 0001:000378b0       sf_debug_cc_set_state_maps 00000001800388b0 f   sfc_debug:sfdb_coverage.obj
 0001:00037990       sf_debug_cc_set_transition_weights 0000000180038990 f   sfc_debug:sfdb_coverage.obj
 0001:00037c60       sf_debug_cc_set_state_weights 0000000180038c60 f   sfc_debug:sfdb_coverage.obj
 0001:00037f30       sf_debug_cc_mark_transition_guard 0000000180038f30 f   sfc_debug:sfdb_coverage.obj
 0001:00037fc0       sf_debug_cc_mark_transition_trigger 0000000180038fc0 f   sfc_debug:sfdb_coverage.obj
 0001:00038050       sf_debug_cc_mark_transition_decision 0000000180039050 f   sfc_debug:sfdb_coverage.obj
 0001:000380c0       sf_debug_cc_mark_transition_condition_action 00000001800390c0 f   sfc_debug:sfdb_coverage.obj
 0001:00038110       sf_debug_cc_mark_transition_transition_action 0000000180039110 f   sfc_debug:sfdb_coverage.obj
 0001:00038160       sf_debug_cc_mark_state_entry 0000000180039160 f   sfc_debug:sfdb_coverage.obj
 0001:000381b0       sf_debug_cc_mark_state_during 00000001800391b0 f   sfc_debug:sfdb_coverage.obj
 0001:00038200       sf_debug_cc_mark_state_exit 0000000180039200 f   sfc_debug:sfdb_coverage.obj
 0001:00038250       sf_debug_bm_clear_script_breakpoints 0000000180039250 f   sfc_debug:sfdb_breakpoints.obj
 0001:00038280       sf_debug_bm_set_script_breakpoint 0000000180039280 f   sfc_debug:sfdb_breakpoints.obj
 0001:00038300       sf_debug_bm_clear_single_script_breakpoint 0000000180039300 f   sfc_debug:sfdb_breakpoints.obj
 0001:00038380       sf_debug_bm_query_script_breakpoint 0000000180039380 f   sfc_debug:sfdb_breakpoints.obj
 0001:000383d0       sf_debug_bm_initialize_scripts 00000001800393d0 f   sfc_debug:sfdb_breakpoints.obj
 0001:00038af0       sf_debug_bm_terminate      0000000180039af0 f   sfc_debug:sfdb_breakpoints.obj
 0001:00038de0       sf_debug_bm_remove_all_breakpoints_in_machine 0000000180039de0 f   sfc_debug:sfdb_breakpoints.obj
 0001:00038e50       sf_debug_bm_remove_all_breakpoints_in_chart 0000000180039e50 f   sfc_debug:sfdb_breakpoints.obj
 0001:00038fa0       sf_debug_bm_initialize_global_breakpoints 0000000180039fa0 f   sfc_debug:sfdb_breakpoints.obj
 0001:00039120       sf_debug_bm_set_breakpoint 000000018003a120 f   sfc_debug:sfdb_breakpoints.obj
 0001:00039720       sf_debug_bm_set_eml_breakpoint 000000018003a720 f   sfc_debug:sfdb_breakpoints.obj
 0001:000397c0       sf_debug_bm_initialize_machine_breakpoint_map 000000018003a7c0 f   sfc_debug:sfdb_breakpoints.obj
 0001:00039be0       sf_debug_bm_is_a_breakpoint 000000018003abe0 f   sfc_debug:sfdb_breakpoints.obj
 0001:0003a1c0       sf_debug_bm_get_all_breakpoints_in_machine 000000018003b1c0 f   sfc_debug:sfdb_breakpoints.obj
 0001:0003a4c0       sf_debug_bm_get_all_breakpoints_in_chart 000000018003b4c0 f   sfc_debug:sfdb_breakpoints.obj
 0001:0003b180       sf_debug_bm_initialize_machine 000000018003c180 f   sfc_debug:sfdb_breakpoints.obj
 0001:0003b250       sf_debug_bm_initialize_chart 000000018003c250 f   sfc_debug:sfdb_breakpoints.obj
 0001:0003b670       sf_debug_sc_terminate      000000018003c670 f   sfc_debug:sfdb_state_consistency.obj
 0001:0003b9a0       sf_debug_sc_is_chart_consistent 000000018003c9a0 f   sfc_debug:sfdb_state_consistency.obj
 0001:0003bc50       sf_debug_sc_get_consistency_error_info 000000018003cc50 f   sfc_debug:sfdb_state_consistency.obj
 0001:0003c0a0       sf_debug_tm_terminate      000000018003d0a0 f   sfc_debug:sfdb_call_stack.obj
 0001:0003c160       sf_debug_tm_push_chart_instance 000000018003d160 f   sfc_debug:sfdb_call_stack.obj
 0001:0003c2b0       sf_debug_tm_pop_chart_instance 000000018003d2b0 f   sfc_debug:sfdb_call_stack.obj
 0001:0003c310       sf_debug_tm_push_trace_node 000000018003d310 f   sfc_debug:sfdb_call_stack.obj
 0001:0003c4a0       sf_debug_tm_pop_trace_node 000000018003d4a0 f   sfc_debug:sfdb_call_stack.obj
 0001:0003c520       sf_debug_tm_get_current_global_trace_index 000000018003d520 f   sfc_debug:sfdb_call_stack.obj
 0001:0003c530       sf_debug_tm_get_current_local_trace_index 000000018003d530 f   sfc_debug:sfdb_call_stack.obj
 0001:0003c560       sf_debug_tm_set_cycle_detected_flag 000000018003d560 f   sfc_debug:sfdb_call_stack.obj
 0001:0003c5a0       sf_debug_tm_set_cycle_started_flag 000000018003d5a0 f   sfc_debug:sfdb_call_stack.obj
 0001:0003c5e0       sf_debug_tm_get_chart_number_from_stack 000000018003d5e0 f   sfc_debug:sfdb_call_stack.obj
 0001:0003c7e0       sf_debug_tm_browse_trace   000000018003d7e0 f   sfc_debug:sfdb_call_stack.obj
 0001:0003cb20       sf_debug_cd_initialize_instance 000000018003db20 f   sfc_debug:sfdb_cycle_detection.obj
 0001:0003cdd0       sf_debug_cd_mark_processed_transition_in_instance 000000018003ddd0 f   sfc_debug:sfdb_cycle_detection.obj
 0001:0003ce70       sf_debug_cd_checksum_push  000000018003de70 f   sfc_debug:sfdb_cycle_detection.obj
 0001:0003d130       sf_debug_cd_checksum_pop   000000018003e130 f   sfc_debug:sfdb_cycle_detection.obj
 0001:0003d1a0       sf_debug_cd_turn_off_cycle_detection 000000018003e1a0 f   sfc_debug:sfdb_cycle_detection.obj
 0001:0003d1f0       sf_debug_cd_terminate      000000018003e1f0 f   sfc_debug:sfdb_cycle_detection.obj
 0001:0003d430       md5_initialize_state       000000018003e430 f   sfc_debug:ckmd5.obj
 0001:0003dea0       md5_update_state           000000018003eea0 f   sfc_debug:ckmd5.obj
 0001:0003dec0       md5_get_hash               000000018003eec0 f   sfc_debug:ckmd5.obj
 0001:0003def0       md5_get_hash_for_a_single_string 000000018003eef0 f   sfc_debug:ckmd5.obj
 0001:0003df54       mxGetPr                    000000018003ef54 f   libmx:libmx.dll
 0001:0003df5a       mxCreateDoubleScalar       000000018003ef5a f   libmx:libmx.dll
 0001:0003df60       mxCreateDoubleMatrix_730   000000018003ef60 f   libmx:libmx.dll
 0001:0003df66       mxSetField_730             000000018003ef66 f   libmx:libmx.dll
 0001:0003df6c       mxCreateString             000000018003ef6c f   libmx:libmx.dll
 0001:0003df72       mxCreateStructMatrix_730   000000018003ef72 f   libmx:libmx.dll
 0001:0003df78       mxDestroyArray             000000018003ef78 f   libmx:libmx.dll
 0001:0003df7e       mxDuplicateArray           000000018003ef7e f   libmx:libmx.dll
 0001:0003df84       mxGetString_730            000000018003ef84 f   libmx:libmx.dll
 0001:0003df8a       mxIsChar                   000000018003ef8a f   libmx:libmx.dll
 0001:0003df90       mxGetClassID               000000018003ef90 f   libmx:libmx.dll
 0001:0003df96       mxIsNumeric                000000018003ef96 f   libmx:libmx.dll
 0001:0003df9c       mxIsComplex                000000018003ef9c f   libmx:libmx.dll
 0001:0003dfa2       mxGetN                     000000018003efa2 f   libmx:libmx.dll
 0001:0003dfa8       mxGetM                     000000018003efa8 f   libmx:libmx.dll
 0001:0003dfae       mxCalloc                   000000018003efae f   libmx:libmx.dll
 0001:0003dfb4       mxGetScalar                000000018003efb4 f   libmx:libmx.dll
 0001:0003dfba       mxIsLogical                000000018003efba f   libmx:libmx.dll
 0001:0003dfc0       mxCreateDoubleMatrix_700   000000018003efc0 f   libmx:libmx.dll
 0001:0003dfc6       mxFree                     000000018003efc6 f   libmx:libmx.dll
 0001:0003dfcc       mxArrayToString            000000018003efcc f   libmx:libmx.dll
 0001:0003dfd2       mxCreateCellMatrix_700     000000018003efd2 f   libmx:libmx.dll
 0001:0003dfd8       mxSetCell_700              000000018003efd8 f   libmx:libmx.dll
 0001:0003dfde       mxGetCell_700              000000018003efde f   libmx:libmx.dll
 0001:0003dfe4       mxGetClassName             000000018003efe4 f   libmx:libmx.dll
 0001:0003dfea       mxSetField_700             000000018003efea f   libmx:libmx.dll
 0001:0003dff0       mxAddField                 000000018003eff0 f   libmx:libmx.dll
 0001:0003dff6       mxGetField_700             000000018003eff6 f   libmx:libmx.dll
 0001:0003dffc       mxGetNumberOfElements      000000018003effc f   libmx:libmx.dll
 0001:0003e002       mxIsStruct                 000000018003f002 f   libmx:libmx.dll
 0001:0003e008       mxIsA                      000000018003f008 f   libmx:libmx.dll
 0001:0003e00e       mxIsClass                  000000018003f00e f   libmx:libmx.dll
 0001:0003e014       mxGetLogicals              000000018003f014 f   libmx:libmx.dll
 0001:0003e01a       mxIsSparse                 000000018003f01a f   libmx:libmx.dll
 0001:0003e020       mxSetFieldByNumber_700     000000018003f020 f   libmx:libmx.dll
 0001:0003e026       mxGetFieldByNumber_700     000000018003f026 f   libmx:libmx.dll
 0001:0003e02c       mxGetFieldNameByNumber     000000018003f02c f   libmx:libmx.dll
 0001:0003e032       mxGetNumberOfFields        000000018003f032 f   libmx:libmx.dll
 0001:0003e038       mxCreateStructMatrix_700   000000018003f038 f   libmx:libmx.dll
 0001:0003e03e       mxGetFieldNumber           000000018003f03e f   libmx:libmx.dll
 0001:0003e044       mxIsNaN                    000000018003f044 f   libmx:libmx.dll
 0001:0003e04a       mxIsEmpty                  000000018003f04a f   libmx:libmx.dll
 0001:0003e050       mxGetData                  000000018003f050 f   libmx:libmx.dll
 0001:0003e056       mxGetImagData              000000018003f056 f   libmx:libmx.dll
 0001:0003e05c       mxArrayClassIDName         000000018003f05c f   libmx:libmx.dll
 0001:0003e062       mxCreateNumericMatrix_700  000000018003f062 f   libmx:libmx.dll
 0001:0003e068       mxCreateStructArray_700    000000018003f068 f   libmx:libmx.dll
 0001:0003e06e       mxCalcSingleSubscript_700  000000018003f06e f   libmx:libmx.dll
 0001:0003e074       mxGetDimensions_700        000000018003f074 f   libmx:libmx.dll
 0001:0003e07a       mxGetNumberOfDimensions_700 000000018003f07a f   libmx:libmx.dll
 0001:0003e080       mxCreateNumericArray_700   000000018003f080 f   libmx:libmx.dll
 0001:0003e086       mxGetElementSize           000000018003f086 f   libmx:libmx.dll
 0001:0003e08c       mxCreateStringFromNChars_700 000000018003f08c f   libmx:libmx.dll
 0001:0003e092       mxGetString_700            000000018003f092 f   libmx:libmx.dll
 0001:0003e098       mxIsLogicalScalarTrue      000000018003f098 f   libmx:libmx.dll
 0001:0003e09e       mxCreateLogicalScalar      000000018003f09e f   libmx:libmx.dll
 0001:0003e0a4       mexUnlock                  000000018003f0a4 f   libmex:libmex.dll
 0001:0003e0aa       mexIsLocked                000000018003f0aa f   libmex:libmex.dll
 0001:0003e0b0       mexWarnMsgTxt              000000018003f0b0 f   libmex:libmex.dll
 0001:0003e0b6       mexCallMATLAB              000000018003f0b6 f   libmex:libmex.dll
 0001:0003e0bc       mexErrMsgTxt               000000018003f0bc f   libmex:libmex.dll
 0001:0003e0c2       mexMakeArrayPersistent     000000018003f0c2 f   libmex:libmex.dll
 0001:0003e0c8       mexSetTrapFlag             000000018003f0c8 f   libmex:libmex.dll
 0001:0003e0ce       mexPutVariable             000000018003f0ce f   libmex:libmex.dll
 0001:0003e0d4       mexGetVariable             000000018003f0d4 f   libmex:libmex.dll
 0001:0003e0da       mexLock                    000000018003f0da f   libmex:libmex.dll
 0001:0003e0e0       mexMakeMemoryPersistent    000000018003f0e0 f   libmex:libmex.dll
 0001:0003e0e6       mexFunctionName            000000018003f0e6 f   libmex:libmex.dll
 0001:0003e0ec       ssRegisterDataTypeFxpFSlopeFixExpBias 000000018003f0ec f   libfixedpoint:libfixedpoint.dll
 0001:0003e0f2       utVSNprintf                000000018003f0f2 f   libut:libut.dll
 0001:0003e0f8       utCPUtime                  000000018003f0f8 f   libut:libut.dll
 0001:0003e0fe       utFree                     000000018003f0fe f   libut:libut.dll
 0001:0003e104       utMalloc                   000000018003f104 f   libut:libut.dll
 0001:0003e10a       muDoubleScalarSign         000000018003f10a f   libmwmathutil:libmwmathutil.dll
 0001:0003e110       muDoubleScalarAbs          000000018003f110 f   libmwmathutil:libmwmathutil.dll
 0001:0003e116       muDoubleScalarSin          000000018003f116 f   libmwmathutil:libmwmathutil.dll
 0001:0003e11c       muDoubleScalarCos          000000018003f11c f   libmwmathutil:libmwmathutil.dll
 0001:0003e122       muDoubleScalarPower        000000018003f122 f   libmwmathutil:libmwmathutil.dll
 0001:0003e128       emlrtCreateRootTLS         000000018003f128 f   libemlrt:libemlrt.dll
 0001:0003e12e       emlrtDestroyRootTLS        000000018003f12e f   libemlrt:libemlrt.dll
 0001:0003e134       emlrtCheckBuiltInR2012b    000000018003f134 f   libemlrt:libemlrt.dll
 0001:0003e13a       emlrtCheckVsBuiltInR2012b  000000018003f13a f   libemlrt:libemlrt.dll
 0001:0003e140       emlrtCheckEnumR2012b       000000018003f140 f   libemlrt:libemlrt.dll
 0001:0003e146       emlrtCreateEnumR2012b      000000018003f146 f   libemlrt:libemlrt.dll
 0001:0003e14c       emlrtGetEnumElementR2009a  000000018003f14c f   libemlrt:libemlrt.dll
 0001:0003e152       emlrtCreateReference       000000018003f152 f   libemlrt:libemlrt.dll
 0001:0003e158       emlrtImportVsFiArrayR2009b 000000018003f158 f   libemlrt:libemlrt.dll
 0001:0003e15e       emlrtNameCapturePostProcessR2012a 000000018003f15e f   libemlrt:libemlrt.dll
 0001:0003e164       emlrtExtractMessageId      000000018003f164 f   libemlrt:libemlrt.dll
 0001:0003e16a       emlrtTranslateMessageIDtoLCPstring 000000018003f16a f   libemlrt:libemlrt.dll
 0001:0003e170       emlrtForLoopVectorIsValidR2011b 000000018003f170 f   libemlrt:libemlrt.dll
 0001:0003e176       emlrtTranslateUTF16MessagetoLCPstring 000000018003f176 f   libemlrt:libemlrt.dll
 0001:0003e17c       emlrtGetEnumUnderlyingArrayR2009a 000000018003f17c f   libemlrt:libemlrt.dll
 0001:0003e182       emlrtIsEnumR2009a          000000018003f182 f   libemlrt:libemlrt.dll
 0001:0003e188       __GSHandlerCheckCommon     000000018003f188 f   MSVCRT:gshandler.obj
 0001:0003e1ec       __GSHandlerCheck           000000018003f1ec f   MSVCRT:gshandler.obj
 0001:0003e20a       strlen                     000000018003f20a f   MSVCRT:MSVCR100.dll
 0001:0003e220       __security_check_cookie    000000018003f220 f   MSVCRT:amdsecgs.obj
 0001:0003e240       memset                     000000018003f240 f   MSVCRT:MSVCR100.dll
 0001:0003e246       malloc                     000000018003f246 f   MSVCRT:MSVCR100.dll
 0001:0003e24c       free                       000000018003f24c f   MSVCRT:MSVCR100.dll
 0001:0003e252       strcmp                     000000018003f252 f   MSVCRT:MSVCR100.dll
 0001:0003e258       sprintf                    000000018003f258 f   MSVCRT:MSVCR100.dll
 0001:0003e25e       strcat                     000000018003f25e f   MSVCRT:MSVCR100.dll
 0001:0003e264       memcpy                     000000018003f264 f   MSVCRT:MSVCR100.dll
 0001:0003e26c       NtCurrentTeb               000000018003f26c f i MSVCRT:crtdll.obj
 0001:0003e2d8       _CRT_INIT                  000000018003f2d8 f   MSVCRT:crtdll.obj
 0001:0003e670       _DllMainCRTStartup         000000018003f670 f   MSVCRT:crtdll.obj
 0001:0003e6ae       strncpy                    000000018003f6ae f   MSVCRT:MSVCR100.dll
 0001:0003e6d0       __chkstk                   000000018003f6d0 f   MSVCRT:chkstk.obj
 0001:0003e6d0       _alloca_probe              000000018003f6d0     MSVCRT:chkstk.obj
 0001:0003e71e       longjmp                    000000018003f71e f   MSVCRT:MSVCR100.dll
 0001:0003e724       strncmp                    000000018003f724 f   MSVCRT:MSVCR100.dll
 0001:0003e72a       ceil                       000000018003f72a f   MSVCRT:MSVCR100.dll
 0001:0003e730       strrchr                    000000018003f730 f   MSVCRT:MSVCR100.dll
 0001:0003e736       _setjmp                    000000018003f736 f   MSVCRT:MSVCR100.dll
 0001:0003e73c       calloc                     000000018003f73c f   MSVCRT:MSVCR100.dll
 0001:0003e742       realloc                    000000018003f742 f   MSVCRT:MSVCR100.dll
 0001:0003e748       ldexp                      000000018003f748 f   MSVCRT:MSVCR100.dll
 0001:0003e750       __report_gsfailure         000000018003f750 f   MSVCRT:gs_report.obj
 0001:0003e89c       __clean_type_info_names    000000018003f89c f   MSVCRT:tncleanup.obj
 0001:0003e8a8       _onexit                    000000018003f8a8 f   MSVCRT:atonexit.obj
 0001:0003e958       atexit                     000000018003f958 f   MSVCRT:atonexit.obj
 0001:0003e970       _RTC_Initialize            000000018003f970 f   MSVCRT:_initsect_.obj
 0001:0003e9a8       _RTC_Terminate             000000018003f9a8 f   MSVCRT:_initsect_.obj
 0001:0003e9e0       _malloc_crt                000000018003f9e0 f   MSVCRT:MSVCR100.dll
 0001:0003e9f0       _ValidateImageBase         000000018003f9f0 f   MSVCRT:pesect.obj
 0001:0003ea20       _FindPESection             000000018003fa20 f   MSVCRT:pesect.obj
 0001:0003ea70       _IsNonwritableInCurrentImage 000000018003fa70 f   MSVCRT:pesect.obj
 0001:0003eab2       _initterm                  000000018003fab2 f   MSVCRT:MSVCR100.dll
 0001:0003eab8       _initterm_e                000000018003fab8 f   MSVCRT:MSVCR100.dll
 0001:0003eabe       _encoded_null              000000018003fabe f   MSVCRT:MSVCR100.dll
 0001:0003eac4       _amsg_exit                 000000018003fac4 f   MSVCRT:MSVCR100.dll
 0001:0003eaca       __C_specific_handler       000000018003faca f   MSVCRT:MSVCR100.dll
 0001:0003ead0       __CppXcptFilter            000000018003fad0 f   MSVCRT:MSVCR100.dll
 0001:0003ead8       DllMain                    000000018003fad8 f   MSVCRT:dllmain.obj
 0001:0003eafc       __security_init_cookie     000000018003fafc f   MSVCRT:gs_support.obj
 0001:0003ebb0       __crt_debugger_hook        000000018003fbb0 f   MSVCRT:MSVCR100.dll
 0001:0003ebb6       __clean_type_info_names_internal 000000018003fbb6 f   MSVCRT:MSVCR100.dll
 0001:0003ebbc       _unlock                    000000018003fbbc f   MSVCRT:MSVCR100.dll
 0001:0003ebc2       __dllonexit                000000018003fbc2 f   MSVCRT:MSVCR100.dll
 0001:0003ebc8       _lock                      000000018003fbc8 f   MSVCRT:MSVCR100.dll
 0001:0003ebce       EncodePointer              000000018003fbce f   kernel32:KERNEL32.dll
 0001:0003ebd4       DecodePointer              000000018003fbd4 f   kernel32:KERNEL32.dll
 0001:0003ebda       Sleep                      000000018003fbda f   kernel32:KERNEL32.dll
 0001:0003ebe0       TerminateProcess           000000018003fbe0 f   kernel32:KERNEL32.dll
 0001:0003ebe6       GetCurrentProcess          000000018003fbe6 f   kernel32:KERNEL32.dll
 0001:0003ebec       UnhandledExceptionFilter   000000018003fbec f   kernel32:KERNEL32.dll
 0001:0003ebf2       SetUnhandledExceptionFilter 000000018003fbf2 f   kernel32:KERNEL32.dll
 0001:0003ebf8       IsDebuggerPresent          000000018003fbf8 f   kernel32:KERNEL32.dll
 0001:0003ebfe       RtlVirtualUnwind           000000018003fbfe f   kernel32:KERNEL32.dll
 0001:0003ec04       RtlLookupFunctionEntry     000000018003fc04 f   kernel32:KERNEL32.dll
 0001:0003ec0a       RtlCaptureContext          000000018003fc0a f   kernel32:KERNEL32.dll
 0001:0003ec10       DisableThreadLibraryCalls  000000018003fc10 f   kernel32:KERNEL32.dll
 0001:0003ec16       QueryPerformanceCounter    000000018003fc16 f   kernel32:KERNEL32.dll
 0001:0003ec1c       GetTickCount               000000018003fc1c f   kernel32:KERNEL32.dll
 0001:0003ec22       GetCurrentThreadId         000000018003fc22 f   kernel32:KERNEL32.dll
 0001:0003ec28       GetCurrentProcessId        000000018003fc28 f   kernel32:KERNEL32.dll
 0001:0003ec2e       GetSystemTimeAsFileTime    000000018003fc2e f   kernel32:KERNEL32.dll
 0002:00000000       __imp_DisableThreadLibraryCalls 0000000180040000     kernel32:KERNEL32.dll
 0002:00000008       __imp_RtlCaptureContext    0000000180040008     kernel32:KERNEL32.dll
 0002:00000010       __imp_RtlLookupFunctionEntry 0000000180040010     kernel32:KERNEL32.dll
 0002:00000018       __imp_RtlVirtualUnwind     0000000180040018     kernel32:KERNEL32.dll
 0002:00000020       __imp_IsDebuggerPresent    0000000180040020     kernel32:KERNEL32.dll
 0002:00000028       __imp_SetUnhandledExceptionFilter 0000000180040028     kernel32:KERNEL32.dll
 0002:00000030       __imp_UnhandledExceptionFilter 0000000180040030     kernel32:KERNEL32.dll
 0002:00000038       __imp_GetCurrentProcess    0000000180040038     kernel32:KERNEL32.dll
 0002:00000040       __imp_TerminateProcess     0000000180040040     kernel32:KERNEL32.dll
 0002:00000048       __imp_Sleep                0000000180040048     kernel32:KERNEL32.dll
 0002:00000050       __imp_DecodePointer        0000000180040050     kernel32:KERNEL32.dll
 0002:00000058       __imp_EncodePointer        0000000180040058     kernel32:KERNEL32.dll
 0002:00000060       __imp_GetTickCount         0000000180040060     kernel32:KERNEL32.dll
 0002:00000068       __imp_GetCurrentThreadId   0000000180040068     kernel32:KERNEL32.dll
 0002:00000070       __imp_GetCurrentProcessId  0000000180040070     kernel32:KERNEL32.dll
 0002:00000078       __imp_GetSystemTimeAsFileTime 0000000180040078     kernel32:KERNEL32.dll
 0002:00000080       __imp_QueryPerformanceCounter 0000000180040080     kernel32:KERNEL32.dll
 0002:00000088       \177KERNEL32_NULL_THUNK_DATA 0000000180040088     kernel32:KERNEL32.dll
 0002:00000090       __imp__onexit              0000000180040090     MSVCRT:MSVCR100.dll
 0002:00000098       __imp__lock                0000000180040098     MSVCRT:MSVCR100.dll
 0002:000000a0       __imp___dllonexit          00000001800400a0     MSVCRT:MSVCR100.dll
 0002:000000a8       __imp__unlock              00000001800400a8     MSVCRT:MSVCR100.dll
 0002:000000b0       __imp___clean_type_info_names_internal 00000001800400b0     MSVCRT:MSVCR100.dll
 0002:000000b8       __imp___crt_debugger_hook  00000001800400b8     MSVCRT:MSVCR100.dll
 0002:000000c0       __imp___CppXcptFilter      00000001800400c0     MSVCRT:MSVCR100.dll
 0002:000000c8       __imp___C_specific_handler 00000001800400c8     MSVCRT:MSVCR100.dll
 0002:000000d0       __imp__amsg_exit           00000001800400d0     MSVCRT:MSVCR100.dll
 0002:000000d8       __imp__encoded_null        00000001800400d8     MSVCRT:MSVCR100.dll
 0002:000000e0       __imp__initterm_e          00000001800400e0     MSVCRT:MSVCR100.dll
 0002:000000e8       __imp__initterm            00000001800400e8     MSVCRT:MSVCR100.dll
 0002:000000f0       __imp__malloc_crt          00000001800400f0     MSVCRT:MSVCR100.dll
 0002:000000f8       __imp_ldexp                00000001800400f8     MSVCRT:MSVCR100.dll
 0002:00000100       __imp_realloc              0000000180040100     MSVCRT:MSVCR100.dll
 0002:00000108       __imp_calloc               0000000180040108     MSVCRT:MSVCR100.dll
 0002:00000110       __imp__setjmp              0000000180040110     MSVCRT:MSVCR100.dll
 0002:00000118       __imp_strrchr              0000000180040118     MSVCRT:MSVCR100.dll
 0002:00000120       __imp_ceil                 0000000180040120     MSVCRT:MSVCR100.dll
 0002:00000128       __imp_strncmp              0000000180040128     MSVCRT:MSVCR100.dll
 0002:00000130       __imp_longjmp              0000000180040130     MSVCRT:MSVCR100.dll
 0002:00000138       __imp_strncpy              0000000180040138     MSVCRT:MSVCR100.dll
 0002:00000140       __imp_memcpy               0000000180040140     MSVCRT:MSVCR100.dll
 0002:00000148       __imp_strcat               0000000180040148     MSVCRT:MSVCR100.dll
 0002:00000150       __imp_sprintf              0000000180040150     MSVCRT:MSVCR100.dll
 0002:00000158       __imp_strcmp               0000000180040158     MSVCRT:MSVCR100.dll
 0002:00000160       __imp_free                 0000000180040160     MSVCRT:MSVCR100.dll
 0002:00000168       __imp_malloc               0000000180040168     MSVCRT:MSVCR100.dll
 0002:00000170       __imp_memset               0000000180040170     MSVCRT:MSVCR100.dll
 0002:00000178       __imp_strlen               0000000180040178     MSVCRT:MSVCR100.dll
 0002:00000180       \177MSVCR100_NULL_THUNK_DATA 0000000180040180     MSVCRT:MSVCR100.dll
 0002:00000188       __imp_emlrtIsEnumR2009a    0000000180040188     libemlrt:libemlrt.dll
 0002:00000190       __imp_emlrtGetEnumUnderlyingArrayR2009a 0000000180040190     libemlrt:libemlrt.dll
 0002:00000198       __imp_emlrtTranslateUTF16MessagetoLCPstring 0000000180040198     libemlrt:libemlrt.dll
 0002:000001a0       __imp_emlrtForLoopVectorIsValidR2011b 00000001800401a0     libemlrt:libemlrt.dll
 0002:000001a8       __imp_emlrtTranslateMessageIDtoLCPstring 00000001800401a8     libemlrt:libemlrt.dll
 0002:000001b0       __imp_emlrtExtractMessageId 00000001800401b0     libemlrt:libemlrt.dll
 0002:000001b8       __imp_emlrtNameCapturePostProcessR2012a 00000001800401b8     libemlrt:libemlrt.dll
 0002:000001c0       __imp_emlrtCheckBuiltInR2012b 00000001800401c0     libemlrt:libemlrt.dll
 0002:000001c8       __imp_emlrtDestroyRootTLS  00000001800401c8     libemlrt:libemlrt.dll
 0002:000001d0       __imp_emlrtCreateRootTLS   00000001800401d0     libemlrt:libemlrt.dll
 0002:000001d8       __imp_emlrtCheckEnumR2012b 00000001800401d8     libemlrt:libemlrt.dll
 0002:000001e0       __imp_emlrtCreateEnumR2012b 00000001800401e0     libemlrt:libemlrt.dll
 0002:000001e8       __imp_emlrtGetEnumElementR2009a 00000001800401e8     libemlrt:libemlrt.dll
 0002:000001f0       __imp_emlrtCreateReference 00000001800401f0     libemlrt:libemlrt.dll
 0002:000001f8       __imp_emlrtImportVsFiArrayR2009b 00000001800401f8     libemlrt:libemlrt.dll
 0002:00000200       __imp_emlrtCheckVsBuiltInR2012b 0000000180040200     libemlrt:libemlrt.dll
 0002:00000208       \177libemlrt_NULL_THUNK_DATA 0000000180040208     libemlrt:libemlrt.dll
 0002:00000210       __imp_ssRegisterDataTypeFxpFSlopeFixExpBias 0000000180040210     libfixedpoint:libfixedpoint.dll
 0002:00000218       \177libfixedpoint_NULL_THUNK_DATA 0000000180040218     libfixedpoint:libfixedpoint.dll
 0002:00000220       __imp_mexFunctionName      0000000180040220     libmex:libmex.dll
 0002:00000228       __imp_mexMakeMemoryPersistent 0000000180040228     libmex:libmex.dll
 0002:00000230       __imp_mexLock              0000000180040230     libmex:libmex.dll
 0002:00000238       __imp_mexPutVariable       0000000180040238     libmex:libmex.dll
 0002:00000240       __imp_mexSetTrapFlag       0000000180040240     libmex:libmex.dll
 0002:00000248       __imp_mexMakeArrayPersistent 0000000180040248     libmex:libmex.dll
 0002:00000250       __imp_mexErrMsgTxt         0000000180040250     libmex:libmex.dll
 0002:00000258       __imp_mexCallMATLAB        0000000180040258     libmex:libmex.dll
 0002:00000260       __imp_mexUnlock            0000000180040260     libmex:libmex.dll
 0002:00000268       __imp_mexIsLocked          0000000180040268     libmex:libmex.dll
 0002:00000270       __imp_mexWarnMsgTxt        0000000180040270     libmex:libmex.dll
 0002:00000278       __imp_mexGetVariable       0000000180040278     libmex:libmex.dll
 0002:00000280       \177libmex_NULL_THUNK_DATA 0000000180040280     libmex:libmex.dll
 0002:00000288       __imp_muDoubleScalarSin    0000000180040288     libmwmathutil:libmwmathutil.dll
 0002:00000290       __imp_muDoubleScalarAbs    0000000180040290     libmwmathutil:libmwmathutil.dll
 0002:00000298       __imp_muDoubleScalarSign   0000000180040298     libmwmathutil:libmwmathutil.dll
 0002:000002a0       __imp_muDoubleScalarPower  00000001800402a0     libmwmathutil:libmwmathutil.dll
 0002:000002a8       __imp_muDoubleScalarCos    00000001800402a8     libmwmathutil:libmwmathutil.dll
 0002:000002b0       \177libmwmathutil_NULL_THUNK_DATA 00000001800402b0     libmwmathutil:libmwmathutil.dll
 0002:000002b8       __imp_mxGetN               00000001800402b8     libmx:libmx.dll
 0002:000002c0       __imp_mxGetM               00000001800402c0     libmx:libmx.dll
[...]
 0001:000142f0       sf_mex_check_fimath        00000001800152f0 f   sfc_mex:sfc_mex.obj
 0001:00014ea0       size_mismatch_error        0000000180015ea0 f   sfc_mex:sfc_mex.obj
 0001:00015940       check_array_dimensions     0000000180016940 f   sfc_mex:sfc_mex.obj
 0001:000159b0       check_input_mxarray        00000001800169b0 f   sfc_mex:sfc_mex.obj
 0001:000160f0       sf_numeric_value_to_double 00000001800170f0 f   sfc_mex:sfc_mex.obj
 0001:00016140       ml_generic_out_of_bounds_check 0000000180017140 f   sfc_mex:sfc_mex.obj
 0001:00016310       ml_get_element_value_from_array 0000000180017310 f   sfc_mex:sfc_mex.obj
 0001:000166b0       _ml_generic_castability_check 00000001800176b0 f   sfc_mex:sfc_mex.obj
 0001:00017410       ml_generic_castability_check 0000000180018410 f   sfc_mex:sfc_mex.obj
 0001:000174b0       ml_check_mx_array_for_single_castability 00000001800184b0 f   sfc_mex:sfc_mex.obj
 0001:00017550       ml_check_mx_array_for_logical_castability 0000000180018550 f   sfc_mex:sfc_mex.obj
 0001:000175f0       ml_check_mx_array_for_int8_castability 00000001800185f0 f   sfc_mex:sfc_mex.obj
 0001:000176a0       ml_check_mx_array_for_uint8_castability 00000001800186a0 f   sfc_mex:sfc_mex.obj
 0001:00017700       ml_check_mx_array_for_int16_castability 0000000180018700 f   sfc_mex:sfc_mex.obj
 0001:00017760       ml_check_mx_array_for_uint16_castability 0000000180018760 f   sfc_mex:sfc_mex.obj
 0001:000177c0       ml_check_mx_array_for_int32_castability 00000001800187c0 f   sfc_mex:sfc_mex.obj
 0001:00017820       ml_check_mx_array_for_uint32_castability 0000000180018820 f   sfc_mex:sfc_mex.obj
 0001:00017880       ml_check_mx_array_for_castability 0000000180018880 f   sfc_mex:sfc_mex.obj
 0001:000181b0       set_data_value             00000001800191b0 f   sfc_mex:sfc_mex.obj
 0001:00018520       get_data_value             0000000180019520 f   sfc_mex:sfc_mex.obj
 0001:00018630       get_next_element_address   0000000180019630 f   sfc_mex:sfc_mex.obj
 0001:00018700       sf_normalize_index         0000000180019700 f   sfc_mex:sfc_mex.obj
 0001:00018a90       ml_array_index_bound_check 0000000180019a90 f   sfc_mex:sfc_mex.obj
 0001:000195b0       mx_value                   000000018001a5b0 f   sfc_mex:sfc_mex.obj
 0001:00019600       sf_create_numeric_array    000000018001a600 f   sfc_mex:sfc_mex.obj
 0001:000196a0       sf_mex_assign_to_mx_array  000000018001a6a0 f   sfc_mex:sfc_mex.obj
 0001:000199f0       assign_from_mx_array       000000018001a9f0 f   sfc_mex:sfc_mex.obj
 0001:0001a220       sf_mex_import_v            000000018001b220 f   sfc_mex:sfc_mex.obj
 0001:0001a920       get_machine_and_chart_file_number 000000018001b920 f   sfc_mex:sfc_sf.obj
 0001:0001aa10       get_sfun_block_specialization 000000018001ba10 f   sfc_mex:sfc_sf.obj
 0001:0001aac0       call_sf_machine_global_method_dispatcher 000000018001bac0 f   sfc_mex:sfc_sf.obj
 0001:0001ad10       mdl_zeroCrossings_processing 000000018001bd10 f   sfc_mex:sfc_sf.obj
 0001:0001ade0       mdl_derivatives_processing 000000018001bde0 f   sfc_mex:sfc_sf.obj
 0001:0001b0a0       mdl_outputs_continuous_legacy 000000018001c0a0 f   sfc_mex:sfc_sf.obj
 0001:0001b120       mdl_outputs_processing     000000018001c120 f   sfc_mex:sfc_sf.obj
 0001:0001b390       mdl_enable_processing      000000018001c390 f   sfc_mex:sfc_sf.obj
 0001:0001b460       mdl_disable_processing     000000018001c460 f   sfc_mex:sfc_sf.obj
 0001:0001c1d0       sf_call_output_fcn_enable_disable 000000018001d1d0 f   sfc_mex:sfc_sf.obj
 0001:0001c450       set_dwork_information_from_mx_array 000000018001d450 f   sfc_mex:sfc_sf.obj
 0001:0001cd10       ptr2mxStruct               000000018001dd10 f   sfc_mex:sfc_sf.obj
 0001:0001d020       SNPRINTF_WRAPPER           000000018001e020 f   sfc_debug:sfcdebug.obj
 0001:0001d040       sf_debug_chart_instance_initialized_quick 000000018001e040 f   sfc_debug:sfcdebug.obj
 0001:0001d050       sf_debug_chart_instance_initialized 000000018001e050 f   sfc_debug:sfcdebug.obj
 0001:0001d1f0       sfrtAddSize                000000018001e1f0 f   sfc_debug:sfcdebug.obj
 0001:0001d2b0       sfrtGenSizeString          000000018001e2b0 f   sfc_debug:sfcdebug.obj
 0001:0001d9c0       fill_single_message_info   000000018001e9c0 f   sfc_debug:sfcdebug.obj
 0001:0001db80       sf_debug_sim_status_listener 000000018001eb80 f   sfc_debug:sfcdebug.obj
 0001:0001e0f0       sf_debug_form_mask_bits    000000018001f0f0 f   sfc_debug:sfcdebug.obj
 0001:0001e130       sf_debug_form_sf_data_type_offsets 000000018001f130 f   sfc_debug:sfcdebug.obj
 0001:0001e1f0       sf_debug_free_all          000000018001f1f0 f   sfc_debug:sfcdebug.obj
 0001:0001e3a0       sf_debug_append_debugger_context 000000018001f3a0 f   sfc_debug:sfcdebug.obj
 0001:0001e540       sf_debug_update_always_honor_breakpoints 000000018001f540 f   sfc_debug:sfcdebug.obj
 0001:0001e710       local_strdup               000000018001f710 f   sfc_debug:sfcdebug.obj
 0001:0001f5f0       sf_debug_em_terminate      00000001800205f0 f   sfc_debug:sfcdebug.obj
 0001:0001f630       sf_debug_push_eml_function 0000000180020630 f   sfc_debug:sfcdebug.obj
 0001:0001f6d0       sf_debug_pop_eml_function  00000001800206d0 f   sfc_debug:sfcdebug.obj
 0001:000203d0       sf_debug_get_machine_number_from_id_or_name 00000001800213d0 f   sfc_debug:sfcdebug.obj
 0001:00020520       sf_debug_get_chart_number_from_id 0000000180021520 f   sfc_debug:sfcdebug.obj
 0001:000212c0       sf_debug_transfer_control_to_debugger_GUI 00000001800222c0 f   sfc_debug:sfcdebug.obj
 0001:00022250       sf_debug_scripts_rehash    0000000180023250 f   sfc_debug:sfcdebug.obj
 0001:00022490       sf_debug_get_script_line_count 0000000180023490 f   sfc_debug:sfcdebug.obj
 0001:00022dc0       cv_eml_state_cvId          0000000180023dc0 f   sfc_debug:sfcdebug.obj
 0001:00022e30       cv_eml_trans_cvId          0000000180023e30 f   sfc_debug:sfcdebug.obj
 0001:000241c0       sf_debug_data_array_bounds_error 00000001800251c0 f   sfc_debug:sfcdebug.obj
 0001:000245f0       eml_debug_runtime_error_doclink 00000001800255f0 f   sfc_debug:sfcdebug.obj
 0001:00024750       sf_debug_runtime_error     0000000180025750 f   sfc_debug:sfcdebug.obj
 0001:000247c0       sf_debug_matlab_error      00000001800257c0 f   sfc_debug:sfcdebug.obj
 0001:00025100       sf_debug_data_value_error  0000000180026100 f   sfc_debug:sfcdebug.obj
 0001:00025a00       sf_debug_data_loss_error   0000000180026a00 f   sfc_debug:sfcdebug.obj
 0001:00026990       call_cv_range_check        0000000180027990 f   sfc_debug:sfcdebug.obj
 0001:00027160       sf_debug_invoke_cycle_detection_code 0000000180028160 f   sfc_debug:sfcdebug.obj
 0001:00027fe0       sf_reset_debug_info_struct 0000000180028fe0 f   sfc_debug:sfcdebug.obj
 0001:00028840       cv_script_cvId             0000000180029840 f   sfc_debug:sfcdebug.obj
 0001:000295a0       sfc_api_chart_visible      000000018002a5a0 f   sfc_debug:sfc_api.obj
 0001:00029620       sfc_api_active_instance    000000018002a620 f   sfc_debug:sfc_api.obj
 0001:000296a0       sfc_api_machine_load       000000018002a6a0 f   sfc_debug:sfc_api.obj
 0001:00029770       sfc_api_debugger_alive     000000018002a770 f   sfc_debug:sfc_api.obj
 0001:00029780       sfc_api_go                 000000018002a780 f   sfc_debug:sfc_api.obj
 0001:00029790       sfc_api_step_over          000000018002a790 f   sfc_debug:sfc_api.obj
 0001:000297a0       sfc_api_step_out           000000018002a7a0 f   sfc_debug:sfc_api.obj
 0001:000297b0       sfc_api_resume             000000018002a7b0 f   sfc_debug:sfc_api.obj
 0001:000297c0       sfc_api_break              000000018002a7c0 f   sfc_debug:sfc_api.obj
 0001:000297d0       sfc_api_stop_debugging     000000018002a7d0 f   sfc_debug:sfc_api.obj
 0001:00029820       sfc_api_is_cycle_detected  000000018002a820 f   sfc_debug:sfc_api.obj
 0001:00029870       sfc_api_is_array_bounds_detected 000000018002a870 f   sfc_debug:sfc_api.obj
 0001:000298c0       sfc_api_set_disable_all_breakpoints 000000018002a8c0 f   sfc_debug:sfc_api.obj
 0001:00029930       sfc_api_disable_all_breakpoints_and_go 000000018002a930 f   sfc_debug:sfc_api.obj
 0001:00029940       sfc_api_close              000000018002a940 f   sfc_debug:sfc_api.obj
 0001:00029950       sfc_api_browse_data        000000018002a950 f   sfc_debug:sfc_api.obj
 0001:000299c0       sfc_api_watch_data         000000018002a9c0 f   sfc_debug:sfc_api.obj
 0001:00029ac0       sfc_api_extract_message_post_receive_info 000000018002aac0 f   sfc_debug:sfc_api.obj
 0001:00029ae0       sfc_api_assign_data        000000018002aae0 f   sfc_debug:sfc_api.obj
 0001:00029b80       sfc_api_whos               000000018002ab80 f   sfc_debug:sfc_api.obj
 0001:00029c10       sfc_api_get_consistency_info 000000018002ac10 f   sfc_debug:sfc_api.obj
 0001:00029c20       sfc_api_browse_trace       000000018002ac20 f   sfc_debug:sfc_api.obj
 0001:00029c30       sfc_api_break_on_chart_entry 000000018002ac30 f   sfc_debug:sfc_api.obj
 0001:00029c50       sfc_api_break_on_event_broadcast 000000018002ac50 f   sfc_debug:sfc_api.obj
 0001:00029c70       sfc_api_break_on_state_entry 000000018002ac70 f   sfc_debug:sfc_api.obj
 0001:00029c90       sfc_api_set_watch          000000018002ac90 f   sfc_debug:sfc_api.obj
 0001:00029d30       sfc_api_set_breakpoints    000000018002ad30 f   sfc_debug:sfc_api.obj
 0001:00029dd0       sfc_api_set_eml_breakpoints 000000018002add0 f   sfc_debug:sfc_api.obj
 0001:00029e50       sfc_api_set_script_breakpoints 000000018002ae50 f   sfc_debug:sfc_api.obj
 0001:00029ea0       sfc_api_add_script_breakpoints 000000018002aea0 f   sfc_debug:sfc_api.obj
 0001:00029ef0       sfc_api_clear_script_breakpoints 000000018002aef0 f   sfc_debug:sfc_api.obj
 0001:00029f40       sfc_api_query_script_breakpoints 000000018002af40 f   sfc_debug:sfc_api.obj
 0001:00029fa0       sfc_api_get_script_id      000000018002afa0 f   sfc_debug:sfc_api.obj
 0001:0002a060       sfc_api_get_active_states  000000018002b060 f   sfc_debug:sfc_api.obj
 0001:0002a0e0       sfc_api_break_between_times 000000018002b0e0 f   sfc_debug:sfc_api.obj
 0001:0002a140       sfc_api_get_instance_handle 000000018002b140 f   sfc_debug:sfc_api.obj
 0001:0002a1f0       sfc_api_set_animation      000000018002b1f0 f   sfc_debug:sfc_api.obj
 0001:0002a240       sfc_api_select_chart       000000018002b240 f   sfc_debug:sfc_api.obj
 0001:0002a2a0       sfc_api_select_charts      000000018002b2a0 f   sfc_debug:sfc_api.obj
 0001:0002a2d0       sfc_api_cycle_detection_check 000000018002b2d0 f   sfc_debug:sfc_api.obj
 0001:0002a320       sfc_api_data_range_check   000000018002b320 f   sfc_debug:sfc_api.obj
 0001:0002a370       sfc_api_transition_conflict_check 000000018002b370 f   sfc_debug:sfc_api.obj
 0001:0002a3c0       sfc_api_state_consistency_check 000000018002b3c0 f   sfc_debug:sfc_api.obj
 0001:0002a410       sfc_api_set_instance_cv_ids 000000018002b410 f   sfc_debug:sfc_api.obj
 0001:0002a520       sfc_api_set_script_cv_ids  000000018002b520 f   sfc_debug:sfc_api.obj
 0001:0002a5d0       sfc_api_get_current_machine_id 000000018002b5d0 f   sfc_debug:sfc_api.obj
 0001:0002a600       sfc_api_get_current_machine_number 000000018002b600 f   sfc_debug:sfc_api.obj
 0001:0002a630       sfc_api_get_current_chart_number 000000018002b630 f   sfc_debug:sfc_api.obj
 0001:0002a660       sfc_api_get_current_instance_number 000000018002b660 f   sfc_debug:sfc_api.obj
 0001:0002a690       sfc_api_get_current_instance_handle 000000018002b690 f   sfc_debug:sfc_api.obj
 0001:0002a6b0       sfc_api_get_current_is_minor_time_step 000000018002b6b0 f   sfc_debug:sfc_api.obj
 0001:0002a6e0       sfc_api_get_current_machine_name 000000018002b6e0 f   sfc_debug:sfc_api.obj
 0001:0002a700       sfc_api_get_current_chart_id 000000018002b700 f   sfc_debug:sfc_api.obj
 0001:0002a730       sfc_api_get_current_object_type 000000018002b730 f   sfc_debug:sfc_api.obj
 0001:0002a760       sfc_api_get_current_event_type 000000018002b760 f   sfc_debug:sfc_api.obj
 0001:0002a790       sfc_api_get_current_object_id 000000018002b790 f   sfc_debug:sfc_api.obj
 0001:0002a7c0       sfc_get_current_active_event_type 000000018002b7c0 f   sfc_debug:sfc_api.obj
 0001:0002a7f0       sfc_api_get_current_active_event_id 000000018002b7f0 f   sfc_debug:sfc_api.obj
 0001:0002a820       sfc_api_get_current_simulation_time 000000018002b820 f   sfc_debug:sfc_api.obj
 0001:0002a840       sfc_get_current_tag_type   000000018002b840 f   sfc_debug:sfc_api.obj
 0001:0002a870       sfc_get_current_coverage_percentage 000000018002b870 f   sfc_debug:sfc_api.obj
 0001:0002a890       sfc_get_current_statement_context 000000018002b890 f   sfc_debug:sfc_api.obj
 0001:0002a8b0       sfc_get_current_optional_integer 000000018002b8b0 f   sfc_debug:sfc_api.obj
 0001:0002a8e0       sfc_get_current_statement_info 000000018002b8e0 f   sfc_debug:sfc_api.obj
 0001:0002a980       sfc_api_get                000000018002b980 f   sfc_debug:sfc_api.obj
 0001:0002b5f0       sf_debug_sm_fill_state_activity_data 000000018002c5f0 f   sfc_debug:sfdb_animation.obj
 0001:0002def0       void_ptr_stack_vector_free_total 000000018002eef0 f   sfc_debug:sfdb_data_browse.obj
 0001:0002df80       sf_debug_st_terminate_machine 000000018002ef80 f   sfc_debug:sfdb_data_browse.obj
 0001:0002dfc0       sf_debug_st_terminate_instance 000000018002efc0 f   sfc_debug:sfdb_data_browse.obj
 0001:0002e370       push_on_to_void_ptr_stack  000000018002f370 f   sfc_debug:sfdb_data_browse.obj
 0001:0002e500       pop_from_void_ptr_stack    000000018002f500 f   sfc_debug:sfdb_data_browse.obj
 0001:0002e630       sf_debug_st_get_data_value 000000018002f630 f   sfc_debug:sfdb_data_browse.obj
 0001:0002ebc0       mx_value                   000000018002fbc0 f   sfc_debug:sfdb_data_browse.obj
 0001:0002ec00       sf_debug_st_fill_data_struct 000000018002fc00 f   sfc_debug:sfdb_data_browse.obj
 0001:0002ef40       data_type_format_strings   000000018002ff40 f   sfc_debug:sfdb_data_browse.obj
 0001:0002eff0       sf_debug_st_fill_data      000000018002fff0 f   sfc_debug:sfdb_data_browse.obj
 0001:0002fd40       sf_debug_hm_get_simulink_handle 0000000180030d40 f   sfc_debug:sfdb_handle_management.obj
 0001:00030840       sf_debug_hm_initialize_globals 0000000180031840 f   sfc_debug:sfdb_handle_management.obj
 0001:00030940       sf_debug_hm_get_machine_debug_flag 0000000180031940 f   sfc_debug:sfdb_handle_management.obj
 0001:00030ab0       sf_debug_hm_get_machine_id 0000000180031ab0 f   sfc_debug:sfdb_handle_management.obj
 0001:00030bd0       sf_debug_hm_get_chart_id   0000000180031bd0 f   sfc_debug:sfdb_handle_management.obj
 0001:00030d70       sf_debug_hm_register_executing_SFunction 0000000180031d70 f   sfc_debug:sfdb_handle_management.obj
 0001:00031100       sf_debug_hm_form_object_boolean_properties 0000000180032100 f   sfc_debug:sfdb_handle_management.obj
 0001:000313d0       sf_debug_hm_form_object_properties 00000001800323d0 f   sfc_debug:sfdb_handle_management.obj
 0001:00031610       sf_debug_hm_terminate_charts 0000000180032610 f   sfc_debug:sfdb_handle_management.obj
 0001:00031d70       sf_debug_hm_terminate_machines 0000000180032d70 f   sfc_debug:sfdb_handle_management.obj
 0001:00033970       sf_debug_ss_copy_dimension 0000000180034970 f   sfc_debug:sfdb_symbol_scope.obj
 0001:00033a30       sf_debug_ss_get_number_elements 0000000180034a30 f   sfc_debug:sfdb_symbol_scope.obj
 0001:00033a50       sf_debug_ss_fill_data_struct 0000000180034a50 f   sfc_debug:sfdb_symbol_scope.obj
 0001:00033da0       sf_debug_ss_reset_data_info 0000000180034da0 f   sfc_debug:sfdb_symbol_scope.obj
 0001:00033e00       sf_debug_fill_data_info_by_symbol_scope_entry 0000000180034e00 f   sfc_debug:sfdb_symbol_scope.obj
 0001:00033ec0       sf_debug_fill_data_info_by_data_vector 0000000180034ec0 f   sfc_debug:sfdb_symbol_scope.obj
 0001:00034110       get_data_info_helper       0000000180035110 f   sfc_debug:sfdb_symbol_scope.obj
 0001:00034210       sf_debug_ss_get_data_info  0000000180035210 f   sfc_debug:sfdb_symbol_scope.obj
 0001:00034440       sf_debug_select_mex_function 0000000180035440 f   sfc_debug:sfdb_symbol_scope.obj
 0001:00034470       sf_debug_is_dyn_matrix_initialized 0000000180035470 f   sfc_debug:sfdb_symbol_scope.obj
 0001:00034490       sf_debug_ss_set_data_value_try 0000000180035490 f   sfc_debug:sfdb_symbol_scope.obj
 0001:00034660       sf_debug_ss_get_data_value 0000000180035660 f   sfc_debug:sfdb_symbol_scope.obj
 0001:00034dd0       sf_debug_ss_data_bytes_string 0000000180035dd0 f   sfc_debug:sfdb_symbol_scope.obj
 0001:00034e80       sf_debug_ss_data_class_string 0000000180035e80 f   sfc_debug:sfdb_symbol_scope.obj
 0001:00035210       sf_debug_ss_data_size_string 0000000180036210 f   sfc_debug:sfdb_symbol_scope.obj
 0001:000352f0       sf_debug_ss_data_create_data_info_struct 00000001800362f0 f   sfc_debug:sfdb_symbol_scope.obj
 0001:000355c0       sf_debug_ss_data_create_name_value_pair 00000001800365c0 f   sfc_debug:sfdb_symbol_scope.obj
 0001:00035660       sf_debug_ss_data_get_whos_info 0000000180036660 f   sfc_debug:sfdb_symbol_scope.obj
 0001:00035670       same_named_data_in_data_array 0000000180036670 f   sfc_debug:sfdb_symbol_scope.obj
 0001:00036f00       sf_debug_cc_terminate_chart 0000000180037f00 f   sfc_debug:sfdb_coverage.obj
 0001:000372a0       sf_debug_cc_terminate_instance 00000001800382a0 f   sfc_debug:sfdb_coverage.obj
 0001:00037e90       sf_debug_cc_mark_object_if_needed 0000000180038e90 f   sfc_debug:sfdb_coverage.obj
 0001:00038790       sf_debug_bm_initialize_eml 0000000180039790 f   sfc_debug:sfdb_breakpoints.obj
 0001:000398d0       sf_debug_bm_map_debug_tag_to_breakpoint_tag 000000018003a8d0 f   sfc_debug:sfdb_breakpoints.obj
 0001:000399b0       sf_debug_bm_is_a_eml_breakpoint_impl 000000018003a9b0 f   sfc_debug:sfdb_breakpoints.obj
 0001:0003b4f0       sf_debug_sc_push_on_error_stack 000000018003c4f0 f   sfc_debug:sfdb_state_consistency.obj
 0001:0003b620       sf_debug_sc_reset_error_stack 000000018003c620 f   sfc_debug:sfdb_state_consistency.obj
 0001:0003b7b0       sf_debug_sc_is_state_inconsistent 000000018003c7b0 f   sfc_debug:sfdb_state_consistency.obj
 0001:0003bab0       sf_debug_sc_fill_consistency_info 000000018003cab0 f   sfc_debug:sfdb_state_consistency.obj
 0001:0003c090       void_assertion_fcn         000000018003d090 f   sfc_debug:sfdb_call_stack.obj
 0001:0003c610       sf_debug_tm_fill_local_trace 000000018003d610 f   sfc_debug:sfdb_call_stack.obj
 0001:0003cbe0       sf_debug_cd_terminate_instance 000000018003dbe0 f   sfc_debug:sfdb_cycle_detection.obj
 0001:0003cc40       sf_debug_cd_free_checksum_stack 000000018003dc40 f   sfc_debug:sfdb_cycle_detection.obj
 0001:0003cc90       sf_debug_cd_reset_pack_strings 000000018003dc90 f   sfc_debug:sfdb_cycle_detection.obj
 0001:0003d350       md5file_clear              000000018003e350 f   sfc_debug:ckmd5.obj
 0001:0003d380       Encode                     000000018003e380 f   sfc_debug:ckmd5.obj
 0001:0003d3d0       Decode                     000000018003e3d0 f   sfc_debug:ckmd5.obj
 0001:0003d470       MD5Transform               000000018003e470 f   sfc_debug:ckmd5.obj
 0001:0003dcc0       md5file_addn               000000018003ecc0 f   sfc_debug:ckmd5.obj
 0001:0003dd90       md5file_hash               000000018003ed90 f   sfc_debug:ckmd5.obj
 0001:0003e278       pre_c_init                 000000018003f278 f   MSVCRT:crtdll.obj
 0001:0003e534       __DllMainCRTStartup        000000018003f534 f   MSVCRT:crtdll.obj
 0001:0003ec40       __DllMainCRTStartup$filt$0 000000018003fc40 f   MSVCRT:crtdll.obj
 0001:0003ec70       __DllMainCRTStartup$fin$1  000000018003fc70 f   MSVCRT:crtdll.obj
 0001:0003ec8a       _onexit$fin$0              000000018003fc8a f   MSVCRT:atonexit.obj
 0001:0003ecb0       _IsNonwritableInCurrentImage$filt$0 000000018003fcb0 f   MSVCRT:pesect.obj
